Archive member included to satisfy reference by file (symbol)

c:/program files (x86)/atmel/studio/7.0/toolchain/arm/arm-gnu-toolchain/bin/../lib/gcc/arm-none-eabi/5.3.1/../../../../arm-none-eabi/lib/armv7e-m\libc.a(lib_a-exit.o)
                              c:/program files (x86)/atmel/studio/7.0/toolchain/arm/arm-gnu-toolchain/bin/../lib/gcc/arm-none-eabi/5.3.1/../../../../arm-none-eabi/lib/armv7e-m/crt0.o (exit)
c:/program files (x86)/atmel/studio/7.0/toolchain/arm/arm-gnu-toolchain/bin/../lib/gcc/arm-none-eabi/5.3.1/../../../../arm-none-eabi/lib/armv7e-m\libc.a(lib_a-impure.o)
                              c:/program files (x86)/atmel/studio/7.0/toolchain/arm/arm-gnu-toolchain/bin/../lib/gcc/arm-none-eabi/5.3.1/../../../../arm-none-eabi/lib/armv7e-m\libc.a(lib_a-exit.o) (_global_impure_ptr)
c:/program files (x86)/atmel/studio/7.0/toolchain/arm/arm-gnu-toolchain/bin/../lib/gcc/arm-none-eabi/5.3.1/../../../../arm-none-eabi/lib/armv7e-m\libc.a(lib_a-init.o)
                              c:/program files (x86)/atmel/studio/7.0/toolchain/arm/arm-gnu-toolchain/bin/../lib/gcc/arm-none-eabi/5.3.1/../../../../arm-none-eabi/lib/armv7e-m/crt0.o (__libc_init_array)
c:/program files (x86)/atmel/studio/7.0/toolchain/arm/arm-gnu-toolchain/bin/../lib/gcc/arm-none-eabi/5.3.1/../../../../arm-none-eabi/lib/armv7e-m\libc.a(lib_a-memset.o)
                              c:/program files (x86)/atmel/studio/7.0/toolchain/arm/arm-gnu-toolchain/bin/../lib/gcc/arm-none-eabi/5.3.1/../../../../arm-none-eabi/lib/armv7e-m/crt0.o (memset)
c:/program files (x86)/atmel/studio/7.0/toolchain/arm/arm-gnu-toolchain/bin/../lib/gcc/arm-none-eabi/5.3.1/../../../../arm-none-eabi/lib/armv7e-m\libc.a(lib_a-__call_atexit.o)
                              c:/program files (x86)/atmel/studio/7.0/toolchain/arm/arm-gnu-toolchain/bin/../lib/gcc/arm-none-eabi/5.3.1/../../../../arm-none-eabi/lib/armv7e-m\libc.a(lib_a-exit.o) (__call_exitprocs)
c:/program files (x86)/atmel/studio/7.0/toolchain/arm/arm-gnu-toolchain/bin/../lib/gcc/arm-none-eabi/5.3.1/../../../../arm-none-eabi/lib/armv7e-m\libc.a(lib_a-atexit.o)
                              c:/program files (x86)/atmel/studio/7.0/toolchain/arm/arm-gnu-toolchain/bin/../lib/gcc/arm-none-eabi/5.3.1/../../../../arm-none-eabi/lib/armv7e-m\libc.a(lib_a-__call_atexit.o) (atexit)
c:/program files (x86)/atmel/studio/7.0/toolchain/arm/arm-gnu-toolchain/bin/../lib/gcc/arm-none-eabi/5.3.1/../../../../arm-none-eabi/lib/armv7e-m\libc.a(lib_a-fini.o)
                              c:/program files (x86)/atmel/studio/7.0/toolchain/arm/arm-gnu-toolchain/bin/../lib/gcc/arm-none-eabi/5.3.1/../../../../arm-none-eabi/lib/armv7e-m\libc.a(lib_a-__call_atexit.o) (__libc_fini_array)
c:/program files (x86)/atmel/studio/7.0/toolchain/arm/arm-gnu-toolchain/bin/../lib/gcc/arm-none-eabi/5.3.1/../../../../arm-none-eabi/lib/armv7e-m\libc.a(lib_a-__atexit.o)
                              c:/program files (x86)/atmel/studio/7.0/toolchain/arm/arm-gnu-toolchain/bin/../lib/gcc/arm-none-eabi/5.3.1/../../../../arm-none-eabi/lib/armv7e-m\libc.a(lib_a-atexit.o) (__register_exitproc)

Allocating common symbols
Common symbol       size              file

g_pwm_channel_led   0x28              src/main.o
pio_capture_enable_flag
                    0x4               src/ASF/sam/drivers/pio/pio.o

Discarded input sections

 .text          0x00000000        0x0 c:/program files (x86)/atmel/studio/7.0/toolchain/arm/arm-gnu-toolchain/bin/../lib/gcc/arm-none-eabi/5.3.1/armv7e-m/crti.o
 .data          0x00000000        0x0 c:/program files (x86)/atmel/studio/7.0/toolchain/arm/arm-gnu-toolchain/bin/../lib/gcc/arm-none-eabi/5.3.1/armv7e-m/crti.o
 .bss           0x00000000        0x0 c:/program files (x86)/atmel/studio/7.0/toolchain/arm/arm-gnu-toolchain/bin/../lib/gcc/arm-none-eabi/5.3.1/armv7e-m/crti.o
 .data          0x00000000        0x4 c:/program files (x86)/atmel/studio/7.0/toolchain/arm/arm-gnu-toolchain/bin/../lib/gcc/arm-none-eabi/5.3.1/armv7e-m/crtbegin.o
 .text          0x00000000       0x74 c:/program files (x86)/atmel/studio/7.0/toolchain/arm/arm-gnu-toolchain/bin/../lib/gcc/arm-none-eabi/5.3.1/../../../../arm-none-eabi/lib/armv7e-m/crt0.o
 .data          0x00000000        0x0 c:/program files (x86)/atmel/studio/7.0/toolchain/arm/arm-gnu-toolchain/bin/../lib/gcc/arm-none-eabi/5.3.1/../../../../arm-none-eabi/lib/armv7e-m/crt0.o
 .bss           0x00000000        0x0 c:/program files (x86)/atmel/studio/7.0/toolchain/arm/arm-gnu-toolchain/bin/../lib/gcc/arm-none-eabi/5.3.1/../../../../arm-none-eabi/lib/armv7e-m/crt0.o
 .ARM.extab     0x00000000        0x0 c:/program files (x86)/atmel/studio/7.0/toolchain/arm/arm-gnu-toolchain/bin/../lib/gcc/arm-none-eabi/5.3.1/../../../../arm-none-eabi/lib/armv7e-m/crt0.o
 .ARM.exidx     0x00000000        0x8 c:/program files (x86)/atmel/studio/7.0/toolchain/arm/arm-gnu-toolchain/bin/../lib/gcc/arm-none-eabi/5.3.1/../../../../arm-none-eabi/lib/armv7e-m/crt0.o
 .ARM.attributes
[...]
Memory Configuration

Name             Origin             Length             Attributes
rom              0x00400000         0x00200000         xr
ram              0x20000000         0x00028000         xrw
*default*        0x00000000         0xffffffff

Linker script and memory map

LOAD c:/program files (x86)/atmel/studio/7.0/toolchain/arm/arm-gnu-toolchain/bin/../lib/gcc/arm-none-eabi/5.3.1/armv7e-m/crti.o
LOAD c:/program files (x86)/atmel/studio/7.0/toolchain/arm/arm-gnu-toolchain/bin/../lib/gcc/arm-none-eabi/5.3.1/armv7e-m/crtbegin.o
LOAD c:/program files (x86)/atmel/studio/7.0/toolchain/arm/arm-gnu-toolchain/bin/../lib/gcc/arm-none-eabi/5.3.1/../../../../arm-none-eabi/lib/armv7e-m/crt0.o
LOAD src/ASF/sam/drivers/pwm/pwm.o
LOAD src/ASF/common/services/clock/sam4s/sysclk.o
LOAD src/ASF/common/utils/interrupt/interrupt_sam_nvic.o
LOAD src/ASF/sam/boards/sam4s_ek2/init.o
LOAD src/ASF/sam/boards/sam4s_ek2/led.o
LOAD src/ASF/sam/drivers/pio/pio.o
LOAD src/ASF/sam/drivers/pio/pio_handler.o
LOAD src/ASF/sam/drivers/pmc/pmc.o
LOAD src/ASF/sam/drivers/pmc/sleep.o
LOAD src/ASF/sam/utils/cmsis/sam4s/source/templates/gcc/startup_sam4s.o
LOAD src/ASF/sam/utils/cmsis/sam4s/source/templates/system_sam4s.o
LOAD src/ASF/sam/utils/syscalls/gcc/syscalls.o
LOAD src/main.o
START GROUP
LOAD ../src/ASF/thirdparty/CMSIS/Lib/GCC\libarm_cortexM4l_math.a
LOAD c:/program files (x86)/atmel/studio/7.0/toolchain/arm/arm-gnu-toolchain/bin/../lib/gcc/arm-none-eabi/5.3.1/../../../../arm-none-eabi/lib/armv7e-m\libm.a
END GROUP
START GROUP
LOAD c:/program files (x86)/atmel/studio/7.0/toolchain/arm/arm-gnu-toolchain/bin/../lib/gcc/arm-none-eabi/5.3.1/armv7e-m\libgcc.a
LOAD c:/program files (x86)/atmel/studio/7.0/toolchain/arm/arm-gnu-toolchain/bin/../lib/gcc/arm-none-eabi/5.3.1/../../../../arm-none-eabi/lib/armv7e-m\libc.a
END GROUP
LOAD c:/program files (x86)/atmel/studio/7.0/toolchain/arm/arm-gnu-toolchain/bin/../lib/gcc/arm-none-eabi/5.3.1/armv7e-m/crtend.o
LOAD c:/program files (x86)/atmel/studio/7.0/toolchain/arm/arm-gnu-toolchain/bin/../lib/gcc/arm-none-eabi/5.3.1/armv7e-m/crtn.o
                0x00003000                __stack_size__ = DEFINED (__stack_size__)?__stack_size__:0x3000
                0x20027ffc                __ram_end__ = ((ORIGIN (ram) + LENGTH (ram)) - 0x4)

.text           0x00400000      0xec4
                0x00400000                . = ALIGN (0x4)
                0x00400000                _sfixed = .
 *(.vectors .vectors.*)
 .vectors       0x00400000       0xcc src/ASF/sam/utils/cmsis/sam4s/source/templates/gcc/startup_sam4s.o
                0x00400000                exception_table
 *(.text .text.* .gnu.linkonce.t.*)
 .text          0x004000cc       0x5c c:/program files (x86)/atmel/studio/7.0/toolchain/arm/arm-gnu-toolchain/bin/../lib/gcc/arm-none-eabi/5.3.1/armv7e-m/crtbegin.o
 .text.pwm_clocks_generate
                0x00400128       0x54 src/ASF/sam/drivers/pwm/pwm.o
 .text.pwm_init
                0x0040017c       0x4c src/ASF/sam/drivers/pwm/pwm.o
                0x0040017c                pwm_init
 .text.pwm_channel_init
                0x004001c8       0xe8 src/ASF/sam/drivers/pwm/pwm.o
                0x004001c8                pwm_channel_init
 .text.pwm_channel_update_duty
                0x004002b0       0x1c src/ASF/sam/drivers/pwm/pwm.o
                0x004002b0                pwm_channel_update_duty
 .text.pwm_channel_enable
                0x004002cc        0xc src/ASF/sam/drivers/pwm/pwm.o
                0x004002cc                pwm_channel_enable
 .text.pwm_channel_disable
                0x004002d8        0xc src/ASF/sam/drivers/pwm/pwm.o
                0x004002d8                pwm_channel_disable
 .text.pwm_channel_get_interrupt_status
                0x004002e4        0x4 src/ASF/sam/drivers/pwm/pwm.o
                0x004002e4                pwm_channel_get_interrupt_status
 .text.pwm_channel_enable_interrupt
                0x004002e8       0x14 src/ASF/sam/drivers/pwm/pwm.o
                0x004002e8                pwm_channel_enable_interrupt
 .text.sysclk_init
                0x004002fc       0x64 src/ASF/common/services/clock/sam4s/sysclk.o
                0x004002fc                sysclk_init
 .text.board_init
                0x00400360      0x144 src/ASF/sam/boards/sam4s_ek2/init.o
                0x00400360                board_init
 .text.pio_set_peripheral
                0x004004a4       0x90 src/ASF/sam/drivers/pio/pio.o
                0x004004a4                pio_set_peripheral
 .text.pio_set_input
                0x00400534       0x34 src/ASF/sam/drivers/pio/pio.o
                0x00400534                pio_set_input
 .text.pio_set_output
                0x00400568       0x28 src/ASF/sam/drivers/pio/pio.o
                0x00400568                pio_set_output
 .text.pio_get_interrupt_status
                0x00400590        0x4 src/ASF/sam/drivers/pio/pio.o
                0x00400590                pio_get_interrupt_status
 .text.pio_get_interrupt_mask
                0x00400594        0x4 src/ASF/sam/drivers/pio/pio.o
                0x00400594                pio_get_interrupt_mask
 .text.pio_set_pin_low
                0x00400598       0x1c src/ASF/sam/drivers/pio/pio.o
                0x00400598                pio_set_pin_low
 .text.pio_configure_pin
                0x004005b4      0x124 src/ASF/sam/drivers/pio/pio.o
                0x004005b4                pio_configure_pin
 .text.pio_configure_pin_group
                0x004006d8       0xdc src/ASF/sam/drivers/pio/pio.o
                0x004006d8                pio_configure_pin_group
 .text.pio_handler_process
                0x004007b4       0x68 src/ASF/sam/drivers/pio/pio_handler.o
                0x004007b4                pio_handler_process
 .text.PIOA_Handler
                0x0040081c       0x14 src/ASF/sam/drivers/pio/pio_handler.o
                0x0040081c                PIOA_Handler
 .text.PIOB_Handler
                0x00400830       0x14 src/ASF/sam/drivers/pio/pio_handler.o
                0x00400830                PIOB_Handler
 .text.PIOC_Handler
                0x00400844       0x14 src/ASF/sam/drivers/pio/pio_handler.o
                0x00400844                PIOC_Handler
 .text.pmc_switch_mck_to_pllack
                0x00400858       0x68 src/ASF/sam/drivers/pmc/pmc.o
                0x00400858                pmc_switch_mck_to_pllack
 .text.pmc_switch_mainck_to_xtal
                0x004008c0       0x54 src/ASF/sam/drivers/pmc/pmc.o
                0x004008c0                pmc_switch_mainck_to_xtal
 .text.pmc_osc_is_ready_mainck
                0x00400914       0x10 src/ASF/sam/drivers/pmc/pmc.o
                0x00400914                pmc_osc_is_ready_mainck
 .text.pmc_disable_pllack
                0x00400924       0x10 src/ASF/sam/drivers/pmc/pmc.o
                0x00400924                pmc_disable_pllack
 .text.pmc_is_locked_pllack
                0x00400934       0x10 src/ASF/sam/drivers/pmc/pmc.o
                0x00400934                pmc_is_locked_pllack
 .text.pmc_enable_periph_clk
                0x00400944       0x54 src/ASF/sam/drivers/pmc/pmc.o
                0x00400944                pmc_enable_periph_clk
 .text.Dummy_Handler
                0x00400998        0x4 src/ASF/sam/utils/cmsis/sam4s/source/templates/gcc/startup_sam4s.o
                0x00400998                DACC_Handler
                0x00400998                DebugMon_Handler
                0x00400998                HardFault_Handler
                0x00400998                TC2_Handler
                0x00400998                SPI_Handler
                0x00400998                SysTick_Handler
                0x00400998                TWI1_Handler
                0x00400998                PendSV_Handler
                0x00400998                NMI_Handler
                0x00400998                ADC_Handler
                0x00400998                CRCCU_Handler
                0x00400998                USART0_Handler
                0x00400998                RTT_Handler
                0x00400998                EFC1_Handler
                0x00400998                RTC_Handler
                0x00400998                UsageFault_Handler
                0x00400998                WDT_Handler
                0x00400998                TC4_Handler
                0x00400998                TC1_Handler
                0x00400998                HSMCI_Handler
                0x00400998                UART1_Handler
                0x00400998                TC3_Handler
                0x00400998                Dummy_Handler
                0x00400998                TWI0_Handler
                0x00400998                USART1_Handler
                0x00400998                SSC_Handler
                0x00400998                EFC0_Handler
                0x00400998                ACC_Handler
                0x00400998                PMC_Handler
                0x00400998                MemManage_Handler
                0x00400998                SUPC_Handler
                0x00400998                SVC_Handler
                0x00400998                UART0_Handler
                0x00400998                UDP_Handler
                0x00400998                BusFault_Handler
                0x00400998                RSTC_Handler
                0x00400998                TC0_Handler
                0x00400998                TC5_Handler
 .text.Reset_Handler
                0x0040099c       0xb0 src/ASF/sam/utils/cmsis/sam4s/source/templates/gcc/startup_sam4s.o
                0x0040099c                Reset_Handler
 .text.SystemCoreClockUpdate
                0x00400a4c      0x114 src/ASF/sam/utils/cmsis/sam4s/source/templates/system_sam4s.o
                0x00400a4c                SystemCoreClockUpdate
 .text.system_init_flash
                0x00400b60       0x94 src/ASF/sam/utils/cmsis/sam4s/source/templates/system_sam4s.o
                0x00400b60                system_init_flash
 .text.pwm_setup
                0x00400bf4       0x98 src/main.o
                0x00400bf4                pwm_setup
 .text.PWM_Handler
                0x00400c8c       0x88 src/main.o
                0x00400c8c                PWM_Handler
 .text.main     0x00400d14       0x1c src/main.o
                0x00400d14                main
 .text.__libc_init_array
                0x00400d30       0x50 c:/program files (x86)/atmel/studio/7.0/toolchain/arm/arm-gnu-toolchain/bin/../lib/gcc/arm-none-eabi/5.3.1/../../../../arm-none-eabi/lib/armv7e-m\libc.a(lib_a-init.o)
                0x00400d30                __libc_init_array
 .text.startup.register_fini
                0x00400d80       0x14 c:/program files (x86)/atmel/studio/7.0/toolchain/arm/arm-gnu-toolchain/bin/../lib/gcc/arm-none-eabi/5.3.1/../../../../arm-none-eabi/lib/armv7e-m\libc.a(lib_a-__call_atexit.o)
 .text.atexit   0x00400d94        0xc c:/program files (x86)/atmel/studio/7.0/toolchain/arm/arm-gnu-toolchain/bin/../lib/gcc/arm-none-eabi/5.3.1/../../../../arm-none-eabi/lib/armv7e-m\libc.a(lib_a-atexit.o)
                0x00400d94                atexit
 .text.__libc_fini_array
                0x00400da0       0x28 c:/program files (x86)/atmel/studio/7.0/toolchain/arm/arm-gnu-toolchain/bin/../lib/gcc/arm-none-eabi/5.3.1/../../../../arm-none-eabi/lib/armv7e-m\libc.a(lib_a-fini.o)
                0x00400da0                __libc_fini_array
 .text.__register_exitproc
                0x00400dc8       0xa4 c:/program files (x86)/atmel/studio/7.0/toolchain/arm/arm-gnu-toolchain/bin/../lib/gcc/arm-none-eabi/5.3.1/../../../../arm-none-eabi/lib/armv7e-m\libc.a(lib_a-__atexit.o)
                0x00400dc8                __register_exitproc
 *(.glue_7t)
 .glue_7t       0x00400e6c        0x0 linker stubs
 *(.glue_7)
 .glue_7        0x00400e6c        0x0 linker stubs
 *(.rodata .rodata* .gnu.linkonce.r.*)
 .rodata        0x00400e6c       0x2c src/ASF/sam/drivers/pwm/pwm.o
 .rodata.str1.4
                0x00400e98        0x4 c:/program files (x86)/atmel/studio/7.0/toolchain/arm/arm-gnu-toolchain/bin/../lib/gcc/arm-none-eabi/5.3.1/../../../../arm-none-eabi/lib/armv7e-m\libc.a(lib_a-impure.o)
                                  0x2 (size before relaxing)
 .rodata._global_impure_ptr
                0x00400e9c        0x4 c:/program files (x86)/atmel/studio/7.0/toolchain/arm/arm-gnu-toolchain/bin/../lib/gcc/arm-none-eabi/5.3.1/../../../../arm-none-eabi/lib/armv7e-m\libc.a(lib_a-impure.o)
                0x00400e9c                _global_impure_ptr
 *(.ARM.extab* .gnu.linkonce.armextab.*)
                0x00400ea0                . = ALIGN (0x4)
 *(.init)
 .init          0x00400ea0        0x4 c:/program files (x86)/atmel/studio/7.0/toolchain/arm/arm-gnu-toolchain/bin/../lib/gcc/arm-none-eabi/5.3.1/armv7e-m/crti.o
                0x00400ea0                _init
 .init          0x00400ea4        0x8 c:/program files (x86)/atmel/studio/7.0/toolchain/arm/arm-gnu-toolchain/bin/../lib/gcc/arm-none-eabi/5.3.1/armv7e-m/crtn.o
                0x00400eac                . = ALIGN (0x4)
                0x00400eac                __preinit_array_start = .
 *(.preinit_array)
                0x00400eac                __preinit_array_end = .
                0x00400eac                . = ALIGN (0x4)
                0x00400eac                __init_array_start = .
 *(SORT(.init_array.*))
 .init_array.00000
                0x00400eac        0x4 c:/program files (x86)/atmel/studio/7.0/toolchain/arm/arm-gnu-toolchain/bin/../lib/gcc/arm-none-eabi/5.3.1/../../../../arm-none-eabi/lib/armv7e-m\libc.a(lib_a-__call_atexit.o)
 *(.init_array)
 .init_array    0x00400eb0        0x4 c:/program files (x86)/atmel/studio/7.0/toolchain/arm/arm-gnu-toolchain/bin/../lib/gcc/arm-none-eabi/5.3.1/armv7e-m/crtbegin.o
                0x00400eb4                __init_array_end = .
                0x00400eb4                . = ALIGN (0x4)
 *crtbegin.o(.ctors)
 *(EXCLUDE_FILE(*crtend.o) .ctors)
 *(SORT(.ctors.*))
 *crtend.o(.ctors)
                0x00400eb4                . = ALIGN (0x4)
 *(.fini)
 .fini          0x00400eb4        0x4 c:/program files (x86)/atmel/studio/7.0/toolchain/arm/arm-gnu-toolchain/bin/../lib/gcc/arm-none-eabi/5.3.1/armv7e-m/crti.o
                0x00400eb4                _fini
 .fini          0x00400eb8        0x8 c:/program files (x86)/atmel/studio/7.0/toolchain/arm/arm-gnu-toolchain/bin/../lib/gcc/arm-none-eabi/5.3.1/armv7e-m/crtn.o
                0x00400ec0                . = ALIGN (0x4)
                0x00400ec0                __fini_array_start = .
 *(.fini_array)
 .fini_array    0x00400ec0        0x4 c:/program files (x86)/atmel/studio/7.0/toolchain/arm/arm-gnu-toolchain/bin/../lib/gcc/arm-none-eabi/5.3.1/armv7e-m/crtbegin.o
 *(SORT(.fini_array.*))
                0x00400ec4                __fini_array_end = .
 *crtbegin.o(.dtors)
 *(EXCLUDE_FILE(*crtend.o) .dtors)
 *(SORT(.dtors.*))
 *crtend.o(.dtors)
                0x00400ec4                . = ALIGN (0x4)
                0x00400ec4                _efixed = .
                [!provide]                PROVIDE (__exidx_start, .)

.vfp11_veneer   0x00400ec4        0x0
 .vfp11_veneer  0x00400ec4        0x0 linker stubs

.v4_bx          0x00400ec4        0x0
 .v4_bx         0x00400ec4        0x0 linker stubs

.iplt           0x00400ec4        0x0
 .iplt          0x00400ec4        0x0 c:/program files (x86)/atmel/studio/7.0/toolchain/arm/arm-gnu-toolchain/bin/../lib/gcc/arm-none-eabi/5.3.1/armv7e-m/crtbegin.o

.eh_frame       0x00400ec4        0x0
 .eh_frame      0x00400ec4        0x0 c:/program files (x86)/atmel/studio/7.0/toolchain/arm/arm-gnu-toolchain/bin/../lib/gcc/arm-none-eabi/5.3.1/armv7e-m/crtbegin.o

.rel.dyn        0x00400ec4        0x0
 .rel.iplt      0x00400ec4        0x0 c:/program files (x86)/atmel/studio/7.0/toolchain/arm/arm-gnu-toolchain/bin/../lib/gcc/arm-none-eabi/5.3.1/armv7e-m/crtbegin.o

.jcr            0x00400ec4        0x0
 .jcr           0x00400ec4        0x0 c:/program files (x86)/atmel/studio/7.0/toolchain/arm/arm-gnu-toolchain/bin/../lib/gcc/arm-none-eabi/5.3.1/armv7e-m/crtbegin.o

.igot.plt       0x00400ec4        0x0
 .igot.plt      0x00400ec4        0x0 c:/program files (x86)/atmel/studio/7.0/toolchain/arm/arm-gnu-toolchain/bin/../lib/gcc/arm-none-eabi/5.3.1/armv7e-m/crtbegin.o

.ARM.exidx
 *(.ARM.exidx* .gnu.linkonce.armexidx.*)
                [!provide]                PROVIDE (__exidx_end, .)
                0x00400ec4                . = ALIGN (0x4)
                0x00400ec4                _etext = .

.relocate       0x20000000      0x438 load address 0x00400ec4
                0x20000000                . = ALIGN (0x4)
                0x20000000                _srelocate = .
 *(.ramfunc .ramfunc.*)
 *(.data .data.*)
 .data.SystemCoreClock
                0x20000000        0x4 src/ASF/sam/utils/cmsis/sam4s/source/templates/system_sam4s.o
                0x20000000                SystemCoreClock
 .data.fade_in.8214
                0x20000004        0x1 src/main.o
 *fill*         0x20000005        0x3 
 .data.ul_duty.8213
                0x20000008        0x4 src/main.o
 *fill*         0x2000000c        0x4 
 .data.impure_data
                0x20000010      0x428 c:/program files (x86)/atmel/studio/7.0/toolchain/arm/arm-gnu-toolchain/bin/../lib/gcc/arm-none-eabi/5.3.1/../../../../arm-none-eabi/lib/armv7e-m\libc.a(lib_a-impure.o)
                0x20000438                . = ALIGN (0x4)
                0x20000438                _erelocate = .

.bss            0x20000438       0xc0 load address 0x004012fc
                0x20000438                . = ALIGN (0x4)
                0x20000438                _sbss = .
                0x20000438                _szero = .
 *(.bss .bss.*)
 .bss           0x20000438       0x1c c:/program files (x86)/atmel/studio/7.0/toolchain/arm/arm-gnu-toolchain/bin/../lib/gcc/arm-none-eabi/5.3.1/armv7e-m/crtbegin.o
 .bss.pio_capture_handler
                0x20000454        0x4 src/ASF/sam/drivers/pio/pio_handler.o
 .bss.gs_interrupt_sources
                0x20000458       0x70 src/ASF/sam/drivers/pio/pio_handler.o
 .bss.ul_count.8212
                0x200004c8        0x4 src/main.o
 *(COMMON)
 COMMON         0x200004cc        0x4 src/ASF/sam/drivers/pio/pio.o
                0x200004cc                pio_capture_enable_flag
 COMMON         0x200004d0       0x28 src/main.o
                0x200004d0                g_pwm_channel_led
                0x200004f8                . = ALIGN (0x4)
                0x200004f8                _ebss = .
                0x200004f8                _ezero = .

.stack          0x200004f8     0x3000 load address 0x004013bc
                0x200004f8                . = ALIGN (0x8)
                0x200004f8                _sstack = .
                0x200034f8                . = (. + __stack_size__)
 *fill*         0x200004f8     0x3000 
                0x200034f8                . = ALIGN (0x8)
                0x200034f8                _estack = .
                0x200034f8                . = ALIGN (0x4)
                0x200034f8                _end = .
OUTPUT(PWM.elf elf32-littlearm)

.ARM.attributes
                0x00000000       0x2a
 .ARM.attributes
                0x00000000       0x1e c:/program files (x86)/atmel/studio/7.0/toolchain/arm/arm-gnu-toolchain/bin/../lib/gcc/arm-none-eabi/5.3.1/armv7e-m/crti.o
 .ARM.attributes
                0x0000001e       0x2e c:/program files (x86)/atmel/studio/7.0/toolchain/arm/arm-gnu-toolchain/bin/../lib/gcc/arm-none-eabi/5.3.1/armv7e-m/crtbegin.o
 .ARM.attributes
                0x0000004c       0x33 src/ASF/sam/drivers/pwm/pwm.o
 .ARM.attributes
                0x0000007f       0x33 src/ASF/common/services/clock/sam4s/sysclk.o
 .ARM.attributes
                0x000000b2       0x33 src/ASF/sam/boards/sam4s_ek2/init.o
 .ARM.attributes
                0x000000e5       0x33 src/ASF/sam/drivers/pio/pio.o
 .ARM.attributes
                0x00000118       0x33 src/ASF/sam/drivers/pio/pio_handler.o
 .ARM.attributes
                0x0000014b       0x33 src/ASF/sam/drivers/pmc/pmc.o
 .ARM.attributes
                0x0000017e       0x33 src/ASF/sam/utils/cmsis/sam4s/source/templates/gcc/startup_sam4s.o
 .ARM.attributes
                0x000001b1       0x33 src/ASF/sam/utils/cmsis/sam4s/source/templates/system_sam4s.o
 .ARM.attributes
                0x000001e4       0x33 src/main.o
 .ARM.attributes
                0x00000217       0x2e c:/program files (x86)/atmel/studio/7.0/toolchain/arm/arm-gnu-toolchain/bin/../lib/gcc/arm-none-eabi/5.3.1/../../../../arm-none-eabi/lib/armv7e-m\libc.a(lib_a-impure.o)
 .ARM.attributes
                0x00000245       0x2e c:/program files (x86)/atmel/studio/7.0/toolchain/arm/arm-gnu-toolchain/bin/../lib/gcc/arm-none-eabi/5.3.1/../../../../arm-none-eabi/lib/armv7e-m\libc.a(lib_a-init.o)
 .ARM.attributes
                0x00000273       0x2e c:/program files (x86)/atmel/studio/7.0/toolchain/arm/arm-gnu-toolchain/bin/../lib/gcc/arm-none-eabi/5.3.1/../../../../arm-none-eabi/lib/armv7e-m\libc.a(lib_a-__call_atexit.o)
 .ARM.attributes
                0x000002a1       0x2e c:/program files (x86)/atmel/studio/7.0/toolchain/arm/arm-gnu-toolchain/bin/../lib/gcc/arm-none-eabi/5.3.1/../../../../arm-none-eabi/lib/armv7e-m\libc.a(lib_a-atexit.o)
 .ARM.attributes
                0x000002cf       0x2e c:/program files (x86)/atmel/studio/7.0/toolchain/arm/arm-gnu-toolchain/bin/../lib/gcc/arm-none-eabi/5.3.1/../../../../arm-none-eabi/lib/armv7e-m\libc.a(lib_a-fini.o)
 .ARM.attributes
                0x000002fd       0x2e c:/program files (x86)/atmel/studio/7.0/toolchain/arm/arm-gnu-toolchain/bin/../lib/gcc/arm-none-eabi/5.3.1/../../../../arm-none-eabi/lib/armv7e-m\libc.a(lib_a-__atexit.o)
 .ARM.attributes
                0x0000032b       0x1e c:/program files (x86)/atmel/studio/7.0/toolchain/arm/arm-gnu-toolchain/bin/../lib/gcc/arm-none-eabi/5.3.1/armv7e-m/crtn.o

.comment        0x00000000       0x59
 .comment       0x00000000       0x59 src/ASF/sam/drivers/pwm/pwm.o
                                 0x5a (size before relaxing)
 .comment       0x00000059       0x5a src/ASF/common/services/clock/sam4s/sysclk.o
 .comment       0x00000059       0x5a src/ASF/sam/boards/sam4s_ek2/init.o
 .comment       0x00000059       0x5a src/ASF/sam/drivers/pio/pio.o
 .comment       0x00000059       0x5a src/ASF/sam/drivers/pio/pio_handler.o
 .comment       0x00000059       0x5a src/ASF/sam/drivers/pmc/pmc.o
 .comment       0x00000059       0x5a src/ASF/sam/utils/cmsis/sam4s/source/templates/gcc/startup_sam4s.o
 .comment       0x00000059       0x5a src/ASF/sam/utils/cmsis/sam4s/source/templates/system_sam4s.o
 .comment       0x00000059       0x5a src/main.o

.debug_info     0x00000000     0x7c1a
 .debug_info    0x00000000     0x1562 src/ASF/sam/drivers/pwm/pwm.o
 .debug_info    0x00001562      0x747 src/ASF/common/services/clock/sam4s/sysclk.o
 .debug_info    0x00001ca9      0xb34 src/ASF/sam/boards/sam4s_ek2/init.o
 .debug_info    0x000027dd     0x1958 src/ASF/sam/drivers/pio/pio.o
 .debug_info    0x00004135      0xfa7 src/ASF/sam/drivers/pio/pio_handler.o
 .debug_info    0x000050dc     0x10f1 src/ASF/sam/drivers/pmc/pmc.o
 .debug_info    0x000061cd      0x6a4 src/ASF/sam/utils/cmsis/sam4s/source/templates/gcc/startup_sam4s.o
 .debug_info    0x00006871      0x469 src/ASF/sam/utils/cmsis/sam4s/source/templates/system_sam4s.o
 .debug_info    0x00006cda      0xf40 src/main.o

.debug_abbrev   0x00000000     0x12ee
 .debug_abbrev  0x00000000      0x245 src/ASF/sam/drivers/pwm/pwm.o
 .debug_abbrev  0x00000245      0x23b src/ASF/common/services/clock/sam4s/sysclk.o
 .debug_abbrev  0x00000480      0x187 src/ASF/sam/boards/sam4s_ek2/init.o
 .debug_abbrev  0x00000607      0x316 src/ASF/sam/drivers/pio/pio.o
 .debug_abbrev  0x0000091d      0x29a src/ASF/sam/drivers/pio/pio_handler.o
 .debug_abbrev  0x00000bb7      0x277 src/ASF/sam/drivers/pmc/pmc.o
 .debug_abbrev  0x00000e2e      0x16e src/ASF/sam/utils/cmsis/sam4s/source/templates/gcc/startup_sam4s.o
 .debug_abbrev  0x00000f9c       0xf5 src/ASF/sam/utils/cmsis/sam4s/source/templates/system_sam4s.o
 .debug_abbrev  0x00001091      0x25d src/main.o

.debug_loc      0x00000000     0x3186
 .debug_loc     0x00000000      0xc69 src/ASF/sam/drivers/pwm/pwm.o
 .debug_loc     0x00000c69      0x143 src/ASF/common/services/clock/sam4s/sysclk.o
 .debug_loc     0x00000dac       0x5c src/ASF/sam/boards/sam4s_ek2/init.o
 .debug_loc     0x00000e08      0xe94 src/ASF/sam/drivers/pio/pio.o
 .debug_loc     0x00001c9c      0x522 src/ASF/sam/drivers/pio/pio_handler.o
 .debug_loc     0x000021be      0xe13 src/ASF/sam/drivers/pmc/pmc.o
 .debug_loc     0x00002fd1       0xc6 src/ASF/sam/utils/cmsis/sam4s/source/templates/gcc/startup_sam4s.o
 .debug_loc     0x00003097       0xef src/main.o

.debug_aranges  0x00000000      0x638
 .debug_aranges
                0x00000000      0x158 src/ASF/sam/drivers/pwm/pwm.o
 .debug_aranges
                0x00000158       0x30 src/ASF/common/services/clock/sam4s/sysclk.o
 .debug_aranges
                0x00000188       0x20 src/ASF/sam/boards/sam4s_ek2/init.o
 .debug_aranges
                0x000001a8      0x1a8 src/ASF/sam/drivers/pio/pio.o
 .debug_aranges
                0x00000350       0x58 src/ASF/sam/drivers/pio/pio_handler.o
 .debug_aranges
                0x000003a8      0x208 src/ASF/sam/drivers/pmc/pmc.o
 .debug_aranges
                0x000005b0       0x28 src/ASF/sam/utils/cmsis/sam4s/source/templates/gcc/startup_sam4s.o
 .debug_aranges
                0x000005d8       0x30 src/ASF/sam/utils/cmsis/sam4s/source/templates/system_sam4s.o
 .debug_aranges
                0x00000608       0x30 src/main.o

.debug_ranges   0x00000000      0x5a8
 .debug_ranges  0x00000000      0x148 src/ASF/sam/drivers/pwm/pwm.o
 .debug_ranges  0x00000148       0x20 src/ASF/common/services/clock/sam4s/sysclk.o
 .debug_ranges  0x00000168       0x10 src/ASF/sam/boards/sam4s_ek2/init.o
 .debug_ranges  0x00000178      0x198 src/ASF/sam/drivers/pio/pio.o
 .debug_ranges  0x00000310       0x48 src/ASF/sam/drivers/pio/pio_handler.o
 .debug_ranges  0x00000358      0x1f8 src/ASF/sam/drivers/pmc/pmc.o
 .debug_ranges  0x00000550       0x18 src/ASF/sam/utils/cmsis/sam4s/source/templates/gcc/startup_sam4s.o
 .debug_ranges  0x00000568       0x20 src/ASF/sam/utils/cmsis/sam4s/source/templates/system_sam4s.o
 .debug_ranges  0x00000588       0x20 src/main.o

.debug_macro    0x00000000    0x11d7d
 .debug_macro   0x00000000      0x515 src/ASF/sam/drivers/pwm/pwm.o
 .debug_macro   0x00000515      0x89e src/ASF/sam/drivers/pwm/pwm.o
 .debug_macro   0x00000db3      0x16d src/ASF/sam/drivers/pwm/pwm.o
 .debug_macro   0x00000f20      0x652 src/ASF/sam/drivers/pwm/pwm.o
 .debug_macro   0x00001572       0x76 src/ASF/sam/drivers/pwm/pwm.o
 .debug_macro   0x000015e8       0x16 src/ASF/sam/drivers/pwm/pwm.o
 .debug_macro   0x000015fe      0x6e4 src/ASF/sam/drivers/pwm/pwm.o
 .debug_macro   0x00001ce2       0x22 src/ASF/sam/drivers/pwm/pwm.o
 .debug_macro   0x00001d04       0x87 src/ASF/sam/drivers/pwm/pwm.o
 .debug_macro   0x00001d8b       0x44 src/ASF/sam/drivers/pwm/pwm.o
 .debug_macro   0x00001dcf       0xfd src/ASF/sam/drivers/pwm/pwm.o
 .debug_macro   0x00001ecc       0x22 src/ASF/sam/drivers/pwm/pwm.o
 .debug_macro   0x00001eee      0x1df src/ASF/sam/drivers/pwm/pwm.o
 .debug_macro   0x000020cd       0x27 src/ASF/sam/drivers/pwm/pwm.o
 .debug_macro   0x000020f4       0x3b src/ASF/sam/drivers/pwm/pwm.o
 .debug_macro   0x0000212f       0x2d src/ASF/sam/drivers/pwm/pwm.o
 .debug_macro   0x0000215c       0x26 src/ASF/sam/drivers/pwm/pwm.o
 .debug_macro   0x00002182      0xbbf src/ASF/sam/drivers/pwm/pwm.o
 .debug_macro   0x00002d41      0x159 src/ASF/sam/drivers/pwm/pwm.o
 .debug_macro   0x00002e9a      0xaaf src/ASF/sam/drivers/pwm/pwm.o
 .debug_macro   0x00003949      0x284 src/ASF/sam/drivers/pwm/pwm.o
 .debug_macro   0x00003bcd      0x11e src/ASF/sam/drivers/pwm/pwm.o
 .debug_macro   0x00003ceb       0xac src/ASF/sam/drivers/pwm/pwm.o
 .debug_macro   0x00003d97      0x401 src/ASF/sam/drivers/pwm/pwm.o
 .debug_macro   0x00004198      0x106 src/ASF/sam/drivers/pwm/pwm.o
 .debug_macro   0x0000429e       0x1c src/ASF/sam/drivers/pwm/pwm.o
 .debug_macro   0x000042ba      0x738 src/ASF/sam/drivers/pwm/pwm.o
 .debug_macro   0x000049f2      0x2d2 src/ASF/sam/drivers/pwm/pwm.o
 .debug_macro   0x00004cc4       0xbe src/ASF/sam/drivers/pwm/pwm.o
 .debug_macro   0x00004d82     0x280b src/ASF/sam/drivers/pwm/pwm.o
 .debug_macro   0x0000758d      0x777 src/ASF/sam/drivers/pwm/pwm.o
 .debug_macro   0x00007d04      0xa8e src/ASF/sam/drivers/pwm/pwm.o
 .debug_macro   0x00008792       0x9a src/ASF/sam/drivers/pwm/pwm.o
 .debug_macro   0x0000882c      0x3d8 src/ASF/sam/drivers/pwm/pwm.o
 .debug_macro   0x00008c04       0x64 src/ASF/sam/drivers/pwm/pwm.o
 .debug_macro   0x00008c68      0x1ae src/ASF/sam/drivers/pwm/pwm.o
 .debug_macro   0x00008e16      0x386 src/ASF/sam/drivers/pwm/pwm.o
 .debug_macro   0x0000919c      0x624 src/ASF/sam/drivers/pwm/pwm.o
 .debug_macro   0x000097c0      0x690 src/ASF/sam/drivers/pwm/pwm.o
 .debug_macro   0x00009e50      0x59f src/ASF/sam/drivers/pwm/pwm.o
 .debug_macro   0x0000a3ef      0x34d src/ASF/sam/drivers/pwm/pwm.o
 .debug_macro   0x0000a73c      0x28c src/ASF/sam/drivers/pwm/pwm.o
 .debug_macro   0x0000a9c8      0x2d6 src/ASF/sam/drivers/pwm/pwm.o
 .debug_macro   0x0000ac9e      0x6d9 src/ASF/sam/drivers/pwm/pwm.o
 .debug_macro   0x0000b377       0x76 src/ASF/sam/drivers/pwm/pwm.o
 .debug_macro   0x0000b3ed       0xb8 src/ASF/sam/drivers/pwm/pwm.o
 .debug_macro   0x0000b4a5       0xb2 src/ASF/sam/drivers/pwm/pwm.o
 .debug_macro   0x0000b557       0x88 src/ASF/sam/drivers/pwm/pwm.o
 .debug_macro   0x0000b5df      0x105 src/ASF/sam/drivers/pwm/pwm.o
 .debug_macro   0x0000b6e4      0x105 src/ASF/sam/drivers/pwm/pwm.o
 .debug_macro   0x0000b7e9       0x88 src/ASF/sam/drivers/pwm/pwm.o
 .debug_macro   0x0000b871       0x88 src/ASF/sam/drivers/pwm/pwm.o
 .debug_macro   0x0000b8f9      0x2cd src/ASF/sam/drivers/pwm/pwm.o
 .debug_macro   0x0000bbc6       0xb2 src/ASF/sam/drivers/pwm/pwm.o
 .debug_macro   0x0000bc78       0xb2 src/ASF/sam/drivers/pwm/pwm.o
 .debug_macro   0x0000bd2a       0x52 src/ASF/sam/drivers/pwm/pwm.o
 .debug_macro   0x0000bd7c       0xac src/ASF/sam/drivers/pwm/pwm.o
 .debug_macro   0x0000be28       0x7c src/ASF/sam/drivers/pwm/pwm.o
 .debug_macro   0x0000bea4       0x40 src/ASF/sam/drivers/pwm/pwm.o
 .debug_macro   0x0000bee4       0x64 src/ASF/sam/drivers/pwm/pwm.o
 .debug_macro   0x0000bf48       0x46 src/ASF/sam/drivers/pwm/pwm.o
 .debug_macro   0x0000bf8e       0x88 src/ASF/sam/drivers/pwm/pwm.o
 .debug_macro   0x0000c016       0x4c src/ASF/sam/drivers/pwm/pwm.o
 .debug_macro   0x0000c062       0xa6 src/ASF/sam/drivers/pwm/pwm.o
 .debug_macro   0x0000c108       0x7c src/ASF/sam/drivers/pwm/pwm.o
 .debug_macro   0x0000c184       0x16 src/ASF/sam/drivers/pwm/pwm.o
 .debug_macro   0x0000c19a       0x7c src/ASF/sam/drivers/pwm/pwm.o
 .debug_macro   0x0000c216       0x22 src/ASF/sam/drivers/pwm/pwm.o
 .debug_macro   0x0000c238       0x22 src/ASF/sam/drivers/pwm/pwm.o
 .debug_macro   0x0000c25a      0x195 src/ASF/sam/drivers/pwm/pwm.o
 .debug_macro   0x0000c3ef      0x165 src/ASF/sam/drivers/pwm/pwm.o
 .debug_macro   0x0000c554      0x165 src/ASF/sam/drivers/pwm/pwm.o
 .debug_macro   0x0000c6b9       0x1c src/ASF/sam/drivers/pwm/pwm.o
 .debug_macro   0x0000c6d5       0x2e src/ASF/sam/drivers/pwm/pwm.o
 .debug_macro   0x0000c703       0x22 src/ASF/sam/drivers/pwm/pwm.o
 .debug_macro   0x0000c725       0x1c src/ASF/sam/drivers/pwm/pwm.o
 .debug_macro   0x0000c741       0x52 src/ASF/sam/drivers/pwm/pwm.o
 .debug_macro   0x0000c793       0x10 src/ASF/sam/drivers/pwm/pwm.o
 .debug_macro   0x0000c7a3      0x234 src/ASF/sam/drivers/pwm/pwm.o
 .debug_macro   0x0000c9d7      0x938 src/ASF/sam/drivers/pwm/pwm.o
 .debug_macro   0x0000d30f      0x12a src/ASF/sam/drivers/pwm/pwm.o
 .debug_macro   0x0000d439       0x52 src/ASF/sam/drivers/pwm/pwm.o
 .debug_macro   0x0000d48b       0x35 src/ASF/sam/drivers/pwm/pwm.o
 .debug_macro   0x0000d4c0       0x9c src/ASF/sam/drivers/pwm/pwm.o
 .debug_macro   0x0000d55c       0x16 src/ASF/sam/drivers/pwm/pwm.o
 .debug_macro   0x0000d572       0x35 src/ASF/sam/drivers/pwm/pwm.o
 .debug_macro   0x0000d5a7      0x330 src/ASF/sam/drivers/pwm/pwm.o
 .debug_macro   0x0000d8d7       0x10 src/ASF/sam/drivers/pwm/pwm.o
 .debug_macro   0x0000d8e7       0x52 src/ASF/sam/drivers/pwm/pwm.o
 .debug_macro   0x0000d939       0x16 src/ASF/sam/drivers/pwm/pwm.o
 .debug_macro   0x0000d94f       0x43 src/ASF/sam/drivers/pwm/pwm.o
 .debug_macro   0x0000d992      0x187 src/ASF/sam/drivers/pwm/pwm.o
 .debug_macro   0x0000db19       0x22 src/ASF/sam/drivers/pwm/pwm.o
 .debug_macro   0x0000db3b       0x3a src/ASF/sam/drivers/pwm/pwm.o
 .debug_macro   0x0000db75       0x10 src/ASF/sam/drivers/pwm/pwm.o
 .debug_macro   0x0000db85       0x40 src/ASF/sam/drivers/pwm/pwm.o
 .debug_macro   0x0000dbc5       0x6c src/ASF/sam/drivers/pwm/pwm.o
 .debug_macro   0x0000dc31       0x16 src/ASF/sam/drivers/pwm/pwm.o
 .debug_macro   0x0000dc47      0x182 src/ASF/sam/drivers/pwm/pwm.o
 .debug_macro   0x0000ddc9       0x22 src/ASF/sam/drivers/pwm/pwm.o
 .debug_macro   0x0000ddeb       0x16 src/ASF/sam/drivers/pwm/pwm.o
 .debug_macro   0x0000de01       0x16 src/ASF/sam/drivers/pwm/pwm.o
 .debug_macro   0x0000de17       0x29 src/ASF/sam/drivers/pwm/pwm.o
 .debug_macro   0x0000de40       0x75 src/ASF/sam/drivers/pwm/pwm.o
 .debug_macro   0x0000deb5       0x3f src/ASF/sam/drivers/pwm/pwm.o
 .debug_macro   0x0000def4      0x3ca src/ASF/sam/drivers/pwm/pwm.o
 .debug_macro   0x0000e2be      0x573 src/ASF/common/services/clock/sam4s/sysclk.o
 .debug_macro   0x0000e831       0x28 src/ASF/common/services/clock/sam4s/sysclk.o
 .debug_macro   0x0000e859      0x2b9 src/ASF/common/services/clock/sam4s/sysclk.o
 .debug_macro   0x0000eb12      0xa49 src/ASF/common/services/clock/sam4s/sysclk.o
 .debug_macro   0x0000f55b       0x58 src/ASF/common/services/clock/sam4s/sysclk.o
 .debug_macro   0x0000f5b3       0x64 src/ASF/common/services/clock/sam4s/sysclk.o
 .debug_macro   0x0000f617       0x46 src/ASF/common/services/clock/sam4s/sysclk.o
 .debug_macro   0x0000f65d       0x90 src/ASF/common/services/clock/sam4s/sysclk.o
 .debug_macro   0x0000f6ed      0x5b2 src/ASF/sam/boards/sam4s_ek2/init.o
 .debug_macro   0x0000fc9f      0x2bf src/ASF/sam/boards/sam4s_ek2/init.o
 .debug_macro   0x0000ff5e       0x46 src/ASF/sam/boards/sam4s_ek2/init.o
 .debug_macro   0x0000ffa4       0x94 src/ASF/sam/boards/sam4s_ek2/init.o
 .debug_macro   0x00010038       0x40 src/ASF/sam/boards/sam4s_ek2/init.o
 .debug_macro   0x00010078       0x82 src/ASF/sam/boards/sam4s_ek2/init.o
 .debug_macro   0x000100fa      0x50e src/ASF/sam/drivers/pio/pio.o
 .debug_macro   0x00010608       0x8e src/ASF/sam/drivers/pio/pio.o
 .debug_macro   0x00010696      0x518 src/ASF/sam/drivers/pio/pio_handler.o
 .debug_macro   0x00010bae      0x50e src/ASF/sam/drivers/pmc/pmc.o
 .debug_macro   0x000110bc       0x52 src/ASF/sam/drivers/pmc/pmc.o
 .debug_macro   0x0001110e      0x325 src/ASF/sam/utils/cmsis/sam4s/source/templates/gcc/startup_sam4s.o
 .debug_macro   0x00011433      0x32d src/ASF/sam/utils/cmsis/sam4s/source/templates/system_sam4s.o
 .debug_macro   0x00011760      0x5fd src/main.o
 .debug_macro   0x00011d5d       0x10 src/main.o
 .debug_macro   0x00011d6d       0x10 src/main.o

.debug_line     0x00000000     0x6eff
 .debug_line    0x00000000      0xdf5 src/ASF/sam/drivers/pwm/pwm.o
 .debug_line    0x00000df5      0xbb6 src/ASF/common/services/clock/sam4s/sysclk.o
 .debug_line    0x000019ab      0xc93 src/ASF/sam/boards/sam4s_ek2/init.o
 .debug_line    0x0000263e      0xf0e src/ASF/sam/drivers/pio/pio.o
 .debug_line    0x0000354c      0xb47 src/ASF/sam/drivers/pio/pio_handler.o
 .debug_line    0x00004093     0x1033 src/ASF/sam/drivers/pmc/pmc.o
 .debug_line    0x000050c6      0x889 src/ASF/sam/utils/cmsis/sam4s/source/templates/gcc/startup_sam4s.o
 .debug_line    0x0000594f      0x8a6 src/ASF/sam/utils/cmsis/sam4s/source/templates/system_sam4s.o
 .debug_line    0x000061f5      0xd0a src/main.o

.debug_str      0x00000000    0x51c98
 .debug_str     0x00000000    0x4ac08 src/ASF/sam/drivers/pwm/pwm.o
                              0x4afa3 (size before relaxing)
 .debug_str     0x0004ac08     0x4cbc src/ASF/common/services/clock/sam4s/sysclk.o
                              0x4f0c2 (size before relaxing)
 .debug_str     0x0004f8c4      0xc5e src/ASF/sam/boards/sam4s_ek2/init.o
                              0x4fa93 (size before relaxing)
 .debug_str     0x00050522      0x5d2 src/ASF/sam/drivers/pio/pio.o
                              0x4afc8 (size before relaxing)
 .debug_str     0x00050af4      0x40b src/ASF/sam/drivers/pio/pio_handler.o
                              0x4ae43 (size before relaxing)
 .debug_str     0x00050eff      0x6d4 src/ASF/sam/drivers/pmc/pmc.o
                              0x4ae17 (size before relaxing)
 .debug_str     0x000515d3      0x40e src/ASF/sam/utils/cmsis/sam4s/source/templates/gcc/startup_sam4s.o
                              0x3b6d7 (size before relaxing)
 .debug_str     0x000519e1       0xf1 src/ASF/sam/utils/cmsis/sam4s/source/templates/system_sam4s.o
                              0x3b4a0 (size before relaxing)
 .debug_str     0x00051ad2      0x1c6 src/main.o
                              0x50092 (size before relaxing)

.debug_frame    0x00000000      0xe5c
 .debug_frame   0x00000000      0x308 src/ASF/sam/drivers/pwm/pwm.o
 .debug_frame   0x00000308       0x58 src/ASF/common/services/clock/sam4s/sysclk.o
 .debug_frame   0x00000360       0x2c src/ASF/sam/boards/sam4s_ek2/init.o
 .debug_frame   0x0000038c      0x38c src/ASF/sam/drivers/pio/pio.o
 .debug_frame   0x00000718       0xf4 src/ASF/sam/drivers/pio/pio_handler.o
 .debug_frame   0x0000080c      0x46c src/ASF/sam/drivers/pmc/pmc.o
 .debug_frame   0x00000c78       0x38 src/ASF/sam/utils/cmsis/sam4s/source/templates/gcc/startup_sam4s.o
 .debug_frame   0x00000cb0       0x40 src/ASF/sam/utils/cmsis/sam4s/source/templates/system_sam4s.o
 .debug_frame   0x00000cf0       0x68 src/main.o
 .debug_frame   0x00000d58       0x2c c:/program files (x86)/atmel/studio/7.0/toolchain/arm/arm-gnu-toolchain/bin/../lib/gcc/arm-none-eabi/5.3.1/../../../../arm-none-eabi/lib/armv7e-m\libc.a(lib_a-init.o)
 .debug_frame   0x00000d84       0x50 c:/program files (x86)/atmel/studio/7.0/toolchain/arm/arm-gnu-toolchain/bin/../lib/gcc/arm-none-eabi/5.3.1/../../../../arm-none-eabi/lib/armv7e-m\libc.a(lib_a-__call_atexit.o)
 .debug_frame   0x00000dd4       0x20 c:/program files (x86)/atmel/studio/7.0/toolchain/arm/arm-gnu-toolchain/bin/../lib/gcc/arm-none-eabi/5.3.1/../../../../arm-none-eabi/lib/armv7e-m\libc.a(lib_a-atexit.o)
 .debug_frame   0x00000df4       0x34 c:/program files (x86)/atmel/studio/7.0/toolchain/arm/arm-gnu-toolchain/bin/../lib/gcc/arm-none-eabi/5.3.1/../../../../arm-none-eabi/lib/armv7e-m\libc.a(lib_a-fini.o)
 .debug_frame   0x00000e28       0x34 c:/program files (x86)/atmel/studio/7.0/toolchain/arm/arm-gnu-toolchain/bin/../lib/gcc/arm-none-eabi/5.3.1/../../../../arm-none-eabi/lib/armv7e-m\libc.a(lib_a-__atexit.o)

Cross Reference Table

Symbol                                            File
ACC_Handler                                       src/ASF/sam/utils/cmsis/sam4s/source/templates/gcc/startup_sam4s.o
ADC_Handler                                       src/ASF/sam/utils/cmsis/sam4s/source/templates/gcc/startup_sam4s.o
BusFault_Handler                                  src/ASF/sam/utils/cmsis/sam4s/source/templates/gcc/startup_sam4s.o
CRCCU_Handler                                     src/ASF/sam/utils/cmsis/sam4s/source/templates/gcc/startup_sam4s.o
DACC_Handler                                      src/ASF/sam/utils/cmsis/sam4s/source/templates/gcc/startup_sam4s.o
DebugMon_Handler                                  src/ASF/sam/utils/cmsis/sam4s/source/templates/gcc/startup_sam4s.o
Dummy_Handler                                     src/ASF/sam/utils/cmsis/sam4s/source/templates/gcc/startup_sam4s.o
EFC0_Handler                                      src/ASF/sam/utils/cmsis/sam4s/source/templates/gcc/startup_sam4s.o
EFC1_Handler                                      src/ASF/sam/utils/cmsis/sam4s/source/templates/gcc/startup_sam4s.o
HSMCI_Handler                                     src/ASF/sam/utils/cmsis/sam4s/source/templates/gcc/startup_sam4s.o
HardFault_Handler                                 src/ASF/sam/utils/cmsis/sam4s/source/templates/gcc/startup_sam4s.o
LED_Off                                           src/ASF/sam/boards/sam4s_ek2/led.o
LED_On                                            src/ASF/sam/boards/sam4s_ek2/led.o
MemManage_Handler                                 src/ASF/sam/utils/cmsis/sam4s/source/templates/gcc/startup_sam4s.o
NMI_Handler                                       src/ASF/sam/utils/cmsis/sam4s/source/templates/gcc/startup_sam4s.o
PIOA_Handler                                      src/ASF/sam/drivers/pio/pio_handler.o
PIOB_Handler                                      src/ASF/sam/drivers/pio/pio_handler.o
PIOC_Handler                                      src/ASF/sam/drivers/pio/pio_handler.o
PMC_Handler                                       src/ASF/sam/utils/cmsis/sam4s/source/templates/gcc/startup_sam4s.o
PWM_Handler                                       src/main.o
                                                  src/ASF/sam/utils/cmsis/sam4s/source/templates/gcc/startup_sam4s.o
PendSV_Handler                                    src/ASF/sam/utils/cmsis/sam4s/source/templates/gcc/startup_sam4s.o
RSTC_Handler                                      src/ASF/sam/utils/cmsis/sam4s/source/templates/gcc/startup_sam4s.o
RTC_Handler                                       src/ASF/sam/utils/cmsis/sam4s/source/templates/gcc/startup_sam4s.o
RTT_Handler                                       src/ASF/sam/utils/cmsis/sam4s/source/templates/gcc/startup_sam4s.o
Reset_Handler                                     src/ASF/sam/utils/cmsis/sam4s/source/templates/gcc/startup_sam4s.o
SPI_Handler                                       src/ASF/sam/utils/cmsis/sam4s/source/templates/gcc/startup_sam4s.o
SSC_Handler                                       src/ASF/sam/utils/cmsis/sam4s/source/templates/gcc/startup_sam4s.o
SUPC_Handler                                      src/ASF/sam/utils/cmsis/sam4s/source/templates/gcc/startup_sam4s.o
SVC_Handler                                       src/ASF/sam/utils/cmsis/sam4s/source/templates/gcc/startup_sam4s.o
SysTick_Handler                                   src/ASF/sam/utils/cmsis/sam4s/source/templates/gcc/startup_sam4s.o
SystemCoreClock                                   src/ASF/sam/utils/cmsis/sam4s/source/templates/system_sam4s.o
SystemCoreClockUpdate                             src/ASF/sam/utils/cmsis/sam4s/source/templates/system_sam4s.o
                                                  src/ASF/common/services/clock/sam4s/sysclk.o
SystemInit                                        src/ASF/sam/utils/cmsis/sam4s/source/templates/system_sam4s.o
TC0_Handler                                       src/ASF/sam/utils/cmsis/sam4s/source/templates/gcc/startup_sam4s.o
TC1_Handler                                       src/ASF/sam/utils/cmsis/sam4s/source/templates/gcc/startup_sam4s.o
TC2_Handler                                       src/ASF/sam/utils/cmsis/sam4s/source/templates/gcc/startup_sam4s.o
TC3_Handler                                       src/ASF/sam/utils/cmsis/sam4s/source/templates/gcc/startup_sam4s.o
TC4_Handler                                       src/ASF/sam/utils/cmsis/sam4s/source/templates/gcc/startup_sam4s.o
TC5_Handler                                       src/ASF/sam/utils/cmsis/sam4s/source/templates/gcc/startup_sam4s.o
TWI0_Handler                                      src/ASF/sam/utils/cmsis/sam4s/source/templates/gcc/startup_sam4s.o
TWI1_Handler                                      src/ASF/sam/utils/cmsis/sam4s/source/templates/gcc/startup_sam4s.o
UART0_Handler                                     src/ASF/sam/utils/cmsis/sam4s/source/templates/gcc/startup_sam4s.o
UART1_Handler                                     src/ASF/sam/utils/cmsis/sam4s/source/templates/gcc/startup_sam4s.o
UDP_Handler                                       src/ASF/sam/utils/cmsis/sam4s/source/templates/gcc/startup_sam4s.o
USART0_Handler                                    src/ASF/sam/utils/cmsis/sam4s/source/templates/gcc/startup_sam4s.o
USART1_Handler                                    src/ASF/sam/utils/cmsis/sam4s/source/templates/gcc/startup_sam4s.o
UsageFault_Handler                                src/ASF/sam/utils/cmsis/sam4s/source/templates/gcc/startup_sam4s.o
WDT_Handler                                       src/ASF/sam/utils/cmsis/sam4s/source/templates/gcc/startup_sam4s.o
_Jv_RegisterClasses                               c:/program files (x86)/atmel/studio/7.0/toolchain/arm/arm-gnu-toolchain/bin/../lib/gcc/arm-none-eabi/5.3.1/armv7e-m/crtbegin.o
__bss_end__                                       c:/program files (x86)/atmel/studio/7.0/toolchain/arm/arm-gnu-toolchain/bin/../lib/gcc/arm-none-eabi/5.3.1/../../../../arm-none-eabi/lib/armv7e-m/crt0.o
__bss_start__                                     c:/program files (x86)/atmel/studio/7.0/toolchain/arm/arm-gnu-toolchain/bin/../lib/gcc/arm-none-eabi/5.3.1/../../../../arm-none-eabi/lib/armv7e-m/crt0.o
__call_exitprocs                                  c:/program files (x86)/atmel/studio/7.0/toolchain/arm/arm-gnu-toolchain/bin/../lib/gcc/arm-none-eabi/5.3.1/../../../../arm-none-eabi/lib/armv7e-m\libc.a(lib_a-__call_atexit.o)
                                                  c:/program files (x86)/atmel/studio/7.0/toolchain/arm/arm-gnu-toolchain/bin/../lib/gcc/arm-none-eabi/5.3.1/../../../../arm-none-eabi/lib/armv7e-m\libc.a(lib_a-exit.o)
__deregister_frame_info                           c:/program files (x86)/atmel/studio/7.0/toolchain/arm/arm-gnu-toolchain/bin/../lib/gcc/arm-none-eabi/5.3.1/armv7e-m/crtbegin.o
__dso_handle                                      c:/program files (x86)/atmel/studio/7.0/toolchain/arm/arm-gnu-toolchain/bin/../lib/gcc/arm-none-eabi/5.3.1/armv7e-m/crtbegin.o
__fini_array_end                                  c:/program files (x86)/atmel/studio/7.0/toolchain/arm/arm-gnu-toolchain/bin/../lib/gcc/arm-none-eabi/5.3.1/../../../../arm-none-eabi/lib/armv7e-m\libc.a(lib_a-fini.o)
__fini_array_start                                c:/program files (x86)/atmel/studio/7.0/toolchain/arm/arm-gnu-toolchain/bin/../lib/gcc/arm-none-eabi/5.3.1/../../../../arm-none-eabi/lib/armv7e-m\libc.a(lib_a-fini.o)
__init_array_end                                  c:/program files (x86)/atmel/studio/7.0/toolchain/arm/arm-gnu-toolchain/bin/../lib/gcc/arm-none-eabi/5.3.1/../../../../arm-none-eabi/lib/armv7e-m\libc.a(lib_a-init.o)
__init_array_start                                c:/program files (x86)/atmel/studio/7.0/toolchain/arm/arm-gnu-toolchain/bin/../lib/gcc/arm-none-eabi/5.3.1/../../../../arm-none-eabi/lib/armv7e-m\libc.a(lib_a-init.o)
__libc_fini                                       c:/program files (x86)/atmel/studio/7.0/toolchain/arm/arm-gnu-toolchain/bin/../lib/gcc/arm-none-eabi/5.3.1/../../../../arm-none-eabi/lib/armv7e-m\libc.a(lib_a-__call_atexit.o)
__libc_fini_array                                 c:/program files (x86)/atmel/studio/7.0/toolchain/arm/arm-gnu-toolchain/bin/../lib/gcc/arm-none-eabi/5.3.1/../../../../arm-none-eabi/lib/armv7e-m\libc.a(lib_a-fini.o)
                                                  c:/program files (x86)/atmel/studio/7.0/toolchain/arm/arm-gnu-toolchain/bin/../lib/gcc/arm-none-eabi/5.3.1/../../../../arm-none-eabi/lib/armv7e-m\libc.a(lib_a-__call_atexit.o)
                                                  c:/program files (x86)/atmel/studio/7.0/toolchain/arm/arm-gnu-toolchain/bin/../lib/gcc/arm-none-eabi/5.3.1/../../../../arm-none-eabi/lib/armv7e-m/crt0.o
__libc_init_array                                 c:/program files (x86)/atmel/studio/7.0/toolchain/arm/arm-gnu-toolchain/bin/../lib/gcc/arm-none-eabi/5.3.1/../../../../arm-none-eabi/lib/armv7e-m\libc.a(lib_a-init.o)
                                                  src/ASF/sam/utils/cmsis/sam4s/source/templates/gcc/startup_sam4s.o
                                                  c:/program files (x86)/atmel/studio/7.0/toolchain/arm/arm-gnu-toolchain/bin/../lib/gcc/arm-none-eabi/5.3.1/../../../../arm-none-eabi/lib/armv7e-m/crt0.o
__preinit_array_end                               c:/program files (x86)/atmel/studio/7.0/toolchain/arm/arm-gnu-toolchain/bin/../lib/gcc/arm-none-eabi/5.3.1/../../../../arm-none-eabi/lib/armv7e-m\libc.a(lib_a-init.o)
__preinit_array_start                             c:/program files (x86)/atmel/studio/7.0/toolchain/arm/arm-gnu-toolchain/bin/../lib/gcc/arm-none-eabi/5.3.1/../../../../arm-none-eabi/lib/armv7e-m\libc.a(lib_a-init.o)
__ram_end__                                       src/ASF/sam/utils/syscalls/gcc/syscalls.o
__register_exitproc                               c:/program files (x86)/atmel/studio/7.0/toolchain/arm/arm-gnu-toolchain/bin/../lib/gcc/arm-none-eabi/5.3.1/../../../../arm-none-eabi/lib/armv7e-m\libc.a(lib_a-__atexit.o)
                                                  c:/program files (x86)/atmel/studio/7.0/toolchain/arm/arm-gnu-toolchain/bin/../lib/gcc/arm-none-eabi/5.3.1/../../../../arm-none-eabi/lib/armv7e-m\libc.a(lib_a-atexit.o)
__register_frame_info                             c:/program files (x86)/atmel/studio/7.0/toolchain/arm/arm-gnu-toolchain/bin/../lib/gcc/arm-none-eabi/5.3.1/armv7e-m/crtbegin.o
__stack                                           c:/program files (x86)/atmel/studio/7.0/toolchain/arm/arm-gnu-toolchain/bin/../lib/gcc/arm-none-eabi/5.3.1/../../../../arm-none-eabi/lib/armv7e-m/crt0.o
_close                                            src/ASF/sam/utils/syscalls/gcc/syscalls.o
_end                                              src/ASF/sam/utils/syscalls/gcc/syscalls.o
_erelocate                                        src/ASF/sam/utils/cmsis/sam4s/source/templates/gcc/startup_sam4s.o
_estack                                           src/ASF/sam/utils/cmsis/sam4s/source/templates/gcc/startup_sam4s.o
_etext                                            src/ASF/sam/utils/cmsis/sam4s/source/templates/gcc/startup_sam4s.o
_exit                                             src/ASF/sam/utils/syscalls/gcc/syscalls.o
                                                  c:/program files (x86)/atmel/studio/7.0/toolchain/arm/arm-gnu-toolchain/bin/../lib/gcc/arm-none-eabi/5.3.1/../../../../arm-none-eabi/lib/armv7e-m\libc.a(lib_a-exit.o)
_ezero                                            src/ASF/sam/utils/cmsis/sam4s/source/templates/gcc/startup_sam4s.o
_fini                                             c:/program files (x86)/atmel/studio/7.0/toolchain/arm/arm-gnu-toolchain/bin/../lib/gcc/arm-none-eabi/5.3.1/armv7e-m/crti.o
                                                  c:/program files (x86)/atmel/studio/7.0/toolchain/arm/arm-gnu-toolchain/bin/../lib/gcc/arm-none-eabi/5.3.1/../../../../arm-none-eabi/lib/armv7e-m\libc.a(lib_a-fini.o)
_fstat                                            src/ASF/sam/utils/syscalls/gcc/syscalls.o
_getpid                                           src/ASF/sam/utils/syscalls/gcc/syscalls.o
_global_impure_ptr                                c:/program files (x86)/atmel/studio/7.0/toolchain/arm/arm-gnu-toolchain/bin/../lib/gcc/arm-none-eabi/5.3.1/../../../../arm-none-eabi/lib/armv7e-m\libc.a(lib_a-impure.o)
                                                  c:/program files (x86)/atmel/studio/7.0/toolchain/arm/arm-gnu-toolchain/bin/../lib/gcc/arm-none-eabi/5.3.1/../../../../arm-none-eabi/lib/armv7e-m\libc.a(lib_a-__atexit.o)
                                                  c:/program files (x86)/atmel/studio/7.0/toolchain/arm/arm-gnu-toolchain/bin/../lib/gcc/arm-none-eabi/5.3.1/../../../../arm-none-eabi/lib/armv7e-m\libc.a(lib_a-__call_atexit.o)
                                                  c:/program files (x86)/atmel/studio/7.0/toolchain/arm/arm-gnu-toolchain/bin/../lib/gcc/arm-none-eabi/5.3.1/../../../../arm-none-eabi/lib/armv7e-m\libc.a(lib_a-exit.o)
_impure_ptr                                       c:/program files (x86)/atmel/studio/7.0/toolchain/arm/arm-gnu-toolchain/bin/../lib/gcc/arm-none-eabi/5.3.1/../../../../arm-none-eabi/lib/armv7e-m\libc.a(lib_a-impure.o)
_init                                             c:/program files (x86)/atmel/studio/7.0/toolchain/arm/arm-gnu-toolchain/bin/../lib/gcc/arm-none-eabi/5.3.1/armv7e-m/crti.o
                                                  c:/program files (x86)/atmel/studio/7.0/toolchain/arm/arm-gnu-toolchain/bin/../lib/gcc/arm-none-eabi/5.3.1/../../../../arm-none-eabi/lib/armv7e-m\libc.a(lib_a-init.o)
_isatty                                           src/ASF/sam/utils/syscalls/gcc/syscalls.o
_kill                                             src/ASF/sam/utils/syscalls/gcc/syscalls.o
_lseek                                            src/ASF/sam/utils/syscalls/gcc/syscalls.o
_mainCRTStartup                                   c:/program files (x86)/atmel/studio/7.0/toolchain/arm/arm-gnu-toolchain/bin/../lib/gcc/arm-none-eabi/5.3.1/../../../../arm-none-eabi/lib/armv7e-m/crt0.o
_sbrk                                             src/ASF/sam/utils/syscalls/gcc/syscalls.o
_sfixed                                           src/ASF/sam/utils/cmsis/sam4s/source/templates/gcc/startup_sam4s.o
_srelocate                                        src/ASF/sam/utils/cmsis/sam4s/source/templates/gcc/startup_sam4s.o
_start                                            c:/program files (x86)/atmel/studio/7.0/toolchain/arm/arm-gnu-toolchain/bin/../lib/gcc/arm-none-eabi/5.3.1/../../../../arm-none-eabi/lib/armv7e-m/crt0.o
_szero                                            src/ASF/sam/utils/cmsis/sam4s/source/templates/gcc/startup_sam4s.o
atexit                                            c:/program files (x86)/atmel/studio/7.0/toolchain/arm/arm-gnu-toolchain/bin/../lib/gcc/arm-none-eabi/5.3.1/../../../../arm-none-eabi/lib/armv7e-m\libc.a(lib_a-atexit.o)
                                                  c:/program files (x86)/atmel/studio/7.0/toolchain/arm/arm-gnu-toolchain/bin/../lib/gcc/arm-none-eabi/5.3.1/../../../../arm-none-eabi/lib/armv7e-m\libc.a(lib_a-__call_atexit.o)
                                                  c:/program files (x86)/atmel/studio/7.0/toolchain/arm/arm-gnu-toolchain/bin/../lib/gcc/arm-none-eabi/5.3.1/../../../../arm-none-eabi/lib/armv7e-m/crt0.o
board_init                                        src/ASF/sam/boards/sam4s_ek2/init.o
                                                  src/main.o
cpu_irq_enter_critical                            src/ASF/common/utils/interrupt/interrupt_sam_nvic.o
cpu_irq_leave_critical                            src/ASF/common/utils/interrupt/interrupt_sam_nvic.o
exception_table                                   src/ASF/sam/utils/cmsis/sam4s/source/templates/gcc/startup_sam4s.o
exit                                              c:/program files (x86)/atmel/studio/7.0/toolchain/arm/arm-gnu-toolchain/bin/../lib/gcc/arm-none-eabi/5.3.1/../../../../arm-none-eabi/lib/armv7e-m\libc.a(lib_a-exit.o)
                                                  c:/program files (x86)/atmel/studio/7.0/toolchain/arm/arm-gnu-toolchain/bin/../lib/gcc/arm-none-eabi/5.3.1/../../../../arm-none-eabi/lib/armv7e-m/crt0.o
free                                              c:/program files (x86)/atmel/studio/7.0/toolchain/arm/arm-gnu-toolchain/bin/../lib/gcc/arm-none-eabi/5.3.1/../../../../arm-none-eabi/lib/armv7e-m\libc.a(lib_a-__call_atexit.o)
g_interrupt_enabled                               src/ASF/common/utils/interrupt/interrupt_sam_nvic.o
                                                  src/ASF/sam/drivers/pmc/sleep.o
g_pwm_channel_led                                 src/main.o
hardware_init_hook                                c:/program files (x86)/atmel/studio/7.0/toolchain/arm/arm-gnu-toolchain/bin/../lib/gcc/arm-none-eabi/5.3.1/../../../../arm-none-eabi/lib/armv7e-m/crt0.o
link                                              src/ASF/sam/utils/syscalls/gcc/syscalls.o
main                                              src/main.o
                                                  src/ASF/sam/utils/cmsis/sam4s/source/templates/gcc/startup_sam4s.o
                                                  c:/program files (x86)/atmel/studio/7.0/toolchain/arm/arm-gnu-toolchain/bin/../lib/gcc/arm-none-eabi/5.3.1/../../../../arm-none-eabi/lib/armv7e-m/crt0.o
malloc                                            c:/program files (x86)/atmel/studio/7.0/toolchain/arm/arm-gnu-toolchain/bin/../lib/gcc/arm-none-eabi/5.3.1/../../../../arm-none-eabi/lib/armv7e-m\libc.a(lib_a-__atexit.o)
memset                                            c:/program files (x86)/atmel/studio/7.0/toolchain/arm/arm-gnu-toolchain/bin/../lib/gcc/arm-none-eabi/5.3.1/../../../../arm-none-eabi/lib/armv7e-m\libc.a(lib_a-memset.o)
                                                  c:/program files (x86)/atmel/studio/7.0/toolchain/arm/arm-gnu-toolchain/bin/../lib/gcc/arm-none-eabi/5.3.1/../../../../arm-none-eabi/lib/armv7e-m/crt0.o
pio_capture_disable                               src/ASF/sam/drivers/pio/pio.o
pio_capture_disable_interrupt                     src/ASF/sam/drivers/pio/pio.o
pio_capture_enable                                src/ASF/sam/drivers/pio/pio.o
pio_capture_enable_flag                           src/ASF/sam/drivers/pio/pio.o
                                                  src/ASF/sam/drivers/pio/pio_handler.o
pio_capture_enable_interrupt                      src/ASF/sam/drivers/pio/pio.o
pio_capture_get_interrupt_mask                    src/ASF/sam/drivers/pio/pio.o
pio_capture_get_interrupt_status                  src/ASF/sam/drivers/pio/pio.o
pio_capture_get_pdc_base                          src/ASF/sam/drivers/pio/pio.o
pio_capture_handler_set                           src/ASF/sam/drivers/pio/pio_handler.o
pio_capture_read                                  src/ASF/sam/drivers/pio/pio.o
pio_capture_set_mode                              src/ASF/sam/drivers/pio/pio.o
pio_clear                                         src/ASF/sam/drivers/pio/pio.o
pio_configure                                     src/ASF/sam/drivers/pio/pio.o
pio_configure_interrupt                           src/ASF/sam/drivers/pio/pio.o
                                                  src/ASF/sam/drivers/pio/pio_handler.o
pio_configure_pin                                 src/ASF/sam/drivers/pio/pio.o
                                                  src/ASF/sam/boards/sam4s_ek2/init.o
pio_configure_pin_group                           src/ASF/sam/drivers/pio/pio.o
                                                  src/ASF/sam/boards/sam4s_ek2/init.o
pio_disable_interrupt                             src/ASF/sam/drivers/pio/pio.o
                                                  src/ASF/sam/drivers/pio/pio_handler.o
pio_disable_output_write                          src/ASF/sam/drivers/pio/pio.o
pio_disable_pin_interrupt                         src/ASF/sam/drivers/pio/pio.o
pio_enable_interrupt                              src/ASF/sam/drivers/pio/pio.o
                                                  src/ASF/sam/drivers/pio/pio_handler.o
pio_enable_output_write                           src/ASF/sam/drivers/pio/pio.o
pio_enable_pin_interrupt                          src/ASF/sam/drivers/pio/pio.o
pio_get                                           src/ASF/sam/drivers/pio/pio.o
pio_get_interrupt_mask                            src/ASF/sam/drivers/pio/pio.o
                                                  src/ASF/sam/drivers/pio/pio_handler.o
pio_get_interrupt_status                          src/ASF/sam/drivers/pio/pio.o
                                                  src/ASF/sam/drivers/pio/pio_handler.o
pio_get_multi_driver_status                       src/ASF/sam/drivers/pio/pio.o
pio_get_output_data_status                        src/ASF/sam/drivers/pio/pio.o
pio_get_output_write_status                       src/ASF/sam/drivers/pio/pio.o
pio_get_pin_group                                 src/ASF/sam/drivers/pio/pio.o
                                                  src/ASF/sam/drivers/pio/pio_handler.o
pio_get_pin_group_id                              src/ASF/sam/drivers/pio/pio.o
                                                  src/ASF/sam/drivers/pio/pio_handler.o
pio_get_pin_group_mask                            src/ASF/sam/drivers/pio/pio.o
                                                  src/ASF/sam/drivers/pio/pio_handler.o
pio_get_pin_value                                 src/ASF/sam/drivers/pio/pio.o
pio_get_schmitt_trigger                           src/ASF/sam/drivers/pio/pio.o
pio_get_writeprotect_status                       src/ASF/sam/drivers/pio/pio.o
pio_handler_process                               src/ASF/sam/drivers/pio/pio_handler.o
pio_handler_set                                   src/ASF/sam/drivers/pio/pio_handler.o
pio_handler_set_pin                               src/ASF/sam/drivers/pio/pio_handler.o
pio_handler_set_priority                          src/ASF/sam/drivers/pio/pio_handler.o
pio_pull_down                                     src/ASF/sam/drivers/pio/pio.o
pio_pull_up                                       src/ASF/sam/drivers/pio/pio.o
pio_set                                           src/ASF/sam/drivers/pio/pio.o
pio_set_additional_interrupt_mode                 src/ASF/sam/drivers/pio/pio.o
pio_set_debounce_filter                           src/ASF/sam/drivers/pio/pio.o
pio_set_input                                     src/ASF/sam/drivers/pio/pio.o
pio_set_multi_driver                              src/ASF/sam/drivers/pio/pio.o
pio_set_output                                    src/ASF/sam/drivers/pio/pio.o
pio_set_peripheral                                src/ASF/sam/drivers/pio/pio.o
pio_set_pin_group_high                            src/ASF/sam/drivers/pio/pio.o
pio_set_pin_group_low                             src/ASF/sam/drivers/pio/pio.o
pio_set_pin_high                                  src/ASF/sam/drivers/pio/pio.o
                                                  src/ASF/sam/boards/sam4s_ek2/led.o
pio_set_pin_low                                   src/ASF/sam/drivers/pio/pio.o
                                                  src/ASF/sam/boards/sam4s_ek2/led.o
                                                  src/ASF/sam/boards/sam4s_ek2/init.o
pio_set_schmitt_trigger                           src/ASF/sam/drivers/pio/pio.o
pio_set_writeprotect                              src/ASF/sam/drivers/pio/pio.o
pio_sync_output_write                             src/ASF/sam/drivers/pio/pio.o
pio_toggle_pin                                    src/ASF/sam/drivers/pio/pio.o
pio_toggle_pin_group                              src/ASF/sam/drivers/pio/pio.o
pmc_clr_fast_startup_input                        src/ASF/sam/drivers/pmc/pmc.o
pmc_disable_all_pck                               src/ASF/sam/drivers/pmc/pmc.o
pmc_disable_all_periph_clk                        src/ASF/sam/drivers/pmc/pmc.o
pmc_disable_clock_failure_detector                src/ASF/sam/drivers/pmc/pmc.o
pmc_disable_interrupt                             src/ASF/sam/drivers/pmc/pmc.o
pmc_disable_pck                                   src/ASF/sam/drivers/pmc/pmc.o
pmc_disable_periph_clk                            src/ASF/sam/drivers/pmc/pmc.o
pmc_disable_pllack                                src/ASF/sam/drivers/pmc/pmc.o
                                                  src/ASF/sam/drivers/pmc/sleep.o
                                                  src/ASF/common/services/clock/sam4s/sysclk.o
pmc_disable_pllbck                                src/ASF/sam/drivers/pmc/pmc.o
                                                  src/ASF/sam/drivers/pmc/sleep.o
pmc_disable_udpck                                 src/ASF/sam/drivers/pmc/pmc.o
pmc_enable_all_pck                                src/ASF/sam/drivers/pmc/pmc.o
pmc_enable_all_periph_clk                         src/ASF/sam/drivers/pmc/pmc.o
pmc_enable_backupmode                             src/ASF/sam/drivers/pmc/pmc.o
pmc_enable_clock_failure_detector                 src/ASF/sam/drivers/pmc/pmc.o
pmc_enable_interrupt                              src/ASF/sam/drivers/pmc/pmc.o
pmc_enable_pck                                    src/ASF/sam/drivers/pmc/pmc.o
pmc_enable_periph_clk                             src/ASF/sam/drivers/pmc/pmc.o
                                                  src/main.o
                                                  src/ASF/sam/boards/sam4s_ek2/init.o
pmc_enable_pllack                                 src/ASF/sam/drivers/pmc/pmc.o
pmc_enable_pllbck                                 src/ASF/sam/drivers/pmc/pmc.o
pmc_enable_sleepmode                              src/ASF/sam/drivers/pmc/pmc.o
pmc_enable_udpck                                  src/ASF/sam/drivers/pmc/pmc.o
pmc_enable_waitmode                               src/ASF/sam/drivers/pmc/pmc.o
                                                  src/ASF/sam/drivers/pmc/sleep.o
pmc_get_interrupt_mask                            src/ASF/sam/drivers/pmc/pmc.o
pmc_get_status                                    src/ASF/sam/drivers/pmc/pmc.o
pmc_get_writeprotect_status                       src/ASF/sam/drivers/pmc/pmc.o
pmc_is_locked_pllack                              src/ASF/sam/drivers/pmc/pmc.o
                                                  src/ASF/common/services/clock/sam4s/sysclk.o
pmc_is_locked_pllbck                              src/ASF/sam/drivers/pmc/pmc.o
pmc_is_pck_enabled                                src/ASF/sam/drivers/pmc/pmc.o
pmc_is_periph_clk_enabled                         src/ASF/sam/drivers/pmc/pmc.o
pmc_is_wakeup_clocks_restored                     src/ASF/sam/drivers/pmc/sleep.o
pmc_mainck_osc_select                             src/ASF/sam/drivers/pmc/pmc.o
pmc_mck_set_prescaler                             src/ASF/sam/drivers/pmc/pmc.o
                                                  src/ASF/common/services/clock/sam4s/sysclk.o
pmc_mck_set_source                                src/ASF/sam/drivers/pmc/pmc.o
                                                  src/ASF/common/services/clock/sam4s/sysclk.o
pmc_osc_bypass_main_xtal                          src/ASF/sam/drivers/pmc/pmc.o
pmc_osc_disable_fastrc                            src/ASF/sam/drivers/pmc/pmc.o
pmc_osc_disable_main_xtal                         src/ASF/sam/drivers/pmc/pmc.o
pmc_osc_disable_xtal                              src/ASF/sam/drivers/pmc/pmc.o
pmc_osc_enable_fastrc                             src/ASF/sam/drivers/pmc/pmc.o
pmc_osc_enable_main_xtal                          src/ASF/sam/drivers/pmc/pmc.o
pmc_osc_is_bypassed_main_xtal                     src/ASF/sam/drivers/pmc/pmc.o
pmc_osc_is_ready_32kxtal                          src/ASF/sam/drivers/pmc/pmc.o
pmc_osc_is_ready_fastrc                           src/ASF/sam/drivers/pmc/pmc.o
pmc_osc_is_ready_main_xtal                        src/ASF/sam/drivers/pmc/pmc.o
pmc_osc_is_ready_mainck                           src/ASF/sam/drivers/pmc/pmc.o
                                                  src/ASF/common/services/clock/sam4s/sysclk.o
pmc_pck_set_prescaler                             src/ASF/sam/drivers/pmc/pmc.o
pmc_pck_set_source                                src/ASF/sam/drivers/pmc/pmc.o
pmc_set_fast_startup_input                        src/ASF/sam/drivers/pmc/pmc.o
pmc_set_flash_in_wait_mode                        src/ASF/sam/drivers/pmc/pmc.o
                                                  src/ASF/sam/drivers/pmc/sleep.o
pmc_set_writeprotect                              src/ASF/sam/drivers/pmc/pmc.o
pmc_sleep                                         src/ASF/sam/drivers/pmc/sleep.o
pmc_switch_mainck_to_fastrc                       src/ASF/sam/drivers/pmc/pmc.o
pmc_switch_mainck_to_xtal                         src/ASF/sam/drivers/pmc/pmc.o
                                                  src/ASF/common/services/clock/sam4s/sysclk.o
pmc_switch_mck_to_mainck                          src/ASF/sam/drivers/pmc/pmc.o
pmc_switch_mck_to_pllack                          src/ASF/sam/drivers/pmc/pmc.o
                                                  src/ASF/common/services/clock/sam4s/sysclk.o
pmc_switch_mck_to_pllbck                          src/ASF/sam/drivers/pmc/pmc.o
pmc_switch_mck_to_sclk                            src/ASF/sam/drivers/pmc/pmc.o
pmc_switch_pck_to_mainck                          src/ASF/sam/drivers/pmc/pmc.o
pmc_switch_pck_to_mck                             src/ASF/sam/drivers/pmc/pmc.o
pmc_switch_pck_to_pllack                          src/ASF/sam/drivers/pmc/pmc.o
pmc_switch_pck_to_pllbck                          src/ASF/sam/drivers/pmc/pmc.o
pmc_switch_pck_to_sclk                            src/ASF/sam/drivers/pmc/pmc.o
pmc_switch_sclk_to_32kxtal                        src/ASF/sam/drivers/pmc/pmc.o
pmc_switch_udpck_to_pllack                        src/ASF/sam/drivers/pmc/pmc.o
pmc_switch_udpck_to_pllbck                        src/ASF/sam/drivers/pmc/pmc.o
pmc_wait_wakeup_clocks_restore                    src/ASF/sam/drivers/pmc/sleep.o
pwm_channel_disable                               src/ASF/sam/drivers/pwm/pwm.o
                                                  src/main.o
pwm_channel_disable_interrupt                     src/ASF/sam/drivers/pwm/pwm.o
pwm_channel_enable                                src/ASF/sam/drivers/pwm/pwm.o
                                                  src/main.o
pwm_channel_enable_interrupt                      src/ASF/sam/drivers/pwm/pwm.o
                                                  src/main.o
pwm_channel_get_counter                           src/ASF/sam/drivers/pwm/pwm.o
pwm_channel_get_interrupt_mask                    src/ASF/sam/drivers/pwm/pwm.o
pwm_channel_get_interrupt_status                  src/ASF/sam/drivers/pwm/pwm.o
                                                  src/main.o
pwm_channel_get_status                            src/ASF/sam/drivers/pwm/pwm.o
pwm_channel_init                                  src/ASF/sam/drivers/pwm/pwm.o
                                                  src/main.o
pwm_channel_update_dead_time                      src/ASF/sam/drivers/pwm/pwm.o
pwm_channel_update_duty                           src/ASF/sam/drivers/pwm/pwm.o
                                                  src/main.o
pwm_channel_update_output                         src/ASF/sam/drivers/pwm/pwm.o
pwm_channel_update_period                         src/ASF/sam/drivers/pwm/pwm.o
pwm_cmp_change_setting                            src/ASF/sam/drivers/pwm/pwm.o
pwm_cmp_disable_interrupt                         src/ASF/sam/drivers/pwm/pwm.o
pwm_cmp_enable_interrupt                          src/ASF/sam/drivers/pwm/pwm.o
pwm_cmp_get_period_counter                        src/ASF/sam/drivers/pwm/pwm.o
pwm_cmp_get_update_counter                        src/ASF/sam/drivers/pwm/pwm.o
pwm_cmp_init                                      src/ASF/sam/drivers/pwm/pwm.o
pwm_disable_protect                               src/ASF/sam/drivers/pwm/pwm.o
pwm_enable_protect                                src/ASF/sam/drivers/pwm/pwm.o
pwm_fault_clear_status                            src/ASF/sam/drivers/pwm/pwm.o
pwm_fault_get_input_level                         src/ASF/sam/drivers/pwm/pwm.o
pwm_fault_get_status                              src/ASF/sam/drivers/pwm/pwm.o
pwm_fault_init                                    src/ASF/sam/drivers/pwm/pwm.o
pwm_get_interrupt_mask                            src/ASF/sam/drivers/pwm/pwm.o
pwm_get_interrupt_status                          src/ASF/sam/drivers/pwm/pwm.o
pwm_get_protect_status                            src/ASF/sam/drivers/pwm/pwm.o
pwm_init                                          src/ASF/sam/drivers/pwm/pwm.o
                                                  src/main.o
pwm_pdc_disable_interrupt                         src/ASF/sam/drivers/pwm/pwm.o
pwm_pdc_enable_interrupt                          src/ASF/sam/drivers/pwm/pwm.o
pwm_pdc_set_request_mode                          src/ASF/sam/drivers/pwm/pwm.o
pwm_setup                                         src/main.o
pwm_stepper_motor_init                            src/ASF/sam/drivers/pwm/pwm.o
pwm_sync_change_period                            src/ASF/sam/drivers/pwm/pwm.o
pwm_sync_disable_interrupt                        src/ASF/sam/drivers/pwm/pwm.o
pwm_sync_enable_interrupt                         src/ASF/sam/drivers/pwm/pwm.o
pwm_sync_get_period_counter                       src/ASF/sam/drivers/pwm/pwm.o
pwm_sync_init                                     src/ASF/sam/drivers/pwm/pwm.o
pwm_sync_unlock_update                            src/ASF/sam/drivers/pwm/pwm.o
software_init_hook                                c:/program files (x86)/atmel/studio/7.0/toolchain/arm/arm-gnu-toolchain/bin/../lib/gcc/arm-none-eabi/5.3.1/../../../../arm-none-eabi/lib/armv7e-m/crt0.o
sysclk_init                                       src/ASF/common/services/clock/sam4s/sysclk.o
                                                  src/main.o
sysclk_set_prescalers                             src/ASF/common/services/clock/sam4s/sysclk.o
sysclk_set_source                                 src/ASF/common/services/clock/sam4s/sysclk.o
system_init_flash                                 src/ASF/sam/utils/cmsis/sam4s/source/templates/system_sam4s.o
                                                  src/ASF/common/services/clock/sam4s/sysclk.o
