Archive member included to satisfy reference by file (symbol)

c:/program files (x86)/atmel/studio/7.0/toolchain/arm/arm-gnu-toolchain/bin/../lib/gcc/arm-none-eabi/5.3.1/../../../../arm-none-eabi/lib/armv7e-m\libc.a(lib_a-exit.o)
                              c:/program files (x86)/atmel/studio/7.0/toolchain/arm/arm-gnu-toolchain/bin/../lib/gcc/arm-none-eabi/5.3.1/../../../../arm-none-eabi/lib/armv7e-m/crt0.o (exit)
c:/program files (x86)/atmel/studio/7.0/toolchain/arm/arm-gnu-toolchain/bin/../lib/gcc/arm-none-eabi/5.3.1/../../../../arm-none-eabi/lib/armv7e-m\libc.a(lib_a-impure.o)
                              c:/program files (x86)/atmel/studio/7.0/toolchain/arm/arm-gnu-toolchain/bin/../lib/gcc/arm-none-eabi/5.3.1/../../../../arm-none-eabi/lib/armv7e-m\libc.a(lib_a-exit.o) (_global_impure_ptr)
c:/program files (x86)/atmel/studio/7.0/toolchain/arm/arm-gnu-toolchain/bin/../lib/gcc/arm-none-eabi/5.3.1/../../../../arm-none-eabi/lib/armv7e-m\libc.a(lib_a-init.o)
                              c:/program files (x86)/atmel/studio/7.0/toolchain/arm/arm-gnu-toolchain/bin/../lib/gcc/arm-none-eabi/5.3.1/../../../../arm-none-eabi/lib/armv7e-m/crt0.o (__libc_init_array)
c:/program files (x86)/atmel/studio/7.0/toolchain/arm/arm-gnu-toolchain/bin/../lib/gcc/arm-none-eabi/5.3.1/../../../../arm-none-eabi/lib/armv7e-m\libc.a(lib_a-iprintf.o)
                              src/main.o (iprintf)
c:/program files (x86)/atmel/studio/7.0/toolchain/arm/arm-gnu-toolchain/bin/../lib/gcc/arm-none-eabi/5.3.1/../../../../arm-none-eabi/lib/armv7e-m\libc.a(lib_a-memset.o)
                              c:/program files (x86)/atmel/studio/7.0/toolchain/arm/arm-gnu-toolchain/bin/../lib/gcc/arm-none-eabi/5.3.1/../../../../arm-none-eabi/lib/armv7e-m/crt0.o (memset)
c:/program files (x86)/atmel/studio/7.0/toolchain/arm/arm-gnu-toolchain/bin/../lib/gcc/arm-none-eabi/5.3.1/../../../../arm-none-eabi/lib/armv7e-m\libc.a(lib_a-puts.o)
                              src/main.o (puts)
c:/program files (x86)/atmel/studio/7.0/toolchain/arm/arm-gnu-toolchain/bin/../lib/gcc/arm-none-eabi/5.3.1/../../../../arm-none-eabi/lib/armv7e-m\libc.a(lib_a-setbuf.o)
                              src/main.o (setbuf)
c:/program files (x86)/atmel/studio/7.0/toolchain/arm/arm-gnu-toolchain/bin/../lib/gcc/arm-none-eabi/5.3.1/../../../../arm-none-eabi/lib/armv7e-m\libc.a(lib_a-setvbuf.o)
                              c:/program files (x86)/atmel/studio/7.0/toolchain/arm/arm-gnu-toolchain/bin/../lib/gcc/arm-none-eabi/5.3.1/../../../../arm-none-eabi/lib/armv7e-m\libc.a(lib_a-setbuf.o) (setvbuf)
c:/program files (x86)/atmel/studio/7.0/toolchain/arm/arm-gnu-toolchain/bin/../lib/gcc/arm-none-eabi/5.3.1/../../../../arm-none-eabi/lib/armv7e-m\libc.a(lib_a-strlen.o)
                              c:/program files (x86)/atmel/studio/7.0/toolchain/arm/arm-gnu-toolchain/bin/../lib/gcc/arm-none-eabi/5.3.1/../../../../arm-none-eabi/lib/armv7e-m\libc.a(lib_a-puts.o) (strlen)
c:/program files (x86)/atmel/studio/7.0/toolchain/arm/arm-gnu-toolchain/bin/../lib/gcc/arm-none-eabi/5.3.1/../../../../arm-none-eabi/lib/armv7e-m\libc.a(lib_a-vfiprintf.o)
                              c:/program files (x86)/atmel/studio/7.0/toolchain/arm/arm-gnu-toolchain/bin/../lib/gcc/arm-none-eabi/5.3.1/../../../../arm-none-eabi/lib/armv7e-m\libc.a(lib_a-iprintf.o) (_vfiprintf_r)
c:/program files (x86)/atmel/studio/7.0/toolchain/arm/arm-gnu-toolchain/bin/../lib/gcc/arm-none-eabi/5.3.1/../../../../arm-none-eabi/lib/armv7e-m\libc.a(lib_a-wsetup.o)
                              c:/program files (x86)/atmel/studio/7.0/toolchain/arm/arm-gnu-toolchain/bin/../lib/gcc/arm-none-eabi/5.3.1/../../../../arm-none-eabi/lib/armv7e-m\libc.a(lib_a-vfiprintf.o) (__swsetup_r)
c:/program files (x86)/atmel/studio/7.0/toolchain/arm/arm-gnu-toolchain/bin/../lib/gcc/arm-none-eabi/5.3.1/../../../../arm-none-eabi/lib/armv7e-m\libc.a(lib_a-__call_atexit.o)
                              c:/program files (x86)/atmel/studio/7.0/toolchain/arm/arm-gnu-toolchain/bin/../lib/gcc/arm-none-eabi/5.3.1/../../../../arm-none-eabi/lib/armv7e-m\libc.a(lib_a-exit.o) (__call_exitprocs)
c:/program files (x86)/atmel/studio/7.0/toolchain/arm/arm-gnu-toolchain/bin/../lib/gcc/arm-none-eabi/5.3.1/../../../../arm-none-eabi/lib/armv7e-m\libc.a(lib_a-atexit.o)
                              c:/program files (x86)/atmel/studio/7.0/toolchain/arm/arm-gnu-toolchain/bin/../lib/gcc/arm-none-eabi/5.3.1/../../../../arm-none-eabi/lib/armv7e-m\libc.a(lib_a-__call_atexit.o) (atexit)
c:/program files (x86)/atmel/studio/7.0/toolchain/arm/arm-gnu-toolchain/bin/../lib/gcc/arm-none-eabi/5.3.1/../../../../arm-none-eabi/lib/armv7e-m\libc.a(lib_a-fflush.o)
                              c:/program files (x86)/atmel/studio/7.0/toolchain/arm/arm-gnu-toolchain/bin/../lib/gcc/arm-none-eabi/5.3.1/../../../../arm-none-eabi/lib/armv7e-m\libc.a(lib_a-setvbuf.o) (_fflush_r)
[...]
Memory Configuration

Name             Origin             Length             Attributes
rom              0x00400000         0x00200000         xr
ram              0x20000000         0x00028000         xrw
*default*        0x00000000         0xffffffff

Linker script and memory map

LOAD c:/program files (x86)/atmel/studio/7.0/toolchain/arm/arm-gnu-toolchain/bin/../lib/gcc/arm-none-eabi/5.3.1/armv7e-m/crti.o
LOAD c:/program files (x86)/atmel/studio/7.0/toolchain/arm/arm-gnu-toolchain/bin/../lib/gcc/arm-none-eabi/5.3.1/armv7e-m/crtbegin.o
LOAD c:/program files (x86)/atmel/studio/7.0/toolchain/arm/arm-gnu-toolchain/bin/../lib/gcc/arm-none-eabi/5.3.1/../../../../arm-none-eabi/lib/armv7e-m/crt0.o
LOAD src/ASF/common/utils/stdio/read.o
LOAD src/ASF/sam/drivers/usart/usart.o
LOAD src/ASF/common/utils/stdio/write.o
LOAD src/ASF/common/services/serial/usart_serial.o
LOAD src/ASF/sam/drivers/tc/tc.o
LOAD src/ASF/sam/drivers/uart/uart.o
LOAD src/ASF/common/services/clock/sam4s/sysclk.o
LOAD src/ASF/common/utils/interrupt/interrupt_sam_nvic.o
LOAD src/ASF/sam/boards/sam4s_ek2/init.o
LOAD src/ASF/sam/boards/sam4s_ek2/led.o
LOAD src/ASF/sam/drivers/pio/pio.o
LOAD src/ASF/sam/drivers/pio/pio_handler.o
LOAD src/ASF/sam/drivers/pmc/pmc.o
LOAD src/ASF/sam/drivers/pmc/sleep.o
LOAD src/ASF/sam/utils/cmsis/sam4s/source/templates/gcc/startup_sam4s.o
LOAD src/ASF/sam/utils/cmsis/sam4s/source/templates/system_sam4s.o
LOAD src/ASF/sam/utils/syscalls/gcc/syscalls.o
LOAD src/main.o
START GROUP
LOAD ../src/ASF/thirdparty/CMSIS/Lib/GCC\libarm_cortexM4l_math.a
LOAD c:/program files (x86)/atmel/studio/7.0/toolchain/arm/arm-gnu-toolchain/bin/../lib/gcc/arm-none-eabi/5.3.1/../../../../arm-none-eabi/lib/armv7e-m\libm.a
END GROUP
START GROUP
LOAD c:/program files (x86)/atmel/studio/7.0/toolchain/arm/arm-gnu-toolchain/bin/../lib/gcc/arm-none-eabi/5.3.1/armv7e-m\libgcc.a
LOAD c:/program files (x86)/atmel/studio/7.0/toolchain/arm/arm-gnu-toolchain/bin/../lib/gcc/arm-none-eabi/5.3.1/../../../../arm-none-eabi/lib/armv7e-m\libc.a
END GROUP
LOAD c:/program files (x86)/atmel/studio/7.0/toolchain/arm/arm-gnu-toolchain/bin/../lib/gcc/arm-none-eabi/5.3.1/armv7e-m/crtend.o
LOAD c:/program files (x86)/atmel/studio/7.0/toolchain/arm/arm-gnu-toolchain/bin/../lib/gcc/arm-none-eabi/5.3.1/armv7e-m/crtn.o
                0x00003000                __stack_size__ = DEFINED (__stack_size__)?__stack_size__:0x3000
                0x20027ffc                __ram_end__ = ((ORIGIN (ram) + LENGTH (ram)) - 0x4)

.text           0x00400000     0x409c
                0x00400000                . = ALIGN (0x4)
                0x00400000                _sfixed = .
 *(.vectors .vectors.*)
 .vectors       0x00400000       0xcc src/ASF/sam/utils/cmsis/sam4s/source/templates/gcc/startup_sam4s.o
                0x00400000                exception_table
 *(.text .text.* .gnu.linkonce.t.*)
 .text          0x004000cc       0x5c c:/program files (x86)/atmel/studio/7.0/toolchain/arm/arm-gnu-toolchain/bin/../lib/gcc/arm-none-eabi/5.3.1/armv7e-m/crtbegin.o
 .text._read    0x00400128       0x3c src/ASF/common/utils/stdio/read.o
                0x00400128                _read
 .text.usart_write
                0x00400164       0x14 src/ASF/sam/drivers/usart/usart.o
                0x00400164                usart_write
 .text.usart_read
                0x00400178       0x18 src/ASF/sam/drivers/usart/usart.o
                0x00400178                usart_read
 .text._write   0x00400190       0x50 src/ASF/common/utils/stdio/write.o
                0x00400190                _write
 .text.tc_init  0x004001e0       0x18 src/ASF/sam/drivers/tc/tc.o
                0x004001e0                tc_init
 .text.tc_start
                0x004001f8        0x8 src/ASF/sam/drivers/tc/tc.o
                0x004001f8                tc_start
 .text.tc_write_rc
                0x00400200        0x8 src/ASF/sam/drivers/tc/tc.o
                0x00400200                tc_write_rc
 .text.tc_enable_interrupt
                0x00400208        0x8 src/ASF/sam/drivers/tc/tc.o
                0x00400208                tc_enable_interrupt
 .text.tc_get_status
                0x00400210        0x8 src/ASF/sam/drivers/tc/tc.o
                0x00400210                tc_get_status
 .text.tc_find_mck_divisor
                0x00400218       0x74 src/ASF/sam/drivers/tc/tc.o
                0x00400218                tc_find_mck_divisor
 .text.uart_init
                0x0040028c       0x38 src/ASF/sam/drivers/uart/uart.o
                0x0040028c                uart_init
 .text.uart_write
                0x004002c4       0x10 src/ASF/sam/drivers/uart/uart.o
                0x004002c4                uart_write
 .text.uart_read
                0x004002d4       0x14 src/ASF/sam/drivers/uart/uart.o
                0x004002d4                uart_read
 .text.sysclk_init
                0x004002e8       0x64 src/ASF/common/services/clock/sam4s/sysclk.o
                0x004002e8                sysclk_init
 .text.board_init
                0x0040034c      0x144 src/ASF/sam/boards/sam4s_ek2/init.o
                0x0040034c                board_init
 .text.pio_set_peripheral
                0x00400490       0x90 src/ASF/sam/drivers/pio/pio.o
                0x00400490                pio_set_peripheral
 .text.pio_set_input
                0x00400520       0x34 src/ASF/sam/drivers/pio/pio.o
                0x00400520                pio_set_input
 .text.pio_set_output
                0x00400554       0x28 src/ASF/sam/drivers/pio/pio.o
                0x00400554                pio_set_output
 .text.pio_get_interrupt_status
                0x0040057c        0x4 src/ASF/sam/drivers/pio/pio.o
                0x0040057c                pio_get_interrupt_status
 .text.pio_get_interrupt_mask
                0x00400580        0x4 src/ASF/sam/drivers/pio/pio.o
                0x00400580                pio_get_interrupt_mask
 .text.pio_set_pin_low
                0x00400584       0x1c src/ASF/sam/drivers/pio/pio.o
                0x00400584                pio_set_pin_low
 .text.pio_toggle_pin
                0x004005a0       0x24 src/ASF/sam/drivers/pio/pio.o
                0x004005a0                pio_toggle_pin
 .text.pio_configure_pin
                0x004005c4      0x124 src/ASF/sam/drivers/pio/pio.o
                0x004005c4                pio_configure_pin
 .text.pio_configure_pin_group
                0x004006e8       0xdc src/ASF/sam/drivers/pio/pio.o
                0x004006e8                pio_configure_pin_group
 .text.pio_handler_process
                0x004007c4       0x68 src/ASF/sam/drivers/pio/pio_handler.o
                0x004007c4                pio_handler_process
 .text.PIOA_Handler
                0x0040082c       0x14 src/ASF/sam/drivers/pio/pio_handler.o
                0x0040082c                PIOA_Handler
 .text.PIOB_Handler
                0x00400840       0x14 src/ASF/sam/drivers/pio/pio_handler.o
                0x00400840                PIOB_Handler
 .text.PIOC_Handler
                0x00400854       0x14 src/ASF/sam/drivers/pio/pio_handler.o
                0x00400854                PIOC_Handler
 .text.pmc_switch_mck_to_pllack
                0x00400868       0x68 src/ASF/sam/drivers/pmc/pmc.o
                0x00400868                pmc_switch_mck_to_pllack
 .text.pmc_switch_mainck_to_xtal
                0x004008d0       0x54 src/ASF/sam/drivers/pmc/pmc.o
                0x004008d0                pmc_switch_mainck_to_xtal
 .text.pmc_osc_is_ready_mainck
                0x00400924       0x10 src/ASF/sam/drivers/pmc/pmc.o
                0x00400924                pmc_osc_is_ready_mainck
 .text.pmc_disable_pllack
                0x00400934       0x10 src/ASF/sam/drivers/pmc/pmc.o
                0x00400934                pmc_disable_pllack
 .text.pmc_is_locked_pllack
                0x00400944       0x10 src/ASF/sam/drivers/pmc/pmc.o
                0x00400944                pmc_is_locked_pllack
 .text.pmc_enable_periph_clk
                0x00400954       0x54 src/ASF/sam/drivers/pmc/pmc.o
                0x00400954                pmc_enable_periph_clk
 .text.Dummy_Handler
                0x004009a8        0x4 src/ASF/sam/utils/cmsis/sam4s/source/templates/gcc/startup_sam4s.o
                0x004009a8                DACC_Handler
                0x004009a8                DebugMon_Handler
                0x004009a8                HardFault_Handler
                0x004009a8                TC2_Handler
                0x004009a8                SPI_Handler
                0x004009a8                SysTick_Handler
                0x004009a8                TWI1_Handler
                0x004009a8                PendSV_Handler
                0x004009a8                NMI_Handler
                0x004009a8                ADC_Handler
                0x004009a8                CRCCU_Handler
                0x004009a8                USART0_Handler
                0x004009a8                RTT_Handler
                0x004009a8                EFC1_Handler
                0x004009a8                RTC_Handler
                0x004009a8                UsageFault_Handler
                0x004009a8                WDT_Handler
                0x004009a8                TC4_Handler
                0x004009a8                TC1_Handler
                0x004009a8                HSMCI_Handler
                0x004009a8                UART1_Handler
                0x004009a8                TC3_Handler
                0x004009a8                Dummy_Handler
                0x004009a8                TWI0_Handler
                0x004009a8                USART1_Handler
                0x004009a8                SSC_Handler
                0x004009a8                EFC0_Handler
                0x004009a8                ACC_Handler
                0x004009a8                PMC_Handler
                0x004009a8                PWM_Handler
                0x004009a8                MemManage_Handler
                0x004009a8                SUPC_Handler
                0x004009a8                SVC_Handler
                0x004009a8                UART0_Handler
                0x004009a8                UDP_Handler
                0x004009a8                BusFault_Handler
                0x004009a8                RSTC_Handler
                0x004009a8                TC5_Handler
 .text.Reset_Handler
                0x004009ac       0xb0 src/ASF/sam/utils/cmsis/sam4s/source/templates/gcc/startup_sam4s.o
                0x004009ac                Reset_Handler
 .text.SystemCoreClockUpdate
                0x00400a5c      0x114 src/ASF/sam/utils/cmsis/sam4s/source/templates/system_sam4s.o
                0x00400a5c                SystemCoreClockUpdate
 .text.system_init_flash
                0x00400b70       0x94 src/ASF/sam/utils/cmsis/sam4s/source/templates/system_sam4s.o
                0x00400b70                system_init_flash
 .text._sbrk    0x00400c04       0x34 src/ASF/sam/utils/syscalls/gcc/syscalls.o
                0x00400c04                _sbrk
 .text._close   0x00400c38        0x8 src/ASF/sam/utils/syscalls/gcc/syscalls.o
                0x00400c38                _close
 .text._fstat   0x00400c40        0xc src/ASF/sam/utils/syscalls/gcc/syscalls.o
                0x00400c40                _fstat
 .text._isatty  0x00400c4c        0x4 src/ASF/sam/utils/syscalls/gcc/syscalls.o
                0x00400c4c                _isatty
 .text._lseek   0x00400c50        0x4 src/ASF/sam/utils/syscalls/gcc/syscalls.o
                0x00400c50                _lseek
 .text.usart_serial_getchar
                0x00400c54       0x88 src/main.o
 .text.usart_serial_putchar
                0x00400cdc       0x80 src/main.o
 .text.inicializacao_UART
                0x00400d5c       0x98 src/main.o
                0x00400d5c                inicializacao_UART
 .text.TC0_Handler
                0x00400df4       0x2c src/main.o
                0x00400df4                TC0_Handler
 .text.main     0x00400e20       0xe8 src/main.o
                0x00400e20                main
 .text.__libc_init_array
                0x00400f08       0x50 c:/program files (x86)/atmel/studio/7.0/toolchain/arm/arm-gnu-toolchain/bin/../lib/gcc/arm-none-eabi/5.3.1/../../../../arm-none-eabi/lib/armv7e-m\libc.a(lib_a-init.o)
                0x00400f08                __libc_init_array
 .text.iprintf  0x00400f58       0x28 c:/program files (x86)/atmel/studio/7.0/toolchain/arm/arm-gnu-toolchain/bin/../lib/gcc/arm-none-eabi/5.3.1/../../../../arm-none-eabi/lib/armv7e-m\libc.a(lib_a-iprintf.o)
                0x00400f58                iprintf
 .text.memset   0x00400f80       0x9c c:/program files (x86)/atmel/studio/7.0/toolchain/arm/arm-gnu-toolchain/bin/../lib/gcc/arm-none-eabi/5.3.1/../../../../arm-none-eabi/lib/armv7e-m\libc.a(lib_a-memset.o)
                0x00400f80                memset
 .text._puts_r  0x0040101c       0x68 c:/program files (x86)/atmel/studio/7.0/toolchain/arm/arm-gnu-toolchain/bin/../lib/gcc/arm-none-eabi/5.3.1/../../../../arm-none-eabi/lib/armv7e-m\libc.a(lib_a-puts.o)
                0x0040101c                _puts_r
 .text.puts     0x00401084       0x10 c:/program files (x86)/atmel/studio/7.0/toolchain/arm/arm-gnu-toolchain/bin/../lib/gcc/arm-none-eabi/5.3.1/../../../../arm-none-eabi/lib/armv7e-m\libc.a(lib_a-puts.o)
                0x00401084                puts
 .text.setbuf   0x00401094       0x10 c:/program files (x86)/atmel/studio/7.0/toolchain/arm/arm-gnu-toolchain/bin/../lib/gcc/arm-none-eabi/5.3.1/../../../../arm-none-eabi/lib/armv7e-m\libc.a(lib_a-setbuf.o)
                0x00401094                setbuf
 .text.setvbuf  0x004010a4      0x150 c:/program files (x86)/atmel/studio/7.0/toolchain/arm/arm-gnu-toolchain/bin/../lib/gcc/arm-none-eabi/5.3.1/../../../../arm-none-eabi/lib/armv7e-m\libc.a(lib_a-setvbuf.o)
                0x004010a4                setvbuf
 *fill*         0x004011f4        0xc 
 .text          0x00401200       0xdc c:/program files (x86)/atmel/studio/7.0/toolchain/arm/arm-gnu-toolchain/bin/../lib/gcc/arm-none-eabi/5.3.1/../../../../arm-none-eabi/lib/armv7e-m\libc.a(lib_a-strlen.o)
                0x00401200                strlen
 .text.__sprint_r.part.0
                0x004012dc       0x78 c:/program files (x86)/atmel/studio/7.0/toolchain/arm/arm-gnu-toolchain/bin/../lib/gcc/arm-none-eabi/5.3.1/../../../../arm-none-eabi/lib/armv7e-m\libc.a(lib_a-vfiprintf.o)
 .text._vfiprintf_r
                0x00401354      0xdfc c:/program files (x86)/atmel/studio/7.0/toolchain/arm/arm-gnu-toolchain/bin/../lib/gcc/arm-none-eabi/5.3.1/../../../../arm-none-eabi/lib/armv7e-m\libc.a(lib_a-vfiprintf.o)
                0x00401354                _vfiprintf_r
 .text.__sbprintf
                0x00402150       0x6c c:/program files (x86)/atmel/studio/7.0/toolchain/arm/arm-gnu-toolchain/bin/../lib/gcc/arm-none-eabi/5.3.1/../../../../arm-none-eabi/lib/armv7e-m\libc.a(lib_a-vfiprintf.o)
 .text.__swsetup_r
                0x004021bc       0xc8 c:/program files (x86)/atmel/studio/7.0/toolchain/arm/arm-gnu-toolchain/bin/../lib/gcc/arm-none-eabi/5.3.1/../../../../arm-none-eabi/lib/armv7e-m\libc.a(lib_a-wsetup.o)
                0x004021bc                __swsetup_r
 .text.startup.register_fini
                0x00402284       0x14 c:/program files (x86)/atmel/studio/7.0/toolchain/arm/arm-gnu-toolchain/bin/../lib/gcc/arm-none-eabi/5.3.1/../../../../arm-none-eabi/lib/armv7e-m\libc.a(lib_a-__call_atexit.o)
 .text.atexit   0x00402298        0xc c:/program files (x86)/atmel/studio/7.0/toolchain/arm/arm-gnu-toolchain/bin/../lib/gcc/arm-none-eabi/5.3.1/../../../../arm-none-eabi/lib/armv7e-m\libc.a(lib_a-atexit.o)
                0x00402298                atexit
 .text.__sflush_r
                0x004022a4      0x148 c:/program files (x86)/atmel/studio/7.0/toolchain/arm/arm-gnu-toolchain/bin/../lib/gcc/arm-none-eabi/5.3.1/../../../../arm-none-eabi/lib/armv7e-m\libc.a(lib_a-fflush.o)
                0x004022a4                __sflush_r
 .text._fflush_r
                0x004023ec       0x2c c:/program files (x86)/atmel/studio/7.0/toolchain/arm/arm-gnu-toolchain/bin/../lib/gcc/arm-none-eabi/5.3.1/../../../../arm-none-eabi/lib/armv7e-m\libc.a(lib_a-fflush.o)
                0x004023ec                _fflush_r
 .text._cleanup_r
                0x00402418        0xc c:/program files (x86)/atmel/studio/7.0/toolchain/arm/arm-gnu-toolchain/bin/../lib/gcc/arm-none-eabi/5.3.1/../../../../arm-none-eabi/lib/armv7e-m\libc.a(lib_a-findfp.o)
                0x00402418                _cleanup_r
 .text.__sinit.part.1
                0x00402424       0xf0 c:/program files (x86)/atmel/studio/7.0/toolchain/arm/arm-gnu-toolchain/bin/../lib/gcc/arm-none-eabi/5.3.1/../../../../arm-none-eabi/lib/armv7e-m\libc.a(lib_a-findfp.o)
 .text.__sinit  0x00402514        0xc c:/program files (x86)/atmel/studio/7.0/toolchain/arm/arm-gnu-toolchain/bin/../lib/gcc/arm-none-eabi/5.3.1/../../../../arm-none-eabi/lib/armv7e-m\libc.a(lib_a-findfp.o)
                0x00402514                __sinit
 .text.__sfp_lock_acquire
                0x00402520        0x4 c:/program files (x86)/atmel/studio/7.0/toolchain/arm/arm-gnu-toolchain/bin/../lib/gcc/arm-none-eabi/5.3.1/../../../../arm-none-eabi/lib/armv7e-m\libc.a(lib_a-findfp.o)
                0x00402520                __sfp_lock_acquire
 .text.__sfp_lock_release
                0x00402524        0x4 c:/program files (x86)/atmel/studio/7.0/toolchain/arm/arm-gnu-toolchain/bin/../lib/gcc/arm-none-eabi/5.3.1/../../../../arm-none-eabi/lib/armv7e-m\libc.a(lib_a-findfp.o)
                0x00402524                __sfp_lock_release
 .text.__libc_fini_array
                0x00402528       0x28 c:/program files (x86)/atmel/studio/7.0/toolchain/arm/arm-gnu-toolchain/bin/../lib/gcc/arm-none-eabi/5.3.1/../../../../arm-none-eabi/lib/armv7e-m\libc.a(lib_a-fini.o)
                0x00402528                __libc_fini_array
 .text.__fputwc
                0x00402550       0x98 c:/program files (x86)/atmel/studio/7.0/toolchain/arm/arm-gnu-toolchain/bin/../lib/gcc/arm-none-eabi/5.3.1/../../../../arm-none-eabi/lib/armv7e-m\libc.a(lib_a-fputwc.o)
                0x00402550                __fputwc
 .text._fputwc_r
                0x004025e8       0x24 c:/program files (x86)/atmel/studio/7.0/toolchain/arm/arm-gnu-toolchain/bin/../lib/gcc/arm-none-eabi/5.3.1/../../../../arm-none-eabi/lib/armv7e-m\libc.a(lib_a-fputwc.o)
                0x004025e8                _fputwc_r
 .text._malloc_trim_r
                0x0040260c       0x9c c:/program files (x86)/atmel/studio/7.0/toolchain/arm/arm-gnu-toolchain/bin/../lib/gcc/arm-none-eabi/5.3.1/../../../../arm-none-eabi/lib/armv7e-m\libc.a(lib_a-freer.o)
                0x0040260c                _malloc_trim_r
 .text._free_r  0x004026a8      0x1d0 c:/program files (x86)/atmel/studio/7.0/toolchain/arm/arm-gnu-toolchain/bin/../lib/gcc/arm-none-eabi/5.3.1/../../../../arm-none-eabi/lib/armv7e-m\libc.a(lib_a-freer.o)
                0x004026a8                _free_r
 .text.__sfvwrite_r
                0x00402878      0x304 c:/program files (x86)/atmel/studio/7.0/toolchain/arm/arm-gnu-toolchain/bin/../lib/gcc/arm-none-eabi/5.3.1/../../../../arm-none-eabi/lib/armv7e-m\libc.a(lib_a-fvwrite.o)
                0x00402878                __sfvwrite_r
 .text._fwalk_reent
                0x00402b7c       0x54 c:/program files (x86)/atmel/studio/7.0/toolchain/arm/arm-gnu-toolchain/bin/../lib/gcc/arm-none-eabi/5.3.1/../../../../arm-none-eabi/lib/armv7e-m\libc.a(lib_a-fwalk.o)
                0x00402b7c                _fwalk_reent
 .text.__locale_charset
                0x00402bd0        0x8 c:/program files (x86)/atmel/studio/7.0/toolchain/arm/arm-gnu-toolchain/bin/../lib/gcc/arm-none-eabi/5.3.1/../../../../arm-none-eabi/lib/armv7e-m\libc.a(lib_a-locale.o)
                0x00402bd0                __locale_charset
 .text.__locale_mb_cur_max
                0x00402bd8        0xc c:/program files (x86)/atmel/studio/7.0/toolchain/arm/arm-gnu-toolchain/bin/../lib/gcc/arm-none-eabi/5.3.1/../../../../arm-none-eabi/lib/armv7e-m\libc.a(lib_a-locale.o)
                0x00402bd8                __locale_mb_cur_max
 .text.__swhatbuf_r
                0x00402be4       0x60 c:/program files (x86)/atmel/studio/7.0/toolchain/arm/arm-gnu-toolchain/bin/../lib/gcc/arm-none-eabi/5.3.1/../../../../arm-none-eabi/lib/armv7e-m\libc.a(lib_a-makebuf.o)
                0x00402be4                __swhatbuf_r
 .text.__smakebuf_r
                0x00402c44       0x88 c:/program files (x86)/atmel/studio/7.0/toolchain/arm/arm-gnu-toolchain/bin/../lib/gcc/arm-none-eabi/5.3.1/../../../../arm-none-eabi/lib/armv7e-m\libc.a(lib_a-makebuf.o)
                0x00402c44                __smakebuf_r
 .text.malloc   0x00402ccc       0x10 c:/program files (x86)/atmel/studio/7.0/toolchain/arm/arm-gnu-toolchain/bin/../lib/gcc/arm-none-eabi/5.3.1/../../../../arm-none-eabi/lib/armv7e-m\libc.a(lib_a-malloc.o)
                0x00402ccc                malloc
 .text._malloc_r
                0x00402cdc      0x570 c:/program files (x86)/atmel/studio/7.0/toolchain/arm/arm-gnu-toolchain/bin/../lib/gcc/arm-none-eabi/5.3.1/../../../../arm-none-eabi/lib/armv7e-m\libc.a(lib_a-mallocr.o)
                0x00402cdc                _malloc_r
 *fill*         0x0040324c        0x4 
 .text          0x00403250       0xa0 c:/program files (x86)/atmel/studio/7.0/toolchain/arm/arm-gnu-toolchain/bin/../lib/gcc/arm-none-eabi/5.3.1/../../../../arm-none-eabi/lib/armv7e-m\libc.a(lib_a-memchr.o)
                0x00403250                memchr
 .text          0x004032f0      0x134 c:/program files (x86)/atmel/studio/7.0/toolchain/arm/arm-gnu-toolchain/bin/../lib/gcc/arm-none-eabi/5.3.1/../../../../arm-none-eabi/lib/armv7e-m\libc.a(lib_a-memcpy.o)
                0x004032f0                memcpy
 .text.memmove  0x00403424       0xc8 c:/program files (x86)/atmel/studio/7.0/toolchain/arm/arm-gnu-toolchain/bin/../lib/gcc/arm-none-eabi/5.3.1/../../../../arm-none-eabi/lib/armv7e-m\libc.a(lib_a-memmove.o)
                0x00403424                memmove
 .text.__malloc_lock
                0x004034ec        0x4 c:/program files (x86)/atmel/studio/7.0/toolchain/arm/arm-gnu-toolchain/bin/../lib/gcc/arm-none-eabi/5.3.1/../../../../arm-none-eabi/lib/armv7e-m\libc.a(lib_a-mlock.o)
                0x004034ec                __malloc_lock
 .text.__malloc_unlock
                0x004034f0        0x4 c:/program files (x86)/atmel/studio/7.0/toolchain/arm/arm-gnu-toolchain/bin/../lib/gcc/arm-none-eabi/5.3.1/../../../../arm-none-eabi/lib/armv7e-m\libc.a(lib_a-mlock.o)
                0x004034f0                __malloc_unlock
 .text._realloc_r
                0x004034f4      0x3e0 c:/program files (x86)/atmel/studio/7.0/toolchain/arm/arm-gnu-toolchain/bin/../lib/gcc/arm-none-eabi/5.3.1/../../../../arm-none-eabi/lib/armv7e-m\libc.a(lib_a-reallocr.o)
                0x004034f4                _realloc_r
 .text._sbrk_r  0x004038d4       0x24 c:/program files (x86)/atmel/studio/7.0/toolchain/arm/arm-gnu-toolchain/bin/../lib/gcc/arm-none-eabi/5.3.1/../../../../arm-none-eabi/lib/armv7e-m\libc.a(lib_a-sbrkr.o)
                0x004038d4                _sbrk_r
 .text.__sread  0x004038f8       0x24 c:/program files (x86)/atmel/studio/7.0/toolchain/arm/arm-gnu-toolchain/bin/../lib/gcc/arm-none-eabi/5.3.1/../../../../arm-none-eabi/lib/armv7e-m\libc.a(lib_a-stdio.o)
                0x004038f8                __sread
 .text.__swrite
                0x0040391c       0x3c c:/program files (x86)/atmel/studio/7.0/toolchain/arm/arm-gnu-toolchain/bin/../lib/gcc/arm-none-eabi/5.3.1/../../../../arm-none-eabi/lib/armv7e-m\libc.a(lib_a-stdio.o)
                0x0040391c                __swrite
 .text.__sseek  0x00403958       0x20 c:/program files (x86)/atmel/studio/7.0/toolchain/arm/arm-gnu-toolchain/bin/../lib/gcc/arm-none-eabi/5.3.1/../../../../arm-none-eabi/lib/armv7e-m\libc.a(lib_a-stdio.o)
                0x00403958                __sseek
 .text.__sclose
                0x00403978        0x8 c:/program files (x86)/atmel/studio/7.0/toolchain/arm/arm-gnu-toolchain/bin/../lib/gcc/arm-none-eabi/5.3.1/../../../../arm-none-eabi/lib/armv7e-m\libc.a(lib_a-stdio.o)
                0x00403978                __sclose
 .text.__swbuf_r
                0x00403980       0xac c:/program files (x86)/atmel/studio/7.0/toolchain/arm/arm-gnu-toolchain/bin/../lib/gcc/arm-none-eabi/5.3.1/../../../../arm-none-eabi/lib/armv7e-m\libc.a(lib_a-wbuf.o)
                0x00403980                __swbuf_r
 .text._wcrtomb_r
                0x00403a2c       0x54 c:/program files (x86)/atmel/studio/7.0/toolchain/arm/arm-gnu-toolchain/bin/../lib/gcc/arm-none-eabi/5.3.1/../../../../arm-none-eabi/lib/armv7e-m\libc.a(lib_a-wcrtomb.o)
                0x00403a2c                _wcrtomb_r
 .text.__ascii_wctomb
                0x00403a80       0x1c c:/program files (x86)/atmel/studio/7.0/toolchain/arm/arm-gnu-toolchain/bin/../lib/gcc/arm-none-eabi/5.3.1/../../../../arm-none-eabi/lib/armv7e-m\libc.a(lib_a-wctomb_r.o)
                0x00403a80                __ascii_wctomb
 .text._write_r
                0x00403a9c       0x2c c:/program files (x86)/atmel/studio/7.0/toolchain/arm/arm-gnu-toolchain/bin/../lib/gcc/arm-none-eabi/5.3.1/../../../../arm-none-eabi/lib/armv7e-m\libc.a(lib_a-writer.o)
                0x00403a9c                _write_r
 .text.__register_exitproc
                0x00403ac8       0xa4 c:/program files (x86)/atmel/studio/7.0/toolchain/arm/arm-gnu-toolchain/bin/../lib/gcc/arm-none-eabi/5.3.1/../../../../arm-none-eabi/lib/armv7e-m\libc.a(lib_a-__atexit.o)
                0x00403ac8                __register_exitproc
 .text._close_r
                0x00403b6c       0x24 c:/program files (x86)/atmel/studio/7.0/toolchain/arm/arm-gnu-toolchain/bin/../lib/gcc/arm-none-eabi/5.3.1/../../../../arm-none-eabi/lib/armv7e-m\libc.a(lib_a-closer.o)
                0x00403b6c                _close_r
 .text._fclose_r
                0x00403b90       0x84 c:/program files (x86)/atmel/studio/7.0/toolchain/arm/arm-gnu-toolchain/bin/../lib/gcc/arm-none-eabi/5.3.1/../../../../arm-none-eabi/lib/armv7e-m\libc.a(lib_a-fclose.o)
                0x00403b90                _fclose_r
 .text._fstat_r
                0x00403c14       0x28 c:/program files (x86)/atmel/studio/7.0/toolchain/arm/arm-gnu-toolchain/bin/../lib/gcc/arm-none-eabi/5.3.1/../../../../arm-none-eabi/lib/armv7e-m\libc.a(lib_a-fstatr.o)
                0x00403c14                _fstat_r
 .text._isatty_r
                0x00403c3c       0x24 c:/program files (x86)/atmel/studio/7.0/toolchain/arm/arm-gnu-toolchain/bin/../lib/gcc/arm-none-eabi/5.3.1/../../../../arm-none-eabi/lib/armv7e-m\libc.a(lib_a-isattyr.o)
                0x00403c3c                _isatty_r
 .text._lseek_r
                0x00403c60       0x2c c:/program files (x86)/atmel/studio/7.0/toolchain/arm/arm-gnu-toolchain/bin/../lib/gcc/arm-none-eabi/5.3.1/../../../../arm-none-eabi/lib/armv7e-m\libc.a(lib_a-lseekr.o)
                0x00403c60                _lseek_r
 .text._read_r  0x00403c8c       0x2c c:/program files (x86)/atmel/studio/7.0/toolchain/arm/arm-gnu-toolchain/bin/../lib/gcc/arm-none-eabi/5.3.1/../../../../arm-none-eabi/lib/armv7e-m\libc.a(lib_a-readr.o)
                0x00403c8c                _read_r
 .text          0x00403cb8       0x30 c:/program files (x86)/atmel/studio/7.0/toolchain/arm/arm-gnu-toolchain/bin/../lib/gcc/arm-none-eabi/5.3.1/armv7e-m\libgcc.a(_aeabi_uldivmod.o)
                0x00403cb8                __aeabi_uldivmod
 .text          0x00403ce8      0x2e4 c:/program files (x86)/atmel/studio/7.0/toolchain/arm/arm-gnu-toolchain/bin/../lib/gcc/arm-none-eabi/5.3.1/armv7e-m\libgcc.a(_udivmoddi4.o)
                0x00403ce8                __udivmoddi4
 .text          0x00403fcc        0x4 c:/program files (x86)/atmel/studio/7.0/toolchain/arm/arm-gnu-toolchain/bin/../lib/gcc/arm-none-eabi/5.3.1/armv7e-m\libgcc.a(_dvmd_tls.o)
                0x00403fcc                __aeabi_idiv0
                0x00403fcc                __aeabi_ldiv0
 *(.glue_7t)
 .glue_7t       0x00403fd0        0x0 linker stubs
 *(.glue_7)
 .glue_7        0x00403fd0        0x0 linker stubs
 *(.rodata .rodata* .gnu.linkonce.r.*)
 .rodata.str1.4
                0x00403fd0       0x4a src/main.o
 *fill*         0x0040401a        0x2 
 .rodata.str1.4
                0x0040401c        0x2 c:/program files (x86)/atmel/studio/7.0/toolchain/arm/arm-gnu-toolchain/bin/../lib/gcc/arm-none-eabi/5.3.1/../../../../arm-none-eabi/lib/armv7e-m\libc.a(lib_a-impure.o)
 *fill*         0x0040401e        0x2 
 .rodata._global_impure_ptr
                0x00404020        0x4 c:/program files (x86)/atmel/studio/7.0/toolchain/arm/arm-gnu-toolchain/bin/../lib/gcc/arm-none-eabi/5.3.1/../../../../arm-none-eabi/lib/armv7e-m\libc.a(lib_a-impure.o)
                0x00404020                _global_impure_ptr
 .rodata.str1.4
                0x00404024        0x2 c:/program files (x86)/atmel/studio/7.0/toolchain/arm/arm-gnu-toolchain/bin/../lib/gcc/arm-none-eabi/5.3.1/../../../../arm-none-eabi/lib/armv7e-m\libc.a(lib_a-puts.o)
 *fill*         0x00404026        0x2 
 .rodata.zeroes.6993
                0x00404028       0x10 c:/program files (x86)/atmel/studio/7.0/toolchain/arm/arm-gnu-toolchain/bin/../lib/gcc/arm-none-eabi/5.3.1/../../../../arm-none-eabi/lib/armv7e-m\libc.a(lib_a-vfiprintf.o)
 .rodata.str1.4
                0x00404038       0x30 c:/program files (x86)/atmel/studio/7.0/toolchain/arm/arm-gnu-toolchain/bin/../lib/gcc/arm-none-eabi/5.3.1/../../../../arm-none-eabi/lib/armv7e-m\libc.a(lib_a-vfiprintf.o)
                                 0x2f (size before relaxing)
 .rodata.blanks.6992
                0x00404068       0x10 c:/program files (x86)/atmel/studio/7.0/toolchain/arm/arm-gnu-toolchain/bin/../lib/gcc/arm-none-eabi/5.3.1/../../../../arm-none-eabi/lib/armv7e-m\libc.a(lib_a-vfiprintf.o)
 *(.ARM.extab* .gnu.linkonce.armextab.*)
                0x00404078                . = ALIGN (0x4)
 *(.init)
 .init          0x00404078        0x4 c:/program files (x86)/atmel/studio/7.0/toolchain/arm/arm-gnu-toolchain/bin/../lib/gcc/arm-none-eabi/5.3.1/armv7e-m/crti.o
                0x00404078                _init
 .init          0x0040407c        0x8 c:/program files (x86)/atmel/studio/7.0/toolchain/arm/arm-gnu-toolchain/bin/../lib/gcc/arm-none-eabi/5.3.1/armv7e-m/crtn.o
                0x00404084                . = ALIGN (0x4)
                0x00404084                __preinit_array_start = .
 *(.preinit_array)
                0x00404084                __preinit_array_end = .
                0x00404084                . = ALIGN (0x4)
                0x00404084                __init_array_start = .
 *(SORT(.init_array.*))
 .init_array.00000
                0x00404084        0x4 c:/program files (x86)/atmel/studio/7.0/toolchain/arm/arm-gnu-toolchain/bin/../lib/gcc/arm-none-eabi/5.3.1/../../../../arm-none-eabi/lib/armv7e-m\libc.a(lib_a-__call_atexit.o)
 *(.init_array)
 .init_array    0x00404088        0x4 c:/program files (x86)/atmel/studio/7.0/toolchain/arm/arm-gnu-toolchain/bin/../lib/gcc/arm-none-eabi/5.3.1/armv7e-m/crtbegin.o
                0x0040408c                __init_array_end = .
                0x0040408c                . = ALIGN (0x4)
 *crtbegin.o(.ctors)
 *(EXCLUDE_FILE(*crtend.o) .ctors)
 *(SORT(.ctors.*))
 *crtend.o(.ctors)
                0x0040408c                . = ALIGN (0x4)
 *(.fini)
 .fini          0x0040408c        0x4 c:/program files (x86)/atmel/studio/7.0/toolchain/arm/arm-gnu-toolchain/bin/../lib/gcc/arm-none-eabi/5.3.1/armv7e-m/crti.o
                0x0040408c                _fini
 .fini          0x00404090        0x8 c:/program files (x86)/atmel/studio/7.0/toolchain/arm/arm-gnu-toolchain/bin/../lib/gcc/arm-none-eabi/5.3.1/armv7e-m/crtn.o
                0x00404098                . = ALIGN (0x4)
                0x00404098                __fini_array_start = .
 *(.fini_array)
 .fini_array    0x00404098        0x4 c:/program files (x86)/atmel/studio/7.0/toolchain/arm/arm-gnu-toolchain/bin/../lib/gcc/arm-none-eabi/5.3.1/armv7e-m/crtbegin.o
 *(SORT(.fini_array.*))
                0x0040409c                __fini_array_end = .
 *crtbegin.o(.dtors)
 *(EXCLUDE_FILE(*crtend.o) .dtors)
 *(SORT(.dtors.*))
 *crtend.o(.dtors)
                0x0040409c                . = ALIGN (0x4)
                0x0040409c                _efixed = .
                [!provide]                PROVIDE (__exidx_start, .)

.vfp11_veneer   0x0040409c        0x0
 .vfp11_veneer  0x0040409c        0x0 linker stubs

.v4_bx          0x0040409c        0x0
 .v4_bx         0x0040409c        0x0 linker stubs

.iplt           0x0040409c        0x0
 .iplt          0x0040409c        0x0 c:/program files (x86)/atmel/studio/7.0/toolchain/arm/arm-gnu-toolchain/bin/../lib/gcc/arm-none-eabi/5.3.1/armv7e-m/crtbegin.o

.ARM.exidx      0x0040409c        0x8
 *(.ARM.exidx* .gnu.linkonce.armexidx.*)
 .ARM.exidx     0x0040409c        0x8 c:/program files (x86)/atmel/studio/7.0/toolchain/arm/arm-gnu-toolchain/bin/../lib/gcc/arm-none-eabi/5.3.1/armv7e-m\libgcc.a(_udivmoddi4.o)
                [!provide]                PROVIDE (__exidx_end, .)

.eh_frame       0x004040a4        0x0
 .eh_frame      0x004040a4        0x0 c:/program files (x86)/atmel/studio/7.0/toolchain/arm/arm-gnu-toolchain/bin/../lib/gcc/arm-none-eabi/5.3.1/armv7e-m/crtbegin.o

.rel.dyn        0x004040a4        0x0
 .rel.iplt      0x004040a4        0x0 c:/program files (x86)/atmel/studio/7.0/toolchain/arm/arm-gnu-toolchain/bin/../lib/gcc/arm-none-eabi/5.3.1/armv7e-m/crtbegin.o

.jcr            0x004040a4        0x0
 .jcr           0x004040a4        0x0 c:/program files (x86)/atmel/studio/7.0/toolchain/arm/arm-gnu-toolchain/bin/../lib/gcc/arm-none-eabi/5.3.1/armv7e-m/crtbegin.o

.igot.plt       0x004040a4        0x0
 .igot.plt      0x004040a4        0x0 c:/program files (x86)/atmel/studio/7.0/toolchain/arm/arm-gnu-toolchain/bin/../lib/gcc/arm-none-eabi/5.3.1/armv7e-m/crtbegin.o
                0x004040a4                . = ALIGN (0x4)
                0x004040a4                _etext = .

.relocate       0x20000000      0x87c load address 0x004040a4
                0x20000000                . = ALIGN (0x4)
                0x20000000                _srelocate = .
 *(.ramfunc .ramfunc.*)
 *(.data .data.*)
 .data.SystemCoreClock
                0x20000000        0x4 src/ASF/sam/utils/cmsis/sam4s/source/templates/system_sam4s.o
                0x20000000                SystemCoreClock
 .data.usart_options.8359
                0x20000004       0x10 src/main.o
 *fill*         0x20000014        0x4 
 .data.impure_data
                0x20000018      0x428 c:/program files (x86)/atmel/studio/7.0/toolchain/arm/arm-gnu-toolchain/bin/../lib/gcc/arm-none-eabi/5.3.1/../../../../arm-none-eabi/lib/armv7e-m\libc.a(lib_a-impure.o)
 .data._impure_ptr
                0x20000440        0x4 c:/program files (x86)/atmel/studio/7.0/toolchain/arm/arm-gnu-toolchain/bin/../lib/gcc/arm-none-eabi/5.3.1/../../../../arm-none-eabi/lib/armv7e-m\libc.a(lib_a-impure.o)
                0x20000440                _impure_ptr
 .data.lc_ctype_charset
                0x20000444       0x20 c:/program files (x86)/atmel/studio/7.0/toolchain/arm/arm-gnu-toolchain/bin/../lib/gcc/arm-none-eabi/5.3.1/../../../../arm-none-eabi/lib/armv7e-m\libc.a(lib_a-locale.o)
 .data.__mb_cur_max
                0x20000464        0x4 c:/program files (x86)/atmel/studio/7.0/toolchain/arm/arm-gnu-toolchain/bin/../lib/gcc/arm-none-eabi/5.3.1/../../../../arm-none-eabi/lib/armv7e-m\libc.a(lib_a-locale.o)
                0x20000464                __mb_cur_max
 .data.__malloc_av_
                0x20000468      0x408 c:/program files (x86)/atmel/studio/7.0/toolchain/arm/arm-gnu-toolchain/bin/../lib/gcc/arm-none-eabi/5.3.1/../../../../arm-none-eabi/lib/armv7e-m\libc.a(lib_a-mallocr.o)
                0x20000468                __malloc_av_
 .data.__malloc_trim_threshold
                0x20000870        0x4 c:/program files (x86)/atmel/studio/7.0/toolchain/arm/arm-gnu-toolchain/bin/../lib/gcc/arm-none-eabi/5.3.1/../../../../arm-none-eabi/lib/armv7e-m\libc.a(lib_a-mallocr.o)
                0x20000870                __malloc_trim_threshold
 .data.__malloc_sbrk_base
                0x20000874        0x4 c:/program files (x86)/atmel/studio/7.0/toolchain/arm/arm-gnu-toolchain/bin/../lib/gcc/arm-none-eabi/5.3.1/../../../../arm-none-eabi/lib/armv7e-m\libc.a(lib_a-mallocr.o)
                0x20000874                __malloc_sbrk_base
 .data.__wctomb
                0x20000878        0x4 c:/program files (x86)/atmel/studio/7.0/toolchain/arm/arm-gnu-toolchain/bin/../lib/gcc/arm-none-eabi/5.3.1/../../../../arm-none-eabi/lib/armv7e-m\libc.a(lib_a-wctomb_r.o)
                0x20000878                __wctomb
                0x2000087c                . = ALIGN (0x4)
                0x2000087c                _erelocate = .

.bss            0x2000087c       0xdc load address 0x00404920
                0x2000087c                . = ALIGN (0x4)
                0x2000087c                _sbss = .
                0x2000087c                _szero = .
 *(.bss .bss.*)
 .bss           0x2000087c       0x1c c:/program files (x86)/atmel/studio/7.0/toolchain/arm/arm-gnu-toolchain/bin/../lib/gcc/arm-none-eabi/5.3.1/armv7e-m/crtbegin.o
 .bss.pio_capture_handler
                0x20000898        0x4 src/ASF/sam/drivers/pio/pio_handler.o
 .bss.gs_interrupt_sources
                0x2000089c       0x70 src/ASF/sam/drivers/pio/pio_handler.o
 .bss.heap.5287
                0x2000090c        0x4 src/ASF/sam/utils/syscalls/gcc/syscalls.o
 .bss.__malloc_max_total_mem
                0x20000910        0x4 c:/program files (x86)/atmel/studio/7.0/toolchain/arm/arm-gnu-toolchain/bin/../lib/gcc/arm-none-eabi/5.3.1/../../../../arm-none-eabi/lib/armv7e-m\libc.a(lib_a-mallocr.o)
                0x20000910                __malloc_max_total_mem
 .bss.__malloc_max_sbrked_mem
                0x20000914        0x4 c:/program files (x86)/atmel/studio/7.0/toolchain/arm/arm-gnu-toolchain/bin/../lib/gcc/arm-none-eabi/5.3.1/../../../../arm-none-eabi/lib/armv7e-m\libc.a(lib_a-mallocr.o)
                0x20000914                __malloc_max_sbrked_mem
 .bss.__malloc_top_pad
                0x20000918        0x4 c:/program files (x86)/atmel/studio/7.0/toolchain/arm/arm-gnu-toolchain/bin/../lib/gcc/arm-none-eabi/5.3.1/../../../../arm-none-eabi/lib/armv7e-m\libc.a(lib_a-mallocr.o)
                0x20000918                __malloc_top_pad
 .bss.__malloc_current_mallinfo
                0x2000091c       0x28 c:/program files (x86)/atmel/studio/7.0/toolchain/arm/arm-gnu-toolchain/bin/../lib/gcc/arm-none-eabi/5.3.1/../../../../arm-none-eabi/lib/armv7e-m\libc.a(lib_a-mallocr.o)
                0x2000091c                __malloc_current_mallinfo
 *(COMMON)
 COMMON         0x20000944        0x4 src/ASF/common/utils/stdio/read.o
                0x20000944                ptr_get
 COMMON         0x20000948        0x8 src/ASF/common/utils/stdio/write.o
                0x20000948                ptr_put
                0x2000094c                stdio_base
 COMMON         0x20000950        0x4 src/ASF/sam/drivers/pio/pio.o
                0x20000950                pio_capture_enable_flag
 COMMON         0x20000954        0x4 c:/program files (x86)/atmel/studio/7.0/toolchain/arm/arm-gnu-toolchain/bin/../lib/gcc/arm-none-eabi/5.3.1/../../../../arm-none-eabi/lib/armv7e-m\libc.a(lib_a-reent.o)
                0x20000954                errno
                0x20000958                . = ALIGN (0x4)
                0x20000958                _ebss = .
                0x20000958                _ezero = .

.stack          0x20000958     0x3000 load address 0x004049fc
                0x20000958                . = ALIGN (0x8)
                0x20000958                _sstack = .
                0x20003958                . = (. + __stack_size__)
 *fill*         0x20000958     0x3000 
                0x20003958                . = ALIGN (0x8)
                0x20003958                _estack = .
                0x20003958                . = ALIGN (0x4)
                0x20003958                _end = .
OUTPUT(Exemplo-Timer.elf elf32-littlearm)

.ARM.attributes
                0x00000000       0x2a
 .ARM.attributes
                0x00000000       0x1e c:/program files (x86)/atmel/studio/7.0/toolchain/arm/arm-gnu-toolchain/bin/../lib/gcc/arm-none-eabi/5.3.1/armv7e-m/crti.o
 .ARM.attributes
                0x0000001e       0x2e c:/program files (x86)/atmel/studio/7.0/toolchain/arm/arm-gnu-toolchain/bin/../lib/gcc/arm-none-eabi/5.3.1/armv7e-m/crtbegin.o
 .ARM.attributes
                0x0000004c       0x33 src/ASF/common/utils/stdio/read.o
 .ARM.attributes
                0x0000007f       0x33 src/ASF/sam/drivers/usart/usart.o
 .ARM.attributes
                0x000000b2       0x33 src/ASF/common/utils/stdio/write.o
 .ARM.attributes
                0x000000e5       0x33 src/ASF/sam/drivers/tc/tc.o
 .ARM.attributes
                0x00000118       0x33 src/ASF/sam/drivers/uart/uart.o
 .ARM.attributes
                0x0000014b       0x33 src/ASF/common/services/clock/sam4s/sysclk.o
 .ARM.attributes
                0x0000017e       0x33 src/ASF/sam/boards/sam4s_ek2/init.o
 .ARM.attributes
                0x000001b1       0x33 src/ASF/sam/drivers/pio/pio.o
 .ARM.attributes
                0x000001e4       0x33 src/ASF/sam/drivers/pio/pio_handler.o
 .ARM.attributes
                0x00000217       0x33 src/ASF/sam/drivers/pmc/pmc.o
 .ARM.attributes
                0x0000024a       0x33 src/ASF/sam/utils/cmsis/sam4s/source/templates/gcc/startup_sam4s.o
 .ARM.attributes
                0x0000027d       0x33 src/ASF/sam/utils/cmsis/sam4s/source/templates/system_sam4s.o
 .ARM.attributes
                0x000002b0       0x33 src/ASF/sam/utils/syscalls/gcc/syscalls.o
 .ARM.attributes
                0x000002e3       0x33 src/main.o
 .ARM.attributes
                0x00000316       0x2e c:/program files (x86)/atmel/studio/7.0/toolchain/arm/arm-gnu-toolchain/bin/../lib/gcc/arm-none-eabi/5.3.1/../../../../arm-none-eabi/lib/armv7e-m\libc.a(lib_a-impure.o)
 .ARM.attributes
                0x00000344       0x2e c:/program files (x86)/atmel/studio/7.0/toolchain/arm/arm-gnu-toolchain/bin/../lib/gcc/arm-none-eabi/5.3.1/../../../../arm-none-eabi/lib/armv7e-m\libc.a(lib_a-init.o)
 .ARM.attributes
                0x00000372       0x2e c:/program files (x86)/atmel/studio/7.0/toolchain/arm/arm-gnu-toolchain/bin/../lib/gcc/arm-none-eabi/5.3.1/../../../../arm-none-eabi/lib/armv7e-m\libc.a(lib_a-iprintf.o)
 .ARM.attributes
                0x000003a0       0x2e c:/program files (x86)/atmel/studio/7.0/toolchain/arm/arm-gnu-toolchain/bin/../lib/gcc/arm-none-eabi/5.3.1/../../../../arm-none-eabi/lib/armv7e-m\libc.a(lib_a-memset.o)
 .ARM.attributes
                0x000003ce       0x2e c:/program files (x86)/atmel/studio/7.0/toolchain/arm/arm-gnu-toolchain/bin/../lib/gcc/arm-none-eabi/5.3.1/../../../../arm-none-eabi/lib/armv7e-m\libc.a(lib_a-puts.o)
 .ARM.attributes
                0x000003fc       0x2e c:/program files (x86)/atmel/studio/7.0/toolchain/arm/arm-gnu-toolchain/bin/../lib/gcc/arm-none-eabi/5.3.1/../../../../arm-none-eabi/lib/armv7e-m\libc.a(lib_a-setbuf.o)
 .ARM.attributes
                0x0000042a       0x2e c:/program files (x86)/atmel/studio/7.0/toolchain/arm/arm-gnu-toolchain/bin/../lib/gcc/arm-none-eabi/5.3.1/../../../../arm-none-eabi/lib/armv7e-m\libc.a(lib_a-setvbuf.o)
 .ARM.attributes
                0x00000458       0x1c c:/program files (x86)/atmel/studio/7.0/toolchain/arm/arm-gnu-toolchain/bin/../lib/gcc/arm-none-eabi/5.3.1/../../../../arm-none-eabi/lib/armv7e-m\libc.a(lib_a-strlen.o)
 .ARM.attributes
                0x00000474       0x2e c:/program files (x86)/atmel/studio/7.0/toolchain/arm/arm-gnu-toolchain/bin/../lib/gcc/arm-none-eabi/5.3.1/../../../../arm-none-eabi/lib/armv7e-m\libc.a(lib_a-vfiprintf.o)
 .ARM.attributes
                0x000004a2       0x2e c:/program files (x86)/atmel/studio/7.0/toolchain/arm/arm-gnu-toolchain/bin/../lib/gcc/arm-none-eabi/5.3.1/../../../../arm-none-eabi/lib/armv7e-m\libc.a(lib_a-wsetup.o)
 .ARM.attributes
                0x000004d0       0x2e c:/program files (x86)/atmel/studio/7.0/toolchain/arm/arm-gnu-toolchain/bin/../lib/gcc/arm-none-eabi/5.3.1/../../../../arm-none-eabi/lib/armv7e-m\libc.a(lib_a-__call_atexit.o)
 .ARM.attributes
                0x000004fe       0x2e c:/program files (x86)/atmel/studio/7.0/toolchain/arm/arm-gnu-toolchain/bin/../lib/gcc/arm-none-eabi/5.3.1/../../../../arm-none-eabi/lib/armv7e-m\libc.a(lib_a-atexit.o)
 .ARM.attributes
                0x0000052c       0x2e c:/program files (x86)/atmel/studio/7.0/toolchain/arm/arm-gnu-toolchain/bin/../lib/gcc/arm-none-eabi/5.3.1/../../../../arm-none-eabi/lib/armv7e-m\libc.a(lib_a-fflush.o)
 .ARM.attributes
                0x0000055a       0x2e c:/program files (x86)/atmel/studio/7.0/toolchain/arm/arm-gnu-toolchain/bin/../lib/gcc/arm-none-eabi/5.3.1/../../../../arm-none-eabi/lib/armv7e-m\libc.a(lib_a-findfp.o)
 .ARM.attributes
                0x00000588       0x2e c:/program files (x86)/atmel/studio/7.0/toolchain/arm/arm-gnu-toolchain/bin/../lib/gcc/arm-none-eabi/5.3.1/../../../../arm-none-eabi/lib/armv7e-m\libc.a(lib_a-fini.o)
 .ARM.attributes
                0x000005b6       0x2e c:/program files (x86)/atmel/studio/7.0/toolchain/arm/arm-gnu-toolchain/bin/../lib/gcc/arm-none-eabi/5.3.1/../../../../arm-none-eabi/lib/armv7e-m\libc.a(lib_a-fputwc.o)
 .ARM.attributes
                0x000005e4       0x2e c:/program files (x86)/atmel/studio/7.0/toolchain/arm/arm-gnu-toolchain/bin/../lib/gcc/arm-none-eabi/5.3.1/../../../../arm-none-eabi/lib/armv7e-m\libc.a(lib_a-freer.o)
 .ARM.attributes
                0x00000612       0x2e c:/program files (x86)/atmel/studio/7.0/toolchain/arm/arm-gnu-toolchain/bin/../lib/gcc/arm-none-eabi/5.3.1/../../../../arm-none-eabi/lib/armv7e-m\libc.a(lib_a-fvwrite.o)
 .ARM.attributes
                0x00000640       0x2e c:/program files (x86)/atmel/studio/7.0/toolchain/arm/arm-gnu-toolchain/bin/../lib/gcc/arm-none-eabi/5.3.1/../../../../arm-none-eabi/lib/armv7e-m\libc.a(lib_a-fwalk.o)
 .ARM.attributes
                0x0000066e       0x2e c:/program files (x86)/atmel/studio/7.0/toolchain/arm/arm-gnu-toolchain/bin/../lib/gcc/arm-none-eabi/5.3.1/../../../../arm-none-eabi/lib/armv7e-m\libc.a(lib_a-locale.o)
 .ARM.attributes
                0x0000069c       0x2e c:/program files (x86)/atmel/studio/7.0/toolchain/arm/arm-gnu-toolchain/bin/../lib/gcc/arm-none-eabi/5.3.1/../../../../arm-none-eabi/lib/armv7e-m\libc.a(lib_a-makebuf.o)
 .ARM.attributes
                0x000006ca       0x2e c:/program files (x86)/atmel/studio/7.0/toolchain/arm/arm-gnu-toolchain/bin/../lib/gcc/arm-none-eabi/5.3.1/../../../../arm-none-eabi/lib/armv7e-m\libc.a(lib_a-malloc.o)
 .ARM.attributes
                0x000006f8       0x2e c:/program files (x86)/atmel/studio/7.0/toolchain/arm/arm-gnu-toolchain/bin/../lib/gcc/arm-none-eabi/5.3.1/../../../../arm-none-eabi/lib/armv7e-m\libc.a(lib_a-mallocr.o)
 .ARM.attributes
                0x00000726       0x1c c:/program files (x86)/atmel/studio/7.0/toolchain/arm/arm-gnu-toolchain/bin/../lib/gcc/arm-none-eabi/5.3.1/../../../../arm-none-eabi/lib/armv7e-m\libc.a(lib_a-memchr.o)
 .ARM.attributes
                0x00000742       0x1c c:/program files (x86)/atmel/studio/7.0/toolchain/arm/arm-gnu-toolchain/bin/../lib/gcc/arm-none-eabi/5.3.1/../../../../arm-none-eabi/lib/armv7e-m\libc.a(lib_a-memcpy.o)
 .ARM.attributes
                0x0000075e       0x2e c:/program files (x86)/atmel/studio/7.0/toolchain/arm/arm-gnu-toolchain/bin/../lib/gcc/arm-none-eabi/5.3.1/../../../../arm-none-eabi/lib/armv7e-m\libc.a(lib_a-memmove.o)
 .ARM.attributes
                0x0000078c       0x2e c:/program files (x86)/atmel/studio/7.0/toolchain/arm/arm-gnu-toolchain/bin/../lib/gcc/arm-none-eabi/5.3.1/../../../../arm-none-eabi/lib/armv7e-m\libc.a(lib_a-mlock.o)
 .ARM.attributes
                0x000007ba       0x2e c:/program files (x86)/atmel/studio/7.0/toolchain/arm/arm-gnu-toolchain/bin/../lib/gcc/arm-none-eabi/5.3.1/../../../../arm-none-eabi/lib/armv7e-m\libc.a(lib_a-reallocr.o)
 .ARM.attributes
                0x000007e8       0x2e c:/program files (x86)/atmel/studio/7.0/toolchain/arm/arm-gnu-toolchain/bin/../lib/gcc/arm-none-eabi/5.3.1/../../../../arm-none-eabi/lib/armv7e-m\libc.a(lib_a-sbrkr.o)
 .ARM.attributes
                0x00000816       0x2e c:/program files (x86)/atmel/studio/7.0/toolchain/arm/arm-gnu-toolchain/bin/../lib/gcc/arm-none-eabi/5.3.1/../../../../arm-none-eabi/lib/armv7e-m\libc.a(lib_a-stdio.o)
 .ARM.attributes
                0x00000844       0x2e c:/program files (x86)/atmel/studio/7.0/toolchain/arm/arm-gnu-toolchain/bin/../lib/gcc/arm-none-eabi/5.3.1/../../../../arm-none-eabi/lib/armv7e-m\libc.a(lib_a-wbuf.o)
 .ARM.attributes
                0x00000872       0x2e c:/program files (x86)/atmel/studio/7.0/toolchain/arm/arm-gnu-toolchain/bin/../lib/gcc/arm-none-eabi/5.3.1/../../../../arm-none-eabi/lib/armv7e-m\libc.a(lib_a-wcrtomb.o)
 .ARM.attributes
                0x000008a0       0x2e c:/program files (x86)/atmel/studio/7.0/toolchain/arm/arm-gnu-toolchain/bin/../lib/gcc/arm-none-eabi/5.3.1/../../../../arm-none-eabi/lib/armv7e-m\libc.a(lib_a-wctomb_r.o)
 .ARM.attributes
                0x000008ce       0x2e c:/program files (x86)/atmel/studio/7.0/toolchain/arm/arm-gnu-toolchain/bin/../lib/gcc/arm-none-eabi/5.3.1/../../../../arm-none-eabi/lib/armv7e-m\libc.a(lib_a-writer.o)
 .ARM.attributes
                0x000008fc       0x2e c:/program files (x86)/atmel/studio/7.0/toolchain/arm/arm-gnu-toolchain/bin/../lib/gcc/arm-none-eabi/5.3.1/../../../../arm-none-eabi/lib/armv7e-m\libc.a(lib_a-__atexit.o)
 .ARM.attributes
                0x0000092a       0x2e c:/program files (x86)/atmel/studio/7.0/toolchain/arm/arm-gnu-toolchain/bin/../lib/gcc/arm-none-eabi/5.3.1/../../../../arm-none-eabi/lib/armv7e-m\libc.a(lib_a-closer.o)
 .ARM.attributes
                0x00000958       0x2e c:/program files (x86)/atmel/studio/7.0/toolchain/arm/arm-gnu-toolchain/bin/../lib/gcc/arm-none-eabi/5.3.1/../../../../arm-none-eabi/lib/armv7e-m\libc.a(lib_a-fclose.o)
 .ARM.attributes
                0x00000986       0x2e c:/program files (x86)/atmel/studio/7.0/toolchain/arm/arm-gnu-toolchain/bin/../lib/gcc/arm-none-eabi/5.3.1/../../../../arm-none-eabi/lib/armv7e-m\libc.a(lib_a-fstatr.o)
 .ARM.attributes
                0x000009b4       0x2e c:/program files (x86)/atmel/studio/7.0/toolchain/arm/arm-gnu-toolchain/bin/../lib/gcc/arm-none-eabi/5.3.1/../../../../arm-none-eabi/lib/armv7e-m\libc.a(lib_a-isattyr.o)
 .ARM.attributes
                0x000009e2       0x2e c:/program files (x86)/atmel/studio/7.0/toolchain/arm/arm-gnu-toolchain/bin/../lib/gcc/arm-none-eabi/5.3.1/../../../../arm-none-eabi/lib/armv7e-m\libc.a(lib_a-lseekr.o)
 .ARM.attributes
                0x00000a10       0x2e c:/program files (x86)/atmel/studio/7.0/toolchain/arm/arm-gnu-toolchain/bin/../lib/gcc/arm-none-eabi/5.3.1/../../../../arm-none-eabi/lib/armv7e-m\libc.a(lib_a-readr.o)
 .ARM.attributes
                0x00000a3e       0x2e c:/program files (x86)/atmel/studio/7.0/toolchain/arm/arm-gnu-toolchain/bin/../lib/gcc/arm-none-eabi/5.3.1/../../../../arm-none-eabi/lib/armv7e-m\libc.a(lib_a-reent.o)
 .ARM.attributes
                0x00000a6c       0x1e c:/program files (x86)/atmel/studio/7.0/toolchain/arm/arm-gnu-toolchain/bin/../lib/gcc/arm-none-eabi/5.3.1/armv7e-m\libgcc.a(_aeabi_uldivmod.o)
 .ARM.attributes
                0x00000a8a       0x2e c:/program files (x86)/atmel/studio/7.0/toolchain/arm/arm-gnu-toolchain/bin/../lib/gcc/arm-none-eabi/5.3.1/armv7e-m\libgcc.a(_udivmoddi4.o)
 .ARM.attributes
                0x00000ab8       0x1e c:/program files (x86)/atmel/studio/7.0/toolchain/arm/arm-gnu-toolchain/bin/../lib/gcc/arm-none-eabi/5.3.1/armv7e-m\libgcc.a(_dvmd_tls.o)
 .ARM.attributes
                0x00000ad6       0x1e c:/program files (x86)/atmel/studio/7.0/toolchain/arm/arm-gnu-toolchain/bin/../lib/gcc/arm-none-eabi/5.3.1/armv7e-m/crtn.o

.comment        0x00000000       0x59
 .comment       0x00000000       0x59 src/ASF/common/utils/stdio/read.o
                                 0x5a (size before relaxing)
 .comment       0x00000059       0x5a src/ASF/sam/drivers/usart/usart.o
 .comment       0x00000059       0x5a src/ASF/common/utils/stdio/write.o
 .comment       0x00000059       0x5a src/ASF/sam/drivers/tc/tc.o
 .comment       0x00000059       0x5a src/ASF/sam/drivers/uart/uart.o
 .comment       0x00000059       0x5a src/ASF/common/services/clock/sam4s/sysclk.o
 .comment       0x00000059       0x5a src/ASF/sam/boards/sam4s_ek2/init.o
 .comment       0x00000059       0x5a src/ASF/sam/drivers/pio/pio.o
 .comment       0x00000059       0x5a src/ASF/sam/drivers/pio/pio_handler.o
 .comment       0x00000059       0x5a src/ASF/sam/drivers/pmc/pmc.o
 .comment       0x00000059       0x5a src/ASF/sam/utils/cmsis/sam4s/source/templates/gcc/startup_sam4s.o
 .comment       0x00000059       0x5a src/ASF/sam/utils/cmsis/sam4s/source/templates/system_sam4s.o
 .comment       0x00000059       0x5a src/ASF/sam/utils/syscalls/gcc/syscalls.o
 .comment       0x00000059       0x5a src/main.o

.debug_info     0x00000000     0xa8f9
 .debug_info    0x00000000      0x1bb src/ASF/common/utils/stdio/read.o
 .debug_info    0x000001bb     0x1781 src/ASF/sam/drivers/usart/usart.o
 .debug_info    0x0000193c      0x1c0 src/ASF/common/utils/stdio/write.o
 .debug_info    0x00001afc      0x92e src/ASF/sam/drivers/tc/tc.o
 .debug_info    0x0000242a      0x863 src/ASF/sam/drivers/uart/uart.o
 .debug_info    0x00002c8d      0x747 src/ASF/common/services/clock/sam4s/sysclk.o
 .debug_info    0x000033d4      0xb34 src/ASF/sam/boards/sam4s_ek2/init.o
 .debug_info    0x00003f08     0x1958 src/ASF/sam/drivers/pio/pio.o
 .debug_info    0x00005860      0xfa7 src/ASF/sam/drivers/pio/pio_handler.o
 .debug_info    0x00006807     0x10f1 src/ASF/sam/drivers/pmc/pmc.o
 .debug_info    0x000078f8      0x6a4 src/ASF/sam/utils/cmsis/sam4s/source/templates/gcc/startup_sam4s.o
 .debug_info    0x00007f9c      0x469 src/ASF/sam/utils/cmsis/sam4s/source/templates/system_sam4s.o
 .debug_info    0x00008405      0x427 src/ASF/sam/utils/syscalls/gcc/syscalls.o
 .debug_info    0x0000882c     0x20cd src/main.o

.debug_abbrev   0x00000000     0x1bde
 .debug_abbrev  0x00000000      0x101 src/ASF/common/utils/stdio/read.o
 .debug_abbrev  0x00000101      0x318 src/ASF/sam/drivers/usart/usart.o
 .debug_abbrev  0x00000419       0xf5 src/ASF/common/utils/stdio/write.o
 .debug_abbrev  0x0000050e      0x1bb src/ASF/sam/drivers/tc/tc.o
 .debug_abbrev  0x000006c9      0x1bd src/ASF/sam/drivers/uart/uart.o
 .debug_abbrev  0x00000886      0x23b src/ASF/common/services/clock/sam4s/sysclk.o
 .debug_abbrev  0x00000ac1      0x187 src/ASF/sam/boards/sam4s_ek2/init.o
 .debug_abbrev  0x00000c48      0x316 src/ASF/sam/drivers/pio/pio.o
 .debug_abbrev  0x00000f5e      0x29a src/ASF/sam/drivers/pio/pio_handler.o
 .debug_abbrev  0x000011f8      0x277 src/ASF/sam/drivers/pmc/pmc.o
 .debug_abbrev  0x0000146f      0x16e src/ASF/sam/utils/cmsis/sam4s/source/templates/gcc/startup_sam4s.o
 .debug_abbrev  0x000015dd       0xf5 src/ASF/sam/utils/cmsis/sam4s/source/templates/system_sam4s.o
 .debug_abbrev  0x000016d2      0x14b src/ASF/sam/utils/syscalls/gcc/syscalls.o
 .debug_abbrev  0x0000181d      0x3c1 src/main.o

.debug_loc      0x00000000     0x423d
 .debug_loc     0x00000000       0xd2 src/ASF/common/utils/stdio/read.o
 .debug_loc     0x000000d2      0xf09 src/ASF/sam/drivers/usart/usart.o
 .debug_loc     0x00000fdb      0x15d src/ASF/common/utils/stdio/write.o
 .debug_loc     0x00001138      0x5a5 src/ASF/sam/drivers/tc/tc.o
 .debug_loc     0x000016dd      0x277 src/ASF/sam/drivers/uart/uart.o
 .debug_loc     0x00001954      0x143 src/ASF/common/services/clock/sam4s/sysclk.o
 .debug_loc     0x00001a97       0x5c src/ASF/sam/boards/sam4s_ek2/init.o
 .debug_loc     0x00001af3      0xe94 src/ASF/sam/drivers/pio/pio.o
 .debug_loc     0x00002987      0x522 src/ASF/sam/drivers/pio/pio_handler.o
 .debug_loc     0x00002ea9      0xe13 src/ASF/sam/drivers/pmc/pmc.o
 .debug_loc     0x00003cbc       0xc6 src/ASF/sam/utils/cmsis/sam4s/source/templates/gcc/startup_sam4s.o
 .debug_loc     0x00003d82       0xdf src/ASF/sam/utils/syscalls/gcc/syscalls.o
 .debug_loc     0x00003e61      0x3dc src/main.o

.debug_aranges  0x00000000      0x958
 .debug_aranges
                0x00000000       0x20 src/ASF/common/utils/stdio/read.o
 .debug_aranges
                0x00000020      0x210 src/ASF/sam/drivers/usart/usart.o
 .debug_aranges
                0x00000230       0x20 src/ASF/common/utils/stdio/write.o
 .debug_aranges
                0x00000250       0xd0 src/ASF/sam/drivers/tc/tc.o
 .debug_aranges
                0x00000320       0xe8 src/ASF/sam/drivers/uart/uart.o
 .debug_aranges
                0x00000408       0x30 src/ASF/common/services/clock/sam4s/sysclk.o
 .debug_aranges
                0x00000438       0x20 src/ASF/sam/boards/sam4s_ek2/init.o
 .debug_aranges
                0x00000458      0x1a8 src/ASF/sam/drivers/pio/pio.o
 .debug_aranges
                0x00000600       0x58 src/ASF/sam/drivers/pio/pio_handler.o
 .debug_aranges
                0x00000658      0x208 src/ASF/sam/drivers/pmc/pmc.o
 .debug_aranges
                0x00000860       0x28 src/ASF/sam/utils/cmsis/sam4s/source/templates/gcc/startup_sam4s.o
 .debug_aranges
                0x00000888       0x30 src/ASF/sam/utils/cmsis/sam4s/source/templates/system_sam4s.o
 .debug_aranges
                0x000008b8       0x60 src/ASF/sam/utils/syscalls/gcc/syscalls.o
 .debug_aranges
                0x00000918       0x40 src/main.o

.debug_ranges   0x00000000      0x878
 .debug_ranges  0x00000000       0x10 src/ASF/common/utils/stdio/read.o
 .debug_ranges  0x00000010      0x200 src/ASF/sam/drivers/usart/usart.o
 .debug_ranges  0x00000210       0x10 src/ASF/common/utils/stdio/write.o
 .debug_ranges  0x00000220       0xc0 src/ASF/sam/drivers/tc/tc.o
 .debug_ranges  0x000002e0       0xd8 src/ASF/sam/drivers/uart/uart.o
 .debug_ranges  0x000003b8       0x20 src/ASF/common/services/clock/sam4s/sysclk.o
 .debug_ranges  0x000003d8       0x10 src/ASF/sam/boards/sam4s_ek2/init.o
 .debug_ranges  0x000003e8      0x198 src/ASF/sam/drivers/pio/pio.o
 .debug_ranges  0x00000580       0x48 src/ASF/sam/drivers/pio/pio_handler.o
 .debug_ranges  0x000005c8      0x1f8 src/ASF/sam/drivers/pmc/pmc.o
 .debug_ranges  0x000007c0       0x18 src/ASF/sam/utils/cmsis/sam4s/source/templates/gcc/startup_sam4s.o
 .debug_ranges  0x000007d8       0x20 src/ASF/sam/utils/cmsis/sam4s/source/templates/system_sam4s.o
 .debug_ranges  0x000007f8       0x50 src/ASF/sam/utils/syscalls/gcc/syscalls.o
 .debug_ranges  0x00000848       0x30 src/main.o

.debug_macro    0x00000000    0x129ba
 .debug_macro   0x00000000      0x4f9 src/ASF/common/utils/stdio/read.o
 .debug_macro   0x000004f9      0x89e src/ASF/common/utils/stdio/read.o
 .debug_macro   0x00000d97      0x16d src/ASF/common/utils/stdio/read.o
 .debug_macro   0x00000f04      0x652 src/ASF/common/utils/stdio/read.o
 .debug_macro   0x00001556       0x76 src/ASF/common/utils/stdio/read.o
 .debug_macro   0x000015cc       0x16 src/ASF/common/utils/stdio/read.o
 .debug_macro   0x000015e2      0x6e4 src/ASF/common/utils/stdio/read.o
 .debug_macro   0x00001cc6       0x22 src/ASF/common/utils/stdio/read.o
 .debug_macro   0x00001ce8       0x87 src/ASF/common/utils/stdio/read.o
 .debug_macro   0x00001d6f       0x44 src/ASF/common/utils/stdio/read.o
 .debug_macro   0x00001db3       0xfd src/ASF/common/utils/stdio/read.o
 .debug_macro   0x00001eb0       0x22 src/ASF/common/utils/stdio/read.o
 .debug_macro   0x00001ed2      0x1df src/ASF/common/utils/stdio/read.o
 .debug_macro   0x000020b1       0x27 src/ASF/common/utils/stdio/read.o
 .debug_macro   0x000020d8       0x3b src/ASF/common/utils/stdio/read.o
 .debug_macro   0x00002113       0x2d src/ASF/common/utils/stdio/read.o
 .debug_macro   0x00002140       0x26 src/ASF/common/utils/stdio/read.o
 .debug_macro   0x00002166      0xbbf src/ASF/common/utils/stdio/read.o
 .debug_macro   0x00002d25      0x159 src/ASF/common/utils/stdio/read.o
 .debug_macro   0x00002e7e      0xaaf src/ASF/common/utils/stdio/read.o
 .debug_macro   0x0000392d      0x284 src/ASF/common/utils/stdio/read.o
 .debug_macro   0x00003bb1      0x11e src/ASF/common/utils/stdio/read.o
 .debug_macro   0x00003ccf       0xac src/ASF/common/utils/stdio/read.o
 .debug_macro   0x00003d7b      0x401 src/ASF/common/utils/stdio/read.o
 .debug_macro   0x0000417c      0x106 src/ASF/common/utils/stdio/read.o
 .debug_macro   0x00004282       0x1c src/ASF/common/utils/stdio/read.o
 .debug_macro   0x0000429e      0x738 src/ASF/common/utils/stdio/read.o
 .debug_macro   0x000049d6      0x2d2 src/ASF/common/utils/stdio/read.o
 .debug_macro   0x00004ca8       0xbe src/ASF/common/utils/stdio/read.o
 .debug_macro   0x00004d66     0x280b src/ASF/common/utils/stdio/read.o
 .debug_macro   0x00007571      0x777 src/ASF/common/utils/stdio/read.o
 .debug_macro   0x00007ce8      0xa8e src/ASF/common/utils/stdio/read.o
 .debug_macro   0x00008776       0x9a src/ASF/common/utils/stdio/read.o
 .debug_macro   0x00008810      0x3d8 src/ASF/common/utils/stdio/read.o
 .debug_macro   0x00008be8       0x64 src/ASF/common/utils/stdio/read.o
 .debug_macro   0x00008c4c      0x1ae src/ASF/common/utils/stdio/read.o
 .debug_macro   0x00008dfa      0x386 src/ASF/common/utils/stdio/read.o
 .debug_macro   0x00009180      0x624 src/ASF/common/utils/stdio/read.o
 .debug_macro   0x000097a4      0x690 src/ASF/common/utils/stdio/read.o
 .debug_macro   0x00009e34      0x59f src/ASF/common/utils/stdio/read.o
 .debug_macro   0x0000a3d3      0x34d src/ASF/common/utils/stdio/read.o
 .debug_macro   0x0000a720      0x28c src/ASF/common/utils/stdio/read.o
 .debug_macro   0x0000a9ac      0x2d6 src/ASF/common/utils/stdio/read.o
 .debug_macro   0x0000ac82      0x6d9 src/ASF/common/utils/stdio/read.o
 .debug_macro   0x0000b35b       0x76 src/ASF/common/utils/stdio/read.o
 .debug_macro   0x0000b3d1       0xb8 src/ASF/common/utils/stdio/read.o
 .debug_macro   0x0000b489       0xb2 src/ASF/common/utils/stdio/read.o
 .debug_macro   0x0000b53b       0x88 src/ASF/common/utils/stdio/read.o
 .debug_macro   0x0000b5c3      0x105 src/ASF/common/utils/stdio/read.o
 .debug_macro   0x0000b6c8      0x105 src/ASF/common/utils/stdio/read.o
 .debug_macro   0x0000b7cd       0x88 src/ASF/common/utils/stdio/read.o
 .debug_macro   0x0000b855       0x88 src/ASF/common/utils/stdio/read.o
 .debug_macro   0x0000b8dd      0x2cd src/ASF/common/utils/stdio/read.o
 .debug_macro   0x0000bbaa       0xb2 src/ASF/common/utils/stdio/read.o
 .debug_macro   0x0000bc5c       0xb2 src/ASF/common/utils/stdio/read.o
 .debug_macro   0x0000bd0e       0x52 src/ASF/common/utils/stdio/read.o
 .debug_macro   0x0000bd60       0xac src/ASF/common/utils/stdio/read.o
 .debug_macro   0x0000be0c       0x7c src/ASF/common/utils/stdio/read.o
 .debug_macro   0x0000be88       0x40 src/ASF/common/utils/stdio/read.o
 .debug_macro   0x0000bec8       0x64 src/ASF/common/utils/stdio/read.o
 .debug_macro   0x0000bf2c       0x46 src/ASF/common/utils/stdio/read.o
 .debug_macro   0x0000bf72       0x88 src/ASF/common/utils/stdio/read.o
 .debug_macro   0x0000bffa       0x4c src/ASF/common/utils/stdio/read.o
 .debug_macro   0x0000c046       0xa6 src/ASF/common/utils/stdio/read.o
 .debug_macro   0x0000c0ec       0x7c src/ASF/common/utils/stdio/read.o
 .debug_macro   0x0000c168       0x16 src/ASF/common/utils/stdio/read.o
 .debug_macro   0x0000c17e       0x7c src/ASF/common/utils/stdio/read.o
 .debug_macro   0x0000c1fa       0x22 src/ASF/common/utils/stdio/read.o
 .debug_macro   0x0000c21c       0x22 src/ASF/common/utils/stdio/read.o
 .debug_macro   0x0000c23e      0x195 src/ASF/common/utils/stdio/read.o
 .debug_macro   0x0000c3d3      0x165 src/ASF/common/utils/stdio/read.o
 .debug_macro   0x0000c538      0x165 src/ASF/common/utils/stdio/read.o
 .debug_macro   0x0000c69d       0x1c src/ASF/common/utils/stdio/read.o
 .debug_macro   0x0000c6b9       0x2e src/ASF/common/utils/stdio/read.o
 .debug_macro   0x0000c6e7       0x22 src/ASF/common/utils/stdio/read.o
 .debug_macro   0x0000c709       0x1c src/ASF/common/utils/stdio/read.o
 .debug_macro   0x0000c725       0x52 src/ASF/common/utils/stdio/read.o
 .debug_macro   0x0000c777       0x10 src/ASF/common/utils/stdio/read.o
 .debug_macro   0x0000c787      0x234 src/ASF/common/utils/stdio/read.o
 .debug_macro   0x0000c9bb      0x938 src/ASF/common/utils/stdio/read.o
 .debug_macro   0x0000d2f3      0x12a src/ASF/common/utils/stdio/read.o
 .debug_macro   0x0000d41d       0x52 src/ASF/common/utils/stdio/read.o
 .debug_macro   0x0000d46f       0x35 src/ASF/common/utils/stdio/read.o
 .debug_macro   0x0000d4a4       0x9c src/ASF/common/utils/stdio/read.o
 .debug_macro   0x0000d540       0x16 src/ASF/common/utils/stdio/read.o
 .debug_macro   0x0000d556       0x35 src/ASF/common/utils/stdio/read.o
 .debug_macro   0x0000d58b      0x330 src/ASF/common/utils/stdio/read.o
 .debug_macro   0x0000d8bb       0x10 src/ASF/common/utils/stdio/read.o
 .debug_macro   0x0000d8cb       0x52 src/ASF/common/utils/stdio/read.o
 .debug_macro   0x0000d91d       0x16 src/ASF/common/utils/stdio/read.o
 .debug_macro   0x0000d933       0x43 src/ASF/common/utils/stdio/read.o
 .debug_macro   0x0000d976      0x187 src/ASF/common/utils/stdio/read.o
 .debug_macro   0x0000dafd       0x22 src/ASF/common/utils/stdio/read.o
 .debug_macro   0x0000db1f       0x3a src/ASF/common/utils/stdio/read.o
 .debug_macro   0x0000db59       0x10 src/ASF/common/utils/stdio/read.o
 .debug_macro   0x0000db69       0x40 src/ASF/common/utils/stdio/read.o
 .debug_macro   0x0000dba9       0x6c src/ASF/common/utils/stdio/read.o
 .debug_macro   0x0000dc15       0x16 src/ASF/common/utils/stdio/read.o
 .debug_macro   0x0000dc2b      0x182 src/ASF/common/utils/stdio/read.o
 .debug_macro   0x0000ddad       0x22 src/ASF/common/utils/stdio/read.o
 .debug_macro   0x0000ddcf       0x16 src/ASF/common/utils/stdio/read.o
 .debug_macro   0x0000dde5       0x16 src/ASF/common/utils/stdio/read.o
 .debug_macro   0x0000ddfb       0x29 src/ASF/common/utils/stdio/read.o
 .debug_macro   0x0000de24       0x75 src/ASF/common/utils/stdio/read.o
 .debug_macro   0x0000de99       0x3f src/ASF/common/utils/stdio/read.o
 .debug_macro   0x0000ded8      0x3ca src/ASF/common/utils/stdio/read.o
 .debug_macro   0x0000e2a2      0x53e src/ASF/sam/drivers/usart/usart.o
 .debug_macro   0x0000e7e0       0x28 src/ASF/sam/drivers/usart/usart.o
 .debug_macro   0x0000e808      0x4f9 src/ASF/common/utils/stdio/write.o
 .debug_macro   0x0000ed01      0x50f src/ASF/sam/drivers/tc/tc.o
 .debug_macro   0x0000f210       0x4c src/ASF/sam/drivers/tc/tc.o
 .debug_macro   0x0000f25c       0x8d src/ASF/sam/drivers/tc/tc.o
 .debug_macro   0x0000f2e9       0x16 src/ASF/sam/drivers/tc/tc.o
 .debug_macro   0x0000f2ff       0x4a src/ASF/sam/drivers/tc/tc.o
 .debug_macro   0x0000f349       0x1c src/ASF/sam/drivers/tc/tc.o
 .debug_macro   0x0000f365      0x508 src/ASF/sam/drivers/uart/uart.o
 .debug_macro   0x0000f86d       0x16 src/ASF/sam/drivers/uart/uart.o
 .debug_macro   0x0000f883      0x569 src/ASF/common/services/clock/sam4s/sysclk.o
 .debug_macro   0x0000fdec      0x2b9 src/ASF/common/services/clock/sam4s/sysclk.o
 .debug_macro   0x000100a5      0x5a8 src/ASF/sam/boards/sam4s_ek2/init.o
 .debug_macro   0x0001064d       0x46 src/ASF/sam/boards/sam4s_ek2/init.o
 .debug_macro   0x00010693       0x94 src/ASF/sam/boards/sam4s_ek2/init.o
 .debug_macro   0x00010727       0x40 src/ASF/sam/boards/sam4s_ek2/init.o
 .debug_macro   0x00010767       0x82 src/ASF/sam/boards/sam4s_ek2/init.o
 .debug_macro   0x000107e9      0x50e src/ASF/sam/drivers/pio/pio.o
 .debug_macro   0x00010cf7       0x8e src/ASF/sam/drivers/pio/pio.o
 .debug_macro   0x00010d85      0x518 src/ASF/sam/drivers/pio/pio_handler.o
 .debug_macro   0x0001129d      0x50e src/ASF/sam/drivers/pmc/pmc.o
 .debug_macro   0x000117ab       0x52 src/ASF/sam/drivers/pmc/pmc.o
 .debug_macro   0x000117fd      0x325 src/ASF/sam/utils/cmsis/sam4s/source/templates/gcc/startup_sam4s.o
 .debug_macro   0x00011b22      0x32d src/ASF/sam/utils/cmsis/sam4s/source/templates/system_sam4s.o
 .debug_macro   0x00011e4f      0x19c src/ASF/sam/utils/syscalls/gcc/syscalls.o
 .debug_macro   0x00011feb       0x97 src/ASF/sam/utils/syscalls/gcc/syscalls.o
 .debug_macro   0x00012082       0xf6 src/ASF/sam/utils/syscalls/gcc/syscalls.o
 .debug_macro   0x00012178       0x52 src/ASF/sam/utils/syscalls/gcc/syscalls.o
 .debug_macro   0x000121ca       0x16 src/ASF/sam/utils/syscalls/gcc/syscalls.o
 .debug_macro   0x000121e0       0x10 src/ASF/sam/utils/syscalls/gcc/syscalls.o
 .debug_macro   0x000121f0       0x41 src/ASF/sam/utils/syscalls/gcc/syscalls.o
 .debug_macro   0x00012231      0x122 src/ASF/sam/utils/syscalls/gcc/syscalls.o
 .debug_macro   0x00012353      0x657 src/main.o
 .debug_macro   0x000129aa       0x10 src/main.o

.debug_line     0x00000000     0xa3b0
 .debug_line    0x00000000      0xa8f src/ASF/common/utils/stdio/read.o
 .debug_line    0x00000a8f      0xfef src/ASF/sam/drivers/usart/usart.o
 .debug_line    0x00001a7e      0xa81 src/ASF/common/utils/stdio/write.o
 .debug_line    0x000024ff      0xc21 src/ASF/sam/drivers/tc/tc.o
 .debug_line    0x00003120      0xc39 src/ASF/sam/drivers/uart/uart.o
 .debug_line    0x00003d59      0xbaa src/ASF/common/services/clock/sam4s/sysclk.o
 .debug_line    0x00004903      0xc87 src/ASF/sam/boards/sam4s_ek2/init.o
 .debug_line    0x0000558a      0xf0e src/ASF/sam/drivers/pio/pio.o
 .debug_line    0x00006498      0xb47 src/ASF/sam/drivers/pio/pio_handler.o
 .debug_line    0x00006fdf     0x1033 src/ASF/sam/drivers/pmc/pmc.o
 .debug_line    0x00008012      0x889 src/ASF/sam/utils/cmsis/sam4s/source/templates/gcc/startup_sam4s.o
 .debug_line    0x0000889b      0x8a6 src/ASF/sam/utils/cmsis/sam4s/source/templates/system_sam4s.o
 .debug_line    0x00009141      0x3d1 src/ASF/sam/utils/syscalls/gcc/syscalls.o
 .debug_line    0x00009512      0xe9e src/main.o

.debug_str      0x00000000    0x52e1c
 .debug_str     0x00000000    0x4a076 src/ASF/common/utils/stdio/read.o
                              0x4a3c3 (size before relaxing)
 .debug_str     0x0004a076      0xa1b src/ASF/sam/drivers/usart/usart.o
                              0x4adbd (size before relaxing)
 .debug_str     0x0004aa91       0x2e src/ASF/common/utils/stdio/write.o
                              0x4a3c5 (size before relaxing)
 .debug_str     0x0004aabf      0x384 src/ASF/sam/drivers/tc/tc.o
                              0x4a723 (size before relaxing)
 .debug_str     0x0004ae43      0x338 src/ASF/sam/drivers/uart/uart.o
                              0x4a777 (size before relaxing)
 .debug_str     0x0004b17b     0x4ce1 src/ASF/common/services/clock/sam4s/sysclk.o
                              0x4f0bf (size before relaxing)
 .debug_str     0x0004fe5c      0xc5e src/ASF/sam/boards/sam4s_ek2/init.o
                              0x4fa90 (size before relaxing)
 .debug_str     0x00050aba      0x532 src/ASF/sam/drivers/pio/pio.o
                              0x4afd8 (size before relaxing)
 .debug_str     0x00050fec      0x402 src/ASF/sam/drivers/pio/pio_handler.o
                              0x4ae53 (size before relaxing)
 .debug_str     0x000513ee      0x6d4 src/ASF/sam/drivers/pmc/pmc.o
                              0x4ae27 (size before relaxing)
 .debug_str     0x00051ac2      0x40e src/ASF/sam/utils/cmsis/sam4s/source/templates/gcc/startup_sam4s.o
                              0x3b6e7 (size before relaxing)
 .debug_str     0x00051ed0       0xf1 src/ASF/sam/utils/cmsis/sam4s/source/templates/system_sam4s.o
                              0x3b4b0 (size before relaxing)
 .debug_str     0x00051fc1      0x74f src/ASF/sam/utils/syscalls/gcc/syscalls.o
                               0x69b1 (size before relaxing)
 .debug_str     0x00052710      0x70c src/main.o
                              0x507ed (size before relaxing)

.debug_frame    0x00000000     0x203c
 .debug_frame   0x00000000       0x48 src/ASF/common/utils/stdio/read.o
 .debug_frame   0x00000048      0x48c src/ASF/sam/drivers/usart/usart.o
 .debug_frame   0x000004d4       0x48 src/ASF/common/utils/stdio/write.o
 .debug_frame   0x0000051c      0x1a4 src/ASF/sam/drivers/tc/tc.o
 .debug_frame   0x000006c0      0x1bc src/ASF/sam/drivers/uart/uart.o
 .debug_frame   0x0000087c       0x58 src/ASF/common/services/clock/sam4s/sysclk.o
 .debug_frame   0x000008d4       0x2c src/ASF/sam/boards/sam4s_ek2/init.o
 .debug_frame   0x00000900      0x38c src/ASF/sam/drivers/pio/pio.o
 .debug_frame   0x00000c8c       0xf4 src/ASF/sam/drivers/pio/pio_handler.o
 .debug_frame   0x00000d80      0x46c src/ASF/sam/drivers/pmc/pmc.o
 .debug_frame   0x000011ec       0x38 src/ASF/sam/utils/cmsis/sam4s/source/templates/gcc/startup_sam4s.o
 .debug_frame   0x00001224       0x40 src/ASF/sam/utils/cmsis/sam4s/source/templates/system_sam4s.o
 .debug_frame   0x00001264       0xa0 src/ASF/sam/utils/syscalls/gcc/syscalls.o
 .debug_frame   0x00001304       0xa8 src/main.o
 .debug_frame   0x000013ac       0x2c c:/program files (x86)/atmel/studio/7.0/toolchain/arm/arm-gnu-toolchain/bin/../lib/gcc/arm-none-eabi/5.3.1/../../../../arm-none-eabi/lib/armv7e-m\libc.a(lib_a-init.o)
 .debug_frame   0x000013d8       0x74 c:/program files (x86)/atmel/studio/7.0/toolchain/arm/arm-gnu-toolchain/bin/../lib/gcc/arm-none-eabi/5.3.1/../../../../arm-none-eabi/lib/armv7e-m\libc.a(lib_a-iprintf.o)
 .debug_frame   0x0000144c       0x34 c:/program files (x86)/atmel/studio/7.0/toolchain/arm/arm-gnu-toolchain/bin/../lib/gcc/arm-none-eabi/5.3.1/../../../../arm-none-eabi/lib/armv7e-m\libc.a(lib_a-memset.o)
 .debug_frame   0x00001480       0x48 c:/program files (x86)/atmel/studio/7.0/toolchain/arm/arm-gnu-toolchain/bin/../lib/gcc/arm-none-eabi/5.3.1/../../../../arm-none-eabi/lib/armv7e-m\libc.a(lib_a-puts.o)
 .debug_frame   0x000014c8       0x20 c:/program files (x86)/atmel/studio/7.0/toolchain/arm/arm-gnu-toolchain/bin/../lib/gcc/arm-none-eabi/5.3.1/../../../../arm-none-eabi/lib/armv7e-m\libc.a(lib_a-setbuf.o)
 .debug_frame   0x000014e8       0x50 c:/program files (x86)/atmel/studio/7.0/toolchain/arm/arm-gnu-toolchain/bin/../lib/gcc/arm-none-eabi/5.3.1/../../../../arm-none-eabi/lib/armv7e-m\libc.a(lib_a-setvbuf.o)
 .debug_frame   0x00001538       0xc8 c:/program files (x86)/atmel/studio/7.0/toolchain/arm/arm-gnu-toolchain/bin/../lib/gcc/arm-none-eabi/5.3.1/../../../../arm-none-eabi/lib/armv7e-m\libc.a(lib_a-vfiprintf.o)
 .debug_frame   0x00001600       0x2c c:/program files (x86)/atmel/studio/7.0/toolchain/arm/arm-gnu-toolchain/bin/../lib/gcc/arm-none-eabi/5.3.1/../../../../arm-none-eabi/lib/armv7e-m\libc.a(lib_a-wsetup.o)
 .debug_frame   0x0000162c       0x50 c:/program files (x86)/atmel/studio/7.0/toolchain/arm/arm-gnu-toolchain/bin/../lib/gcc/arm-none-eabi/5.3.1/../../../../arm-none-eabi/lib/armv7e-m\libc.a(lib_a-__call_atexit.o)
 .debug_frame   0x0000167c       0x20 c:/program files (x86)/atmel/studio/7.0/toolchain/arm/arm-gnu-toolchain/bin/../lib/gcc/arm-none-eabi/5.3.1/../../../../arm-none-eabi/lib/armv7e-m\libc.a(lib_a-atexit.o)
 .debug_frame   0x0000169c       0x6c c:/program files (x86)/atmel/studio/7.0/toolchain/arm/arm-gnu-toolchain/bin/../lib/gcc/arm-none-eabi/5.3.1/../../../../arm-none-eabi/lib/armv7e-m\libc.a(lib_a-fflush.o)
 .debug_frame   0x00001708      0x124 c:/program files (x86)/atmel/studio/7.0/toolchain/arm/arm-gnu-toolchain/bin/../lib/gcc/arm-none-eabi/5.3.1/../../../../arm-none-eabi/lib/armv7e-m\libc.a(lib_a-findfp.o)
 .debug_frame   0x0000182c       0x34 c:/program files (x86)/atmel/studio/7.0/toolchain/arm/arm-gnu-toolchain/bin/../lib/gcc/arm-none-eabi/5.3.1/../../../../arm-none-eabi/lib/armv7e-m\libc.a(lib_a-fini.o)
 .debug_frame   0x00001860       0x8c c:/program files (x86)/atmel/studio/7.0/toolchain/arm/arm-gnu-toolchain/bin/../lib/gcc/arm-none-eabi/5.3.1/../../../../arm-none-eabi/lib/armv7e-m\libc.a(lib_a-fputwc.o)
 .debug_frame   0x000018ec       0x74 c:/program files (x86)/atmel/studio/7.0/toolchain/arm/arm-gnu-toolchain/bin/../lib/gcc/arm-none-eabi/5.3.1/../../../../arm-none-eabi/lib/armv7e-m\libc.a(lib_a-freer.o)
 .debug_frame   0x00001960       0x68 c:/program files (x86)/atmel/studio/7.0/toolchain/arm/arm-gnu-toolchain/bin/../lib/gcc/arm-none-eabi/5.3.1/../../../../arm-none-eabi/lib/armv7e-m\libc.a(lib_a-fvwrite.o)
 .debug_frame   0x000019c8       0x54 c:/program files (x86)/atmel/studio/7.0/toolchain/arm/arm-gnu-toolchain/bin/../lib/gcc/arm-none-eabi/5.3.1/../../../../arm-none-eabi/lib/armv7e-m\libc.a(lib_a-fwalk.o)
 .debug_frame   0x00001a1c       0x9c c:/program files (x86)/atmel/studio/7.0/toolchain/arm/arm-gnu-toolchain/bin/../lib/gcc/arm-none-eabi/5.3.1/../../../../arm-none-eabi/lib/armv7e-m\libc.a(lib_a-locale.o)
 .debug_frame   0x00001ab8       0x68 c:/program files (x86)/atmel/studio/7.0/toolchain/arm/arm-gnu-toolchain/bin/../lib/gcc/arm-none-eabi/5.3.1/../../../../arm-none-eabi/lib/armv7e-m\libc.a(lib_a-makebuf.o)
 .debug_frame   0x00001b20       0x30 c:/program files (x86)/atmel/studio/7.0/toolchain/arm/arm-gnu-toolchain/bin/../lib/gcc/arm-none-eabi/5.3.1/../../../../arm-none-eabi/lib/armv7e-m\libc.a(lib_a-malloc.o)
 .debug_frame   0x00001b50       0x58 c:/program files (x86)/atmel/studio/7.0/toolchain/arm/arm-gnu-toolchain/bin/../lib/gcc/arm-none-eabi/5.3.1/../../../../arm-none-eabi/lib/armv7e-m\libc.a(lib_a-mallocr.o)
 .debug_frame   0x00001ba8       0x30 c:/program files (x86)/atmel/studio/7.0/toolchain/arm/arm-gnu-toolchain/bin/../lib/gcc/arm-none-eabi/5.3.1/../../../../arm-none-eabi/lib/armv7e-m\libc.a(lib_a-memmove.o)
 .debug_frame   0x00001bd8       0x30 c:/program files (x86)/atmel/studio/7.0/toolchain/arm/arm-gnu-toolchain/bin/../lib/gcc/arm-none-eabi/5.3.1/../../../../arm-none-eabi/lib/armv7e-m\libc.a(lib_a-mlock.o)
 .debug_frame   0x00001c08       0x60 c:/program files (x86)/atmel/studio/7.0/toolchain/arm/arm-gnu-toolchain/bin/../lib/gcc/arm-none-eabi/5.3.1/../../../../arm-none-eabi/lib/armv7e-m\libc.a(lib_a-reallocr.o)
 .debug_frame   0x00001c68       0x2c c:/program files (x86)/atmel/studio/7.0/toolchain/arm/arm-gnu-toolchain/bin/../lib/gcc/arm-none-eabi/5.3.1/../../../../arm-none-eabi/lib/armv7e-m\libc.a(lib_a-sbrkr.o)
 .debug_frame   0x00001c94       0x88 c:/program files (x86)/atmel/studio/7.0/toolchain/arm/arm-gnu-toolchain/bin/../lib/gcc/arm-none-eabi/5.3.1/../../../../arm-none-eabi/lib/armv7e-m\libc.a(lib_a-stdio.o)
 .debug_frame   0x00001d1c       0x40 c:/program files (x86)/atmel/studio/7.0/toolchain/arm/arm-gnu-toolchain/bin/../lib/gcc/arm-none-eabi/5.3.1/../../../../arm-none-eabi/lib/armv7e-m\libc.a(lib_a-wbuf.o)
 .debug_frame   0x00001d5c       0x60 c:/program files (x86)/atmel/studio/7.0/toolchain/arm/arm-gnu-toolchain/bin/../lib/gcc/arm-none-eabi/5.3.1/../../../../arm-none-eabi/lib/armv7e-m\libc.a(lib_a-wcrtomb.o)
 .debug_frame   0x00001dbc       0x48 c:/program files (x86)/atmel/studio/7.0/toolchain/arm/arm-gnu-toolchain/bin/../lib/gcc/arm-none-eabi/5.3.1/../../../../arm-none-eabi/lib/armv7e-m\libc.a(lib_a-wctomb_r.o)
 .debug_frame   0x00001e04       0x2c c:/program files (x86)/atmel/studio/7.0/toolchain/arm/arm-gnu-toolchain/bin/../lib/gcc/arm-none-eabi/5.3.1/../../../../arm-none-eabi/lib/armv7e-m\libc.a(lib_a-writer.o)
 .debug_frame   0x00001e30       0x34 c:/program files (x86)/atmel/studio/7.0/toolchain/arm/arm-gnu-toolchain/bin/../lib/gcc/arm-none-eabi/5.3.1/../../../../arm-none-eabi/lib/armv7e-m\libc.a(lib_a-__atexit.o)
 .debug_frame   0x00001e64       0x2c c:/program files (x86)/atmel/studio/7.0/toolchain/arm/arm-gnu-toolchain/bin/../lib/gcc/arm-none-eabi/5.3.1/../../../../arm-none-eabi/lib/armv7e-m\libc.a(lib_a-closer.o)
 .debug_frame   0x00001e90       0x44 c:/program files (x86)/atmel/studio/7.0/toolchain/arm/arm-gnu-toolchain/bin/../lib/gcc/arm-none-eabi/5.3.1/../../../../arm-none-eabi/lib/armv7e-m\libc.a(lib_a-fclose.o)
 .debug_frame   0x00001ed4       0x2c c:/program files (x86)/atmel/studio/7.0/toolchain/arm/arm-gnu-toolchain/bin/../lib/gcc/arm-none-eabi/5.3.1/../../../../arm-none-eabi/lib/armv7e-m\libc.a(lib_a-fstatr.o)
 .debug_frame   0x00001f00       0x2c c:/program files (x86)/atmel/studio/7.0/toolchain/arm/arm-gnu-toolchain/bin/../lib/gcc/arm-none-eabi/5.3.1/../../../../arm-none-eabi/lib/armv7e-m\libc.a(lib_a-isattyr.o)
 .debug_frame   0x00001f2c       0x2c c:/program files (x86)/atmel/studio/7.0/toolchain/arm/arm-gnu-toolchain/bin/../lib/gcc/arm-none-eabi/5.3.1/../../../../arm-none-eabi/lib/armv7e-m\libc.a(lib_a-lseekr.o)
 .debug_frame   0x00001f58       0x2c c:/program files (x86)/atmel/studio/7.0/toolchain/arm/arm-gnu-toolchain/bin/../lib/gcc/arm-none-eabi/5.3.1/../../../../arm-none-eabi/lib/armv7e-m\libc.a(lib_a-readr.o)
 .debug_frame   0x00001f84       0x58 c:/program files (x86)/atmel/studio/7.0/toolchain/arm/arm-gnu-toolchain/bin/../lib/gcc/arm-none-eabi/5.3.1/../../../../arm-none-eabi/lib/armv7e-m\libc.a(lib_a-reent.o)
 .debug_frame   0x00001fdc       0x2c c:/program files (x86)/atmel/studio/7.0/toolchain/arm/arm-gnu-toolchain/bin/../lib/gcc/arm-none-eabi/5.3.1/armv7e-m\libgcc.a(_aeabi_uldivmod.o)
 .debug_frame   0x00002008       0x34 c:/program files (x86)/atmel/studio/7.0/toolchain/arm/arm-gnu-toolchain/bin/../lib/gcc/arm-none-eabi/5.3.1/armv7e-m\libgcc.a(_udivmoddi4.o)

Cross Reference Table

Symbol                                            File
ACC_Handler                                       src/ASF/sam/utils/cmsis/sam4s/source/templates/gcc/startup_sam4s.o
ADC_Handler                                       src/ASF/sam/utils/cmsis/sam4s/source/templates/gcc/startup_sam4s.o
BusFault_Handler                                  src/ASF/sam/utils/cmsis/sam4s/source/templates/gcc/startup_sam4s.o
CRCCU_Handler                                     src/ASF/sam/utils/cmsis/sam4s/source/templates/gcc/startup_sam4s.o
DACC_Handler                                      src/ASF/sam/utils/cmsis/sam4s/source/templates/gcc/startup_sam4s.o
DebugMon_Handler                                  src/ASF/sam/utils/cmsis/sam4s/source/templates/gcc/startup_sam4s.o
Dummy_Handler                                     src/ASF/sam/utils/cmsis/sam4s/source/templates/gcc/startup_sam4s.o
EFC0_Handler                                      src/ASF/sam/utils/cmsis/sam4s/source/templates/gcc/startup_sam4s.o
EFC1_Handler                                      src/ASF/sam/utils/cmsis/sam4s/source/templates/gcc/startup_sam4s.o
HSMCI_Handler                                     src/ASF/sam/utils/cmsis/sam4s/source/templates/gcc/startup_sam4s.o
HardFault_Handler                                 src/ASF/sam/utils/cmsis/sam4s/source/templates/gcc/startup_sam4s.o
LED_Off                                           src/ASF/sam/boards/sam4s_ek2/led.o
LED_On                                            src/ASF/sam/boards/sam4s_ek2/led.o
MemManage_Handler                                 src/ASF/sam/utils/cmsis/sam4s/source/templates/gcc/startup_sam4s.o
NMI_Handler                                       src/ASF/sam/utils/cmsis/sam4s/source/templates/gcc/startup_sam4s.o
PIOA_Handler                                      src/ASF/sam/drivers/pio/pio_handler.o
PIOB_Handler                                      src/ASF/sam/drivers/pio/pio_handler.o
PIOC_Handler                                      src/ASF/sam/drivers/pio/pio_handler.o
PMC_Handler                                       src/ASF/sam/utils/cmsis/sam4s/source/templates/gcc/startup_sam4s.o
PWM_Handler                                       src/ASF/sam/utils/cmsis/sam4s/source/templates/gcc/startup_sam4s.o
PendSV_Handler                                    src/ASF/sam/utils/cmsis/sam4s/source/templates/gcc/startup_sam4s.o
RSTC_Handler                                      src/ASF/sam/utils/cmsis/sam4s/source/templates/gcc/startup_sam4s.o
RTC_Handler                                       src/ASF/sam/utils/cmsis/sam4s/source/templates/gcc/startup_sam4s.o
RTT_Handler                                       src/ASF/sam/utils/cmsis/sam4s/source/templates/gcc/startup_sam4s.o
Reset_Handler                                     src/ASF/sam/utils/cmsis/sam4s/source/templates/gcc/startup_sam4s.o
SPI_Handler                                       src/ASF/sam/utils/cmsis/sam4s/source/templates/gcc/startup_sam4s.o
SSC_Handler                                       src/ASF/sam/utils/cmsis/sam4s/source/templates/gcc/startup_sam4s.o
SUPC_Handler                                      src/ASF/sam/utils/cmsis/sam4s/source/templates/gcc/startup_sam4s.o
SVC_Handler                                       src/ASF/sam/utils/cmsis/sam4s/source/templates/gcc/startup_sam4s.o
SysTick_Handler                                   src/ASF/sam/utils/cmsis/sam4s/source/templates/gcc/startup_sam4s.o
SystemCoreClock                                   src/ASF/sam/utils/cmsis/sam4s/source/templates/system_sam4s.o
SystemCoreClockUpdate                             src/ASF/sam/utils/cmsis/sam4s/source/templates/system_sam4s.o
                                                  src/ASF/common/services/clock/sam4s/sysclk.o
SystemInit                                        src/ASF/sam/utils/cmsis/sam4s/source/templates/system_sam4s.o
TC0_Handler                                       src/main.o
                                                  src/ASF/sam/utils/cmsis/sam4s/source/templates/gcc/startup_sam4s.o
TC1_Handler                                       src/ASF/sam/utils/cmsis/sam4s/source/templates/gcc/startup_sam4s.o
TC2_Handler                                       src/ASF/sam/utils/cmsis/sam4s/source/templates/gcc/startup_sam4s.o
TC3_Handler                                       src/ASF/sam/utils/cmsis/sam4s/source/templates/gcc/startup_sam4s.o
TC4_Handler                                       src/ASF/sam/utils/cmsis/sam4s/source/templates/gcc/startup_sam4s.o
TC5_Handler                                       src/ASF/sam/utils/cmsis/sam4s/source/templates/gcc/startup_sam4s.o
TWI0_Handler                                      src/ASF/sam/utils/cmsis/sam4s/source/templates/gcc/startup_sam4s.o
TWI1_Handler                                      src/ASF/sam/utils/cmsis/sam4s/source/templates/gcc/startup_sam4s.o
UART0_Handler                                     src/ASF/sam/utils/cmsis/sam4s/source/templates/gcc/startup_sam4s.o
UART1_Handler                                     src/ASF/sam/utils/cmsis/sam4s/source/templates/gcc/startup_sam4s.o
UDP_Handler                                       src/ASF/sam/utils/cmsis/sam4s/source/templates/gcc/startup_sam4s.o
USART0_Handler                                    src/ASF/sam/utils/cmsis/sam4s/source/templates/gcc/startup_sam4s.o
USART1_Handler                                    src/ASF/sam/utils/cmsis/sam4s/source/templates/gcc/startup_sam4s.o
UsageFault_Handler                                src/ASF/sam/utils/cmsis/sam4s/source/templates/gcc/startup_sam4s.o
WDT_Handler                                       src/ASF/sam/utils/cmsis/sam4s/source/templates/gcc/startup_sam4s.o
_Jv_RegisterClasses                               c:/program files (x86)/atmel/studio/7.0/toolchain/arm/arm-gnu-toolchain/bin/../lib/gcc/arm-none-eabi/5.3.1/armv7e-m/crtbegin.o
_PathLocale                                       c:/program files (x86)/atmel/studio/7.0/toolchain/arm/arm-gnu-toolchain/bin/../lib/gcc/arm-none-eabi/5.3.1/../../../../arm-none-eabi/lib/armv7e-m\libc.a(lib_a-locale.o)
__aeabi_idiv0                                     c:/program files (x86)/atmel/studio/7.0/toolchain/arm/arm-gnu-toolchain/bin/../lib/gcc/arm-none-eabi/5.3.1/armv7e-m\libgcc.a(_dvmd_tls.o)
__aeabi_ldiv0                                     c:/program files (x86)/atmel/studio/7.0/toolchain/arm/arm-gnu-toolchain/bin/../lib/gcc/arm-none-eabi/5.3.1/armv7e-m\libgcc.a(_dvmd_tls.o)
                                                  c:/program files (x86)/atmel/studio/7.0/toolchain/arm/arm-gnu-toolchain/bin/../lib/gcc/arm-none-eabi/5.3.1/armv7e-m\libgcc.a(_aeabi_uldivmod.o)
__aeabi_uldivmod                                  c:/program files (x86)/atmel/studio/7.0/toolchain/arm/arm-gnu-toolchain/bin/../lib/gcc/arm-none-eabi/5.3.1/armv7e-m\libgcc.a(_aeabi_uldivmod.o)
                                                  c:/program files (x86)/atmel/studio/7.0/toolchain/arm/arm-gnu-toolchain/bin/../lib/gcc/arm-none-eabi/5.3.1/../../../../arm-none-eabi/lib/armv7e-m\libc.a(lib_a-vfiprintf.o)
__ascii_wctomb                                    c:/program files (x86)/atmel/studio/7.0/toolchain/arm/arm-gnu-toolchain/bin/../lib/gcc/arm-none-eabi/5.3.1/../../../../arm-none-eabi/lib/armv7e-m\libc.a(lib_a-wctomb_r.o)
__bss_end__                                       c:/program files (x86)/atmel/studio/7.0/toolchain/arm/arm-gnu-toolchain/bin/../lib/gcc/arm-none-eabi/5.3.1/../../../../arm-none-eabi/lib/armv7e-m/crt0.o
__bss_start__                                     c:/program files (x86)/atmel/studio/7.0/toolchain/arm/arm-gnu-toolchain/bin/../lib/gcc/arm-none-eabi/5.3.1/../../../../arm-none-eabi/lib/armv7e-m/crt0.o
__call_exitprocs                                  c:/program files (x86)/atmel/studio/7.0/toolchain/arm/arm-gnu-toolchain/bin/../lib/gcc/arm-none-eabi/5.3.1/../../../../arm-none-eabi/lib/armv7e-m\libc.a(lib_a-__call_atexit.o)
                                                  c:/program files (x86)/atmel/studio/7.0/toolchain/arm/arm-gnu-toolchain/bin/../lib/gcc/arm-none-eabi/5.3.1/../../../../arm-none-eabi/lib/armv7e-m\libc.a(lib_a-exit.o)
__deregister_frame_info                           c:/program files (x86)/atmel/studio/7.0/toolchain/arm/arm-gnu-toolchain/bin/../lib/gcc/arm-none-eabi/5.3.1/armv7e-m/crtbegin.o
__dso_handle                                      c:/program files (x86)/atmel/studio/7.0/toolchain/arm/arm-gnu-toolchain/bin/../lib/gcc/arm-none-eabi/5.3.1/armv7e-m/crtbegin.o
__fini_array_end                                  c:/program files (x86)/atmel/studio/7.0/toolchain/arm/arm-gnu-toolchain/bin/../lib/gcc/arm-none-eabi/5.3.1/../../../../arm-none-eabi/lib/armv7e-m\libc.a(lib_a-fini.o)
__fini_array_start                                c:/program files (x86)/atmel/studio/7.0/toolchain/arm/arm-gnu-toolchain/bin/../lib/gcc/arm-none-eabi/5.3.1/../../../../arm-none-eabi/lib/armv7e-m\libc.a(lib_a-fini.o)
__fp_lock_all                                     c:/program files (x86)/atmel/studio/7.0/toolchain/arm/arm-gnu-toolchain/bin/../lib/gcc/arm-none-eabi/5.3.1/../../../../arm-none-eabi/lib/armv7e-m\libc.a(lib_a-findfp.o)
__fp_unlock_all                                   c:/program files (x86)/atmel/studio/7.0/toolchain/arm/arm-gnu-toolchain/bin/../lib/gcc/arm-none-eabi/5.3.1/../../../../arm-none-eabi/lib/armv7e-m\libc.a(lib_a-findfp.o)
__fputwc                                          c:/program files (x86)/atmel/studio/7.0/toolchain/arm/arm-gnu-toolchain/bin/../lib/gcc/arm-none-eabi/5.3.1/../../../../arm-none-eabi/lib/armv7e-m\libc.a(lib_a-fputwc.o)
__init_array_end                                  c:/program files (x86)/atmel/studio/7.0/toolchain/arm/arm-gnu-toolchain/bin/../lib/gcc/arm-none-eabi/5.3.1/../../../../arm-none-eabi/lib/armv7e-m\libc.a(lib_a-init.o)
__init_array_start                                c:/program files (x86)/atmel/studio/7.0/toolchain/arm/arm-gnu-toolchain/bin/../lib/gcc/arm-none-eabi/5.3.1/../../../../arm-none-eabi/lib/armv7e-m\libc.a(lib_a-init.o)
__libc_fini                                       c:/program files (x86)/atmel/studio/7.0/toolchain/arm/arm-gnu-toolchain/bin/../lib/gcc/arm-none-eabi/5.3.1/../../../../arm-none-eabi/lib/armv7e-m\libc.a(lib_a-__call_atexit.o)
__libc_fini_array                                 c:/program files (x86)/atmel/studio/7.0/toolchain/arm/arm-gnu-toolchain/bin/../lib/gcc/arm-none-eabi/5.3.1/../../../../arm-none-eabi/lib/armv7e-m\libc.a(lib_a-fini.o)
                                                  c:/program files (x86)/atmel/studio/7.0/toolchain/arm/arm-gnu-toolchain/bin/../lib/gcc/arm-none-eabi/5.3.1/../../../../arm-none-eabi/lib/armv7e-m\libc.a(lib_a-__call_atexit.o)
                                                  c:/program files (x86)/atmel/studio/7.0/toolchain/arm/arm-gnu-toolchain/bin/../lib/gcc/arm-none-eabi/5.3.1/../../../../arm-none-eabi/lib/armv7e-m/crt0.o
__libc_init_array                                 c:/program files (x86)/atmel/studio/7.0/toolchain/arm/arm-gnu-toolchain/bin/../lib/gcc/arm-none-eabi/5.3.1/../../../../arm-none-eabi/lib/armv7e-m\libc.a(lib_a-init.o)
                                                  src/ASF/sam/utils/cmsis/sam4s/source/templates/gcc/startup_sam4s.o
                                                  c:/program files (x86)/atmel/studio/7.0/toolchain/arm/arm-gnu-toolchain/bin/../lib/gcc/arm-none-eabi/5.3.1/../../../../arm-none-eabi/lib/armv7e-m/crt0.o
__locale_charset                                  c:/program files (x86)/atmel/studio/7.0/toolchain/arm/arm-gnu-toolchain/bin/../lib/gcc/arm-none-eabi/5.3.1/../../../../arm-none-eabi/lib/armv7e-m\libc.a(lib_a-locale.o)
                                                  c:/program files (x86)/atmel/studio/7.0/toolchain/arm/arm-gnu-toolchain/bin/../lib/gcc/arm-none-eabi/5.3.1/../../../../arm-none-eabi/lib/armv7e-m\libc.a(lib_a-wctomb_r.o)
                                                  c:/program files (x86)/atmel/studio/7.0/toolchain/arm/arm-gnu-toolchain/bin/../lib/gcc/arm-none-eabi/5.3.1/../../../../arm-none-eabi/lib/armv7e-m\libc.a(lib_a-wcrtomb.o)
__locale_cjk_lang                                 c:/program files (x86)/atmel/studio/7.0/toolchain/arm/arm-gnu-toolchain/bin/../lib/gcc/arm-none-eabi/5.3.1/../../../../arm-none-eabi/lib/armv7e-m\libc.a(lib_a-locale.o)
__locale_mb_cur_max                               c:/program files (x86)/atmel/studio/7.0/toolchain/arm/arm-gnu-toolchain/bin/../lib/gcc/arm-none-eabi/5.3.1/../../../../arm-none-eabi/lib/armv7e-m\libc.a(lib_a-locale.o)
                                                  c:/program files (x86)/atmel/studio/7.0/toolchain/arm/arm-gnu-toolchain/bin/../lib/gcc/arm-none-eabi/5.3.1/../../../../arm-none-eabi/lib/armv7e-m\libc.a(lib_a-fputwc.o)
__locale_msgcharset                               c:/program files (x86)/atmel/studio/7.0/toolchain/arm/arm-gnu-toolchain/bin/../lib/gcc/arm-none-eabi/5.3.1/../../../../arm-none-eabi/lib/armv7e-m\libc.a(lib_a-locale.o)
__malloc_av_                                      c:/program files (x86)/atmel/studio/7.0/toolchain/arm/arm-gnu-toolchain/bin/../lib/gcc/arm-none-eabi/5.3.1/../../../../arm-none-eabi/lib/armv7e-m\libc.a(lib_a-mallocr.o)
                                                  c:/program files (x86)/atmel/studio/7.0/toolchain/arm/arm-gnu-toolchain/bin/../lib/gcc/arm-none-eabi/5.3.1/../../../../arm-none-eabi/lib/armv7e-m\libc.a(lib_a-reallocr.o)